I0116 11:06:08.520630 139973552287744 make_examples_core.py:367] Task 0/8: 146023 candidates (85931 examples) [30.66s elapsed]
I0116 11:06:12.512363 139740115177472 make_examples_core.py:367] Task 5/8: 140008 candidates (81404 examples) [34.95s elapsed]
I0116 11:06:13.269681 140639462100992 make_examples_core.py:367] Task 2/8: 142020 candidates (82405 examples) [35.16s elapsed]
I0116 11:06:23.045503 140164982493184 make_examples_core.py:367] Task 3/8: 144122 candidates (84491 examples) [28.57s elapsed]
I0116 11:06:27.272084 139810517626880 make_examples_core.py:367] Task 7/8: 144006 candidates (83042 examples) [28.54s elapsed]
I0116 11:06:34.357545 139973552287744 make_examples_core.py:367] Task 0/8: 148066 candidates (86880 examples) [25.84s elapsed]
I0116 11:06:35.895920 140511434571776 make_examples_core.py:367] Task 6/8: 140116 candidates (80262 examples) [35.51s elapsed]
I0116 11:06:41.857255 139740115177472 make_examples_core.py:367] Task 5/8: 142110 candidates (82427 examples) [29.34s elapsed]
I0116 11:06:42.551189 140313907945472 make_examples_core.py:367] Task 4/8: 146141 candidates (85195 examples) [35.59s elapsed]
I0116 11:06:42.911779 140283420848128 make_examples_core.py:367] Task 1/8: 146056 candidates (86124 examples) [42.22s elapsed]
I0116 11:06:52.247893 140639462100992 make_examples_core.py:367] Task 2/8: 144030 candidates (83332 examples) [38.98s elapsed]
I0116 11:06:55.669089 140164982493184 make_examples_core.py:367] Task 3/8: 146034 candidates (85268 examples) [32.62s elapsed]
I0116 11:06:56.124194 139810517626880 make_examples_core.py:367] Task 7/8: 146011 candidates (84247 examples) [28.85s elapsed]
I0116 11:06:59.848055 140511434571776 make_examples_core.py:367] Task 6/8: 142004 candidates (80987 examples) [23.95s elapsed]
I0116 11:07:00.716748 139973552287744 make_examples_core.py:367] Task 0/8: 150048 candidates (87686 examples) [26.36s elapsed]
I0116 11:07:03.292300 139740115177472 make_examples_core.py:367] Task 5/8: 144013 candidates (83308 examples) [21.43s elapsed]
I0116 11:07:10.399338 140313907945472 make_examples_core.py:367] Task 4/8: 148070 candidates (86061 examples) [27.85s elapsed]
I0116 11:07:12.920658 140283420848128 make_examples_core.py:367] Task 1/8: 148053 candidates (87005 examples) [30.01s elapsed]
I0116 11:07:22.098642 140639462100992 make_examples_core.py:367] Task 2/8: 146045 candidates (84152 examples) [29.85s elapsed]
I0116 11:07:21.504633 140164982493184 make_examples_core.py:367] Task 3/8: 148054 candidates (86188 examples) [25.84s elapsed]
I0116 11:07:27.993511 139973552287744 make_examples_core.py:367] Task 0/8: 152080 candidates (88900 examples) [27.28s elapsed]
I0116 11:07:27.668229 140511434571776 make_examples_core.py:367] Task 6/8: 144043 candidates (82052 examples) [27.82s elapsed]
I0116 11:07:28.114934 139810517626880 make_examples_core.py:367] Task 7/8: 148063 candidates (85294 examples) [31.99s elapsed]
I0116 11:07:28.824434 139740115177472 make_examples_core.py:367] Task 5/8: 146073 candidates (84395 examples) [25.53s elapsed]
I0116 11:07:38.561329 140283420848128 make_examples_core.py:367] Task 1/8: 150066 candidates (87946 examples) [25.64s elapsed]
I0116 11:07:48.681900 140313907945472 make_examples_core.py:367] Task 4/8: 150000 candidates (87048 examples) [38.28s elapsed]
I0116 11:07:47.990185 140164982493184 make_examples_core.py:367] Task 3/8: 150033 candidates (87166 examples) [26.49s elapsed]
I0116 11:07:51.107527 140639462100992 make_examples_core.py:367] Task 2/8: 148003 candidates (85298 examples) [29.01s elapsed]
I0116 11:07:51.426528 140511434571776 make_examples_core.py:367] Task 6/8: 146008 candidates (83023 examples) [23.76s elapsed]
I0116 11:07:52.397599 139740115177472 make_examples_core.py:367] Task 5/8: 148013 candidates (85311 examples) [23.57s elapsed]
I0116 11:07:55.133658 139810517626880 make_examples_core.py:367] Task 7/8: 150129 candidates (86260 examples) [27.02s elapsed]
I0116 11:07:59.873539 139973552287744 make_examples_core.py:367] Task 0/8: 154018 candidates (89836 examples) [31.88s elapsed]
I0116 11:08:05.835433 140283420848128 make_examples_core.py:367] Task 1/8: 152057 candidates (88734 examples) [27.27s elapsed]
I0116 11:08:15.674774 140164982493184 make_examples_core.py:367] Task 3/8: 152065 candidates (88194 examples) [27.68s elapsed]
I0116 11:08:18.302261 139740115177472 make_examples_core.py:367] Task 5/8: 150026 candidates (86277 examples) [25.90s elapsed]
I0116 11:08:20.898080 140639462100992 make_examples_core.py:367] Task 2/8: 150071 candidates (86218 examples) [29.79s elapsed]
I0116 11:08:22.181723 140313907945472 make_examples_core.py:367] Task 4/8: 152013 candidates (88102 examples) [33.50s elapsed]
I0116 11:08:24.485642 139973552287744 make_examples_core.py:367] Task 0/8: 156002 candidates (90995 examples) [24.61s elapsed]
I0116 11:08:30.431897 139810517626880 make_examples_core.py:367] Task 7/8: 152099 candidates (87337 examples) [35.30s elapsed]
I0116 11:08:33.860733 140283420848128 make_examples_core.py:367] Task 1/8: 154044 candidates (89711 examples) [28.03s elapsed]
I0116 11:08:34.844811 140511434571776 make_examples_core.py:367] Task 6/8: 148056 candidates (84029 examples) [43.42s elapsed]
I0116 11:08:45.784133 140164982493184 make_examples_core.py:367] Task 3/8: 154021 candidates (89331 examples) [30.11s elapsed]
I0116 11:08:48.066818 139740115177472 make_examples_core.py:367] Task 5/8: 152033 candidates (87117 examples) [29.76s elapsed]
I0116 11:08:49.346761 140639462100992 make_examples_core.py:367] Task 2/8: 152021 candidates (87100 examples) [28.45s elapsed]
I0116 11:08:52.266060 140313907945472 make_examples_core.py:367] Task 4/8: 154009 candidates (89233 examples) [30.08s elapsed]
I0116 11:08:56.079926 139973552287744 make_examples_core.py:367] Task 0/8: 158070 candidates (92109 examples) [31.59s elapsed]
I0116 11:09:01.409214 139810517626880 make_examples_core.py:367] Task 7/8: 154012 candidates (88182 examples) [30.98s elapsed]
I0116 11:09:03.434101 140511434571776 make_examples_core.py:367] Task 6/8: 150030 candidates (84992 examples) [28.59s elapsed]
I0116 11:09:08.628317 140283420848128 make_examples_core.py:367] Task 1/8: 156141 candidates (90623 examples) [34.77s elapsed]
I0116 11:09:13.877897 139740115177472 make_examples_core.py:367] Task 5/8: 154023 candidates (88205 examples) [25.81s elapsed]
I0116 11:09:15.118109 140164982493184 make_examples_core.py:367] Task 3/8: 156048 candidates (90528 examples) [29.33s elapsed]
I0116 11:09:15.675428 140639462100992 make_examples_core.py:367] Task 2/8: 154000 candidates (87997 examples) [26.33s elapsed]
I0116 11:09:17.857205 140313907945472 make_examples_core.py:367] Task 4/8: 156016 candidates (90227 examples) [25.59s elapsed]
I0116 11:09:25.636993 139810517626880 make_examples_core.py:367] Task 7/8: 156021 candidates (89323 examples) [24.23s elapsed]
I0116 11:09:31.347110 139973552287744 make_examples_core.py:367] Task 0/8: 160133 candidates (93301 examples) [35.27s elapsed]
I0116 11:09:34.543778 140283420848128 make_examples_core.py:367] Task 1/8: 158086 candidates (91680 examples) [25.92s elapsed]
I0116 11:09:40.774585 140639462100992 make_examples_core.py:367] Task 2/8: 156018 candidates (89100 examples) [25.10s elapsed]
I0116 11:09:41.624841 140511434571776 make_examples_core.py:367] Task 6/8: 152005 candidates (85937 examples) [38.19s elapsed]
I0116 11:09:45.523215 140313907945472 make_examples_core.py:367] Task 4/8: 158069 candidates (91395 examples) [27.67s elapsed]
I0116 11:09:47.110164 139740115177472 make_examples_core.py:367] Task 5/8: 156107 candidates (89214 examples) [33.23s elapsed]
I0116 11:09:47.553792 140164982493184 make_examples_core.py:367] Task 3/8: 158020 candidates (91548 examples) [32.44s elapsed]
I0116 11:09:52.739097 139810517626880 make_examples_core.py:367] Task 7/8: 158019 candidates (90203 examples) [27.10s elapsed]
I0116 11:09:57.048657 140283420848128 make_examples_core.py:367] Task 1/8: 160032 candidates (92591 examples) [22.50s elapsed]
I0116 11:09:59.982650 139973552287744 make_examples_core.py:367] Task 0/8: 162018 candidates (94170 examples) [28.64s elapsed]
I0116 11:10:08.317195 140511434571776 make_examples_core.py:367] Task 6/8: 154031 candidates (86892 examples) [26.69s elapsed]
I0116 11:10:09.345269 140639462100992 make_examples_core.py:367] Task 2/8: 158022 candidates (90127 examples) [28.57s elapsed]
I0116 11:10:14.702062 139740115177472 make_examples_core.py:367] Task 5/8: 158035 candidates (90216 examples) [27.59s elapsed]
I0116 11:10:16.400385 140313907945472 make_examples_core.py:367] Task 4/8: 160036 candidates (92415 examples) [30.88s elapsed]
I0116 11:10:17.100311 140164982493184 make_examples_core.py:367] Task 3/8: 160003 candidates (92891 examples) [29.55s elapsed]
I0116 11:10:20.497117 139810517626880 make_examples_core.py:367] Task 7/8: 160002 candidates (91312 examples) [27.76s elapsed]
I0116 11:10:21.966333 140283420848128 make_examples_core.py:367] Task 1/8: 162043 candidates (93618 examples) [24.92s elapsed]
I0116 11:10:30.633460 139973552287744 make_examples_core.py:367] Task 0/8: 164049 candidates (95168 examples) [30.65s elapsed]
I0116 11:10:39.597999 140639462100992 make_examples_core.py:367] Task 2/8: 160145 candidates (91401 examples) [30.25s elapsed]
I0116 11:10:42.358880 139740115177472 make_examples_core.py:367] Task 5/8: 160004 candidates (91239 examples) [27.66s elapsed]
I0116 11:10:46.433207 140164982493184 make_examples_core.py:367] Task 3/8: 162014 candidates (93890 examples) [29.33s elapsed]
I0116 11:10:47.662425 140511434571776 make_examples_core.py:367] Task 6/8: 156016 candidates (88140 examples) [39.34s elapsed]
I0116 11:10:49.105866 140283420848128 make_examples_core.py:367] Task 1/8: 164065 candidates (94912 examples) [27.14s elapsed]
I0116 11:10:50.251163 139810517626880 make_examples_core.py:367] Task 7/8: 162153 candidates (92343 examples) [29.75s elapsed]
I0116 11:10:52.754859 140313907945472 make_examples_core.py:367] Task 4/8: 162007 candidates (93608 examples) [36.35s elapsed]
I0116 11:11:01.122719 139973552287744 make_examples_core.py:367] Task 0/8: 166000 candidates (96212 examples) [30.49s elapsed]
I0116 11:11:06.684700 140639462100992 make_examples_core.py:367] Task 2/8: 162018 candidates (92279 examples) [27.09s elapsed]
I0116 11:11:13.596657 139740115177472 make_examples_core.py:367] Task 5/8: 162003 candidates (92284 examples) [31.24s elapsed]
I0116 11:11:14.276647 140164982493184 make_examples_core.py:367] Task 3/8: 164090 candidates (94942 examples) [27.84s elapsed]
I0116 11:11:16.173602 140511434571776 make_examples_core.py:367] Task 6/8: 158040 candidates (89340 examples) [28.51s elapsed]
I0116 11:11:16.113424 139810517626880 make_examples_core.py:367] Task 7/8: 164067 candidates (93246 examples) [25.86s elapsed]
I0116 11:11:16.332065 140283420848128 make_examples_core.py:367] Task 1/8: 166029 candidates (95836 examples) [27.23s elapsed]
I0116 11:11:22.961287 140313907945472 make_examples_core.py:367] Task 4/8: 164021 candidates (94808 examples) [30.21s elapsed]
I0116 11:11:28.159535 139973552287744 make_examples_core.py:367] Task 0/8: 168075 candidates (97231 examples) [27.04s elapsed]
I0116 11:11:31.197628 140639462100992 make_examples_core.py:367] Task 2/8: 164035 candidates (93370 examples) [24.51s elapsed]
I0116 11:11:38.894590 140164982493184 make_examples_core.py:367] Task 3/8: 166008 candidates (95715 examples) [24.62s elapsed]
I0116 11:11:41.747131 140511434571776 make_examples_core.py:367] Task 6/8: 160084 candidates (90420 examples) [25.57s elapsed]
I0116 11:11:42.941361 139740115177472 make_examples_core.py:367] Task 5/8: 164032 candidates (93456 examples) [29.34s elapsed]
I0116 11:11:43.577665 140283420848128 make_examples_core.py:367] Task 1/8: 168085 candidates (96708 examples) [27.25s elapsed]
I0116 11:11:47.133394 139810517626880 make_examples_core.py:367] Task 7/8: 166093 candidates (94223 examples) [31.02s elapsed]
I0116 11:11:53.183087 140313907945472 make_examples_core.py:367] Task 4/8: 166021 candidates (95662 examples) [30.22s elapsed]
I0116 11:11:54.004432 139973552287744 make_examples_core.py:367] Task 0/8: 170029 candidates (98149 examples) [25.84s elapsed]
I0116 11:12:00.375304 140639462100992 make_examples_core.py:367] Task 2/8: 166065 candidates (94405 examples) [29.18s elapsed]
I0116 11:12:03.393863 140164982493184 make_examples_core.py:367] Task 3/8: 168123 candidates (96766 examples) [24.50s elapsed]
I0116 11:12:10.711821 140511434571776 make_examples_core.py:367] Task 6/8: 162130 candidates (91529 examples) [28.96s elapsed]
I0116 11:12:14.039556 140283420848128 make_examples_core.py:367] Task 1/8: 170218 candidates (97648 examples) [30.46s elapsed]
I0116 11:12:15.058918 139740115177472 make_examples_core.py:367] Task 5/8: 166000 candidates (94450 examples) [32.12s elapsed]
I0116 11:12:16.058295 139810517626880 make_examples_core.py:367] Task 7/8: 168092 candidates (95109 examples) [28.92s elapsed]
I0116 11:12:16.654102 139973552287744 make_examples_core.py:367] Task 0/8: 172008 candidates (99069 examples) [22.65s elapsed]
I0116 11:12:22.742905 140313907945472 make_examples_core.py:367] Task 4/8: 168005 candidates (96534 examples) [29.56s elapsed]
I0116 11:12:26.997151 140164982493184 make_examples_core.py:367] Task 3/8: 170032 candidates (97811 examples) [23.60s elapsed]
I0116 11:12:28.025050 140639462100992 make_examples_core.py:367] Task 2/8: 168063 candidates (95294 examples) [27.65s elapsed]
I0116 11:12:35.126652 140283420848128 make_examples_core.py:367] Task 1/8: 172029 candidates (98589 examples) [21.09s elapsed]
I0116 11:12:43.089475 139740115177472 make_examples_core.py:367] Task 5/8: 168013 candidates (95471 examples) [28.03s elapsed]
I0116 11:12:43.275520 139973552287744 make_examples_core.py:367] Task 0/8: 174103 candidates (100249 examples) [26.62s elapsed]
I0116 11:12:45.088279 140511434571776 make_examples_core.py:367] Task 6/8: 164018 candidates (92507 examples) [34.38s elapsed]
I0116 11:12:53.805367 140313907945472 make_examples_core.py:367] Task 4/8: 170032 candidates (97475 examples) [31.06s elapsed]
I0116 11:12:53.623591 140639462100992 make_examples_core.py:367] Task 2/8: 170001 candidates (96260 examples) [25.60s elapsed]
I0116 11:12:53.746213 139810517626880 make_examples_core.py:367] Task 7/8: 170046 candidates (96130 examples) [37.69s elapsed]
I0116 11:12:54.042224 140164982493184 make_examples_core.py:367] Task 3/8: 172064 candidates (98894 examples) [27.04s elapsed]
I0116 11:13:06.878798 140283420848128 make_examples_core.py:367] Task 1/8: 174033 candidates (99545 examples) [31.75s elapsed]
I0116 11:13:12.759673 140511434571776 make_examples_core.py:367] Task 6/8: 166081 candidates (93647 examples) [27.67s elapsed]
I0116 11:13:13.460674 139973552287744 make_examples_core.py:367] Task 0/8: 176235 candidates (101198 examples) [30.18s elapsed]
I0116 11:13:17.075732 139740115177472 make_examples_core.py:367] Task 5/8: 170039 candidates (96581 examples) [33.99s elapsed]
I0116 11:13:20.031734 140639462100992 make_examples_core.py:367] Task 2/8: 172048 candidates (97095 examples) [26.41s elapsed]
I0116 11:13:20.673961 140313907945472 make_examples_core.py:367] Task 4/8: 172057 candidates (98459 examples) [26.87s elapsed]
I0116 11:13:23.333477 140164982493184 make_examples_core.py:367] Task 3/8: 174027 candidates (99963 examples) [29.29s elapsed]
I0116 11:13:24.495358 139810517626880 make_examples_core.py:367] Task 7/8: 172043 candidates (97192 examples) [30.75s elapsed]
I0116 11:13:31.969755 140283420848128 make_examples_core.py:367] Task 1/8: 176027 candidates (100666 examples) [25.09s elapsed]
I0116 11:13:40.901668 139740115177472 make_examples_core.py:367] Task 5/8: 172062 candidates (97502 examples) [23.83s elapsed]
I0116 11:13:41.073188 139973552287744 make_examples_core.py:367] Task 0/8: 178074 candidates (102173 examples) [27.61s elapsed]
I0116 11:13:41.050945 140511434571776 make_examples_core.py:367] Task 6/8: 168057 candidates (94464 examples) [28.29s elapsed]
I0116 11:13:48.467502 140313907945472 make_examples_core.py:367] Task 4/8: 174066 candidates (99411 examples) [27.79s elapsed]
I0116 11:13:48.466167 140639462100992 make_examples_core.py:367] Task 2/8: 174161 candidates (97987 examples) [28.43s elapsed]
I0116 11:13:50.207062 140164982493184 make_examples_core.py:367] Task 3/8: 176057 candidates (101068 examples) [26.87s elapsed]
I0116 11:13:51.335421 139810517626880 make_examples_core.py:367] Task 7/8: 174061 candidates (98108 examples) [26.84s elapsed]
I0116 11:14:04.026120 139973552287744 make_examples_core.py:367] Task 0/8: 180037 candidates (103196 examples) [22.95s elapsed]
I0116 11:14:06.920794 140283420848128 make_examples_core.py:367] Task 1/8: 178102 candidates (101583 examples) [34.95s elapsed]
I0116 11:14:06.782639 140511434571776 make_examples_core.py:367] Task 6/8: 170007 candidates (95359 examples) [25.73s elapsed]
I0116 11:14:08.200942 139740115177472 make_examples_core.py:367] Task 5/8: 174102 candidates (98438 examples) [27.30s elapsed]
I0116 11:14:11.006702 140639462100992 make_examples_core.py:367] Task 2/8: 176164 candidates (99168 examples) [22.54s elapsed]
I0116 11:14:11.750636 140313907945472 make_examples_core.py:367] Task 4/8: 176072 candidates (100278 examples) [23.28s elapsed]
I0116 11:14:18.243935 140164982493184 make_examples_core.py:367] Task 3/8: 178006 candidates (102059 examples) [28.04s elapsed]
I0116 11:14:20.456898 139810517626880 make_examples_core.py:367] Task 7/8: 176101 candidates (99139 examples) [29.12s elapsed]
I0116 11:14:28.229457 139973552287744 make_examples_core.py:367] Task 0/8: 182082 candidates (104260 examples) [24.20s elapsed]
I0116 11:14:31.803762 139740115177472 make_examples_core.py:367] Task 5/8: 176081 candidates (99466 examples) [23.60s elapsed]
I0116 11:14:35.076842 140639462100992 make_examples_core.py:367] Task 2/8: 178009 candidates (100209 examples) [24.07s elapsed]
I0116 11:14:36.073896 140313907945472 make_examples_core.py:367] Task 4/8: 178002 candidates (101296 examples) [24.32s elapsed]
I0116 11:14:35.823749 140511434571776 make_examples_core.py:367] Task 6/8: 172049 candidates (96341 examples) [29.04s elapsed]
I0116 11:14:38.498496 140283420848128 make_examples_core.py:367] Task 1/8: 180085 candidates (102661 examples) [31.58s elapsed]
I0116 11:14:44.611698 140164982493184 make_examples_core.py:367] Task 3/8: 180024 candidates (103266 examples) [26.37s elapsed]
I0116 11:14:45.269916 139810517626880 make_examples_core.py:367] Task 7/8: 178023 candidates (100094 examples) [24.81s elapsed]
I0116 11:14:50.682308 139973552287744 make_examples_core.py:367] Task 0/8: 184019 candidates (105418 examples) [22.45s elapsed]
I0116 11:14:58.253604 139740115177472 make_examples_core.py:367] Task 5/8: 178036 candidates (100417 examples) [26.45s elapsed]
I0116 11:15:00.008977 140639462100992 make_examples_core.py:367] Task 2/8: 180065 candidates (101176 examples) [24.93s elapsed]
I0116 11:15:02.594230 140313907945472 make_examples_core.py:367] Task 4/8: 180010 candidates (102392 examples) [26.52s elapsed]
I0116 11:15:04.383274 140511434571776 make_examples_core.py:367] Task 6/8: 174068 candidates (97371 examples) [28.56s elapsed]
I0116 11:15:05.524833 140283420848128 make_examples_core.py:367] Task 1/8: 182099 candidates (103748 examples) [27.03s elapsed]
I0116 11:15:10.539450 139810517626880 make_examples_core.py:367] Task 7/8: 180025 candidates (101066 examples) [25.27s elapsed]
I0116 11:15:15.957302 140164982493184 make_examples_core.py:367] Task 3/8: 182062 candidates (104448 examples) [31.35s elapsed]
I0116 11:15:24.504211 139740115177472 make_examples_core.py:367] Task 5/8: 180072 candidates (101507 examples) [26.25s elapsed]
I0116 11:15:25.854718 140313907945472 make_examples_core.py:367] Task 4/8: 182090 candidates (103462 examples) [23.26s elapsed]
I0116 11:15:26.091383 139973552287744 make_examples_core.py:367] Task 0/8: 186030 candidates (106478 examples) [35.41s elapsed]
I0116 11:15:28.686490 140283420848128 make_examples_core.py:367] Task 1/8: 184029 candidates (104702 examples) [23.16s elapsed]
I0116 11:15:30.241993 140639462100992 make_examples_core.py:367] Task 2/8: 182189 candidates (102420 examples) [30.23s elapsed]
I0116 11:15:33.406749 139810517626880 make_examples_core.py:367] Task 7/8: 182044 candidates (102194 examples) [22.87s elapsed]
I0116 11:15:33.968638 140511434571776 make_examples_core.py:367] Task 6/8: 176004 candidates (98349 examples) [29.59s elapsed]
I0116 11:15:39.909225 140164982493184 make_examples_core.py:367] Task 3/8: 184003 candidates (105486 examples) [23.95s elapsed]
I0116 11:15:49.249455 140283420848128 make_examples_core.py:367] Task 1/8: 186041 candidates (105671 examples) [20.56s elapsed]
I0116 11:15:56.901078 140639462100992 make_examples_core.py:367] Task 2/8: 184012 candidates (103226 examples) [26.66s elapsed]
I0116 11:15:57.749436 139973552287744 make_examples_core.py:367] Task 0/8: 188084 candidates (107687 examples) [31.66s elapsed]
I0116 11:15:58.655450 140313907945472 make_examples_core.py:367] Task 4/8: 184041 candidates (104488 examples) [32.80s elapsed]
I0116 11:16:03.159223 139740115177472 make_examples_core.py:367] Task 5/8: 182041 candidates (102493 examples) [38.65s elapsed]
I0116 11:16:04.130161 140511434571776 make_examples_core.py:367] Task 6/8: 178054 candidates (99530 examples) [30.16s elapsed]
I0116 11:16:04.887228 139810517626880 make_examples_core.py:367] Task 7/8: 184005 candidates (103303 examples) [31.48s elapsed]
I0116 11:16:09.539683 140164982493184 make_examples_core.py:367] Task 3/8: 186017 candidates (106593 examples) [29.63s elapsed]
I0116 11:16:11.596927 140283420848128 make_examples_core.py:367] Task 1/8: 188019 candidates (106699 examples) [22.35s elapsed]
I0116 11:16:21.446276 140639462100992 make_examples_core.py:367] Task 2/8: 186158 candidates (104376 examples) [24.54s elapsed]
I0116 11:16:23.747424 140313907945472 make_examples_core.py:367] Task 4/8: 186008 candidates (105541 examples) [25.09s elapsed]
I0116 11:16:26.958375 139973552287744 make_examples_core.py:367] Task 0/8: 190061 candidates (108394 examples) [29.21s elapsed]
I0116 11:16:31.206899 140511434571776 make_examples_core.py:367] Task 6/8: 180110 candidates (100645 examples) [27.08s elapsed]
I0116 11:16:33.157221 139810517626880 make_examples_core.py:367] Task 7/8: 186020 candidates (104601 examples) [28.27s elapsed]
I0116 11:16:35.986132 140164982493184 make_examples_core.py:367] Task 3/8: 188058 candidates (107459 examples) [26.45s elapsed]
I0116 11:16:36.599221 139740115177472 make_examples_core.py:367] Task 5/8: 184136 candidates (103678 examples) [33.44s elapsed]
I0116 11:16:44.781155 140283420848128 make_examples_core.py:367] Task 1/8: 190136 candidates (107712 examples) [33.18s elapsed]
I0116 11:16:48.797630 140313907945472 make_examples_core.py:367] Task 4/8: 188014 candidates (106668 examples) [25.05s elapsed]
I0116 11:16:49.332235 140639462100992 make_examples_core.py:367] Task 2/8: 188090 candidates (105291 examples) [27.89s elapsed]
I0116 11:16:53.835524 139973552287744 make_examples_core.py:367] Task 0/8: 192045 candidates (109233 examples) [26.88s elapsed]
I0116 11:16:54.446108 140511434571776 make_examples_core.py:367] Task 6/8: 182022 candidates (101566 examples) [23.24s elapsed]
I0116 11:17:00.594371 140164982493184 make_examples_core.py:367] Task 3/8: 190090 candidates (108449 examples) [24.61s elapsed]
I0116 11:17:02.447259 139740115177472 make_examples_core.py:367] Task 5/8: 186041 candidates (104801 examples) [25.85s elapsed]
I0116 11:17:03.556120 139810517626880 make_examples_core.py:367] Task 7/8: 188001 candidates (105621 examples) [30.40s elapsed]
I0116 11:17:13.785215 140283420848128 make_examples_core.py:367] Task 1/8: 192061 candidates (108560 examples) [29.00s elapsed]
I0116 11:17:17.914293 140511434571776 make_examples_core.py:367] Task 6/8: 184036 candidates (102366 examples) [23.47s elapsed]
I0116 11:17:18.780307 140313907945472 make_examples_core.py:367] Task 4/8: 190019 candidates (107563 examples) [29.98s elapsed]
I0116 11:17:20.681071 140639462100992 make_examples_core.py:367] Task 2/8: 190128 candidates (106555 examples) [31.35s elapsed]
I0116 11:17:25.058572 140164982493184 make_examples_core.py:367] Task 3/8: 192029 candidates (109354 examples) [24.46s elapsed]
I0116 11:17:29.664014 139973552287744 make_examples_core.py:367] Task 0/8: 194070 candidates (110168 examples) [35.83s elapsed]
I0116 11:17:38.138212 139810517626880 make_examples_core.py:367] Task 7/8: 190087 candidates (106667 examples) [34.58s elapsed]
I0116 11:17:42.729304 140283420848128 make_examples_core.py:367] Task 1/8: 194029 candidates (109599 examples) [28.94s elapsed]
I0116 11:17:43.098194 140313907945472 make_examples_core.py:367] Task 4/8: 192094 candidates (108512 examples) [24.32s elapsed]
I0116 11:17:43.029845 140639462100992 make_examples_core.py:367] Task 2/8: 192048 candidates (107489 examples) [22.35s elapsed]
I0116 11:17:44.215402 140511434571776 make_examples_core.py:367] Task 6/8: 186033 candidates (103529 examples) [26.30s elapsed]
I0116 11:17:45.460178 139740115177472 make_examples_core.py:367] Task 5/8: 188006 candidates (105901 examples) [43.01s elapsed]
I0116 11:17:57.399548 139973552287744 make_examples_core.py:367] Task 0/8: 196003 candidates (110990 examples) [27.74s elapsed]
I0116 11:18:02.139060 139810517626880 make_examples_core.py:367] Task 7/8: 192081 candidates (107618 examples) [24.00s elapsed]
I0116 11:18:09.587658 140639462100992 make_examples_core.py:367] Task 2/8: 194132 candidates (108461 examples) [26.56s elapsed]
I0116 11:18:11.770335 139740115177472 make_examples_core.py:367] Task 5/8: 190041 candidates (106925 examples) [26.31s elapsed]
I0116 11:18:16.033854 140164982493184 make_examples_core.py:367] Task 3/8: 194011 candidates (110323 examples) [50.97s elapsed]
I0116 11:18:17.990915 140313907945472 make_examples_core.py:367] Task 4/8: 194026 candidates (109651 examples) [34.89s elapsed]
I0116 11:18:17.615080 140283420848128 make_examples_core.py:367] Task 1/8: 196002 candidates (110507 examples) [34.89s elapsed]
I0116 11:18:24.788033 139973552287744 make_examples_core.py:367] Task 0/8: 198007 candidates (111985 examples) [27.39s elapsed]
I0116 11:18:32.490477 139810517626880 make_examples_core.py:367] Task 7/8: 194086 candidates (108538 examples) [30.35s elapsed]
I0116 11:18:33.432098 140511434571776 make_examples_core.py:367] Task 6/8: 188087 candidates (104458 examples) [49.22s elapsed]
I0116 11:18:37.317573 140639462100992 make_examples_core.py:367] Task 2/8: 196003 candidates (109278 examples) [27.73s elapsed]
I0116 11:18:38.256404 139740115177472 make_examples_core.py:367] Task 5/8: 192065 candidates (107770 examples) [26.49s elapsed]
I0116 11:18:42.950577 140164982493184 make_examples_core.py:367] Task 3/8: 196065 candidates (111378 examples) [26.92s elapsed]
I0116 11:18:47.271481 140283420848128 make_examples_core.py:367] Task 1/8: 198084 candidates (111490 examples) [29.66s elapsed]
I0116 11:18:56.121757 140313907945472 make_examples_core.py:367] Task 4/8: 196035 candidates (110675 examples) [38.13s elapsed]
I0116 11:18:56.234498 139973552287744 make_examples_core.py:367] Task 0/8: 200013 candidates (113069 examples) [31.45s elapsed]
I0116 11:18:57.866927 139810517626880 make_examples_core.py:367] Task 7/8: 196025 candidates (109473 examples) [25.38s elapsed]
I0116 11:19:04.431456 140511434571776 make_examples_core.py:367] Task 6/8: 190049 candidates (105445 examples) [31.00s elapsed]
I0116 11:19:06.676794 140639462100992 make_examples_core.py:367] Task 2/8: 198018 candidates (110392 examples) [29.36s elapsed]
I0116 11:19:09.136147 140164982493184 make_examples_core.py:367] Task 3/8: 198093 candidates (112140 examples) [26.19s elapsed]
I0116 11:19:10.071954 139740115177472 make_examples_core.py:367] Task 5/8: 194129 candidates (108710 examples) [31.82s elapsed]
I0116 11:19:14.114361 140283420848128 make_examples_core.py:367] Task 1/8: 200094 candidates (112448 examples) [26.84s elapsed]
I0116 11:19:30.411085 140313907945472 make_examples_core.py:367] Task 4/8: 198001 candidates (111630 examples) [34.29s elapsed]
I0116 11:19:34.429533 139810517626880 make_examples_core.py:367] Task 7/8: 198087 candidates (110598 examples) [36.56s elapsed]
I0116 11:19:35.425834 140164982493184 make_examples_core.py:367] Task 3/8: 200026 candidates (112953 examples) [26.29s elapsed]
I0116 11:19:36.127784 140639462100992 make_examples_core.py:367] Task 2/8: 200007 candidates (111413 examples) [29.45s elapsed]
I0116 11:19:37.769439 139973552287744 make_examples_core.py:367] Task 0/8: 202017 candidates (114123 examples) [41.53s elapsed]
I0116 11:19:38.629839 140511434571776 make_examples_core.py:367] Task 6/8: 192002 candidates (106372 examples) [34.20s elapsed]
I0116 11:19:41.910920 140283420848128 make_examples_core.py:367] Task 1/8: 202144 candidates (113468 examples) [27.80s elapsed]
I0116 11:19:52.228952 139740115177472 make_examples_core.py:367] Task 5/8: 196029 candidates (109438 examples) [42.16s elapsed]
I0116 11:19:58.223312 140164982493184 make_examples_core.py:367] Task 3/8: 202006 candidates (113795 examples) [22.80s elapsed]
I0116 11:19:59.968225 139810517626880 make_examples_core.py:367] Task 7/8: 200061 candidates (111331 examples) [25.54s elapsed]
I0116 11:20:05.960595 139973552287744 make_examples_core.py:367] Task 0/8: 204037 candidates (115090 examples) [28.19s elapsed]
I0116 11:20:08.259545 140283420848128 make_examples_core.py:367] Task 1/8: 204024 candidates (114512 examples) [26.35s elapsed]
I0116 11:20:14.340748 140639462100992 make_examples_core.py:367] Task 2/8: 202015 candidates (112272 examples) [38.21s elapsed]
I0116 11:20:14.673639 140511434571776 make_examples_core.py:367] Task 6/8: 194017 candidates (107288 examples) [36.04s elapsed]
I0116 11:20:15.570489 140313907945472 make_examples_core.py:367] Task 4/8: 200198 candidates (112729 examples) [45.16s elapsed]
I0116 11:20:17.480369 139740115177472 make_examples_core.py:367] Task 5/8: 198000 candidates (110386 examples) [25.25s elapsed]
I0116 11:20:24.648917 140164982493184 make_examples_core.py:367] Task 3/8: 204025 candidates (114445 examples) [26.43s elapsed]
I0116 11:20:28.671154 139810517626880 make_examples_core.py:367] Task 7/8: 202048 candidates (112486 examples) [28.70s elapsed]
I0116 11:20:39.125991 140283420848128 make_examples_core.py:367] Task 1/8: 206002 candidates (115367 examples) [30.87s elapsed]
I0116 11:20:39.708753 139973552287744 make_examples_core.py:367] Task 0/8: 206022 candidates (116148 examples) [33.75s elapsed]
I0116 11:20:40.799711 140313907945472 make_examples_core.py:367] Task 4/8: 202032 candidates (113531 examples) [25.23s elapsed]
I0116 11:20:46.433745 140639462100992 make_examples_core.py:367] Task 2/8: 204017 candidates (113320 examples) [32.09s elapsed]
I0116 11:20:49.968864 140511434571776 make_examples_core.py:367] Task 6/8: 196058 candidates (108160 examples) [35.29s elapsed]
I0116 11:20:54.148820 140164982493184 make_examples_core.py:367] Task 3/8: 206046 candidates (115201 examples) [29.50s elapsed]
I0116 11:20:56.647651 139740115177472 make_examples_core.py:367] Task 5/8: 200149 candidates (111545 examples) [39.17s elapsed]
I0116 11:21:01.519068 139810517626880 make_examples_core.py:367] Task 7/8: 204045 candidates (113367 examples) [32.85s elapsed]
I0116 11:21:06.683166 140283420848128 make_examples_core.py:367] Task 1/8: 208050 candidates (116474 examples) [27.56s elapsed]
I0116 11:21:06.439240 139973552287744 make_examples_core.py:367] Task 0/8: 208001 candidates (117090 examples) [26.73s elapsed]
I0116 11:21:17.208170 140511434571776 make_examples_core.py:367] Task 6/8: 198044 candidates (109123 examples) [27.24s elapsed]
I0116 11:21:18.764351 140313907945472 make_examples_core.py:367] Task 4/8: 204028 candidates (114474 examples) [37.96s elapsed]
I0116 11:21:18.981249 140639462100992 make_examples_core.py:367] Task 2/8: 206018 candidates (114284 examples) [32.55s elapsed]
I0116 11:21:23.075201 140164982493184 make_examples_core.py:367] Task 3/8: 208081 candidates (116261 examples) [28.93s elapsed]
I0116 11:21:30.405771 139740115177472 make_examples_core.py:367] Task 5/8: 202059 candidates (112554 examples) [33.76s elapsed]
I0116 11:21:34.385290 140283420848128 make_examples_core.py:367] Task 1/8: 210002 candidates (117406 examples) [27.70s elapsed]
I0116 11:21:35.675685 139973552287744 make_examples_core.py:367] Task 0/8: 210064 candidates (117980 examples) [29.24s elapsed]
I0116 11:21:39.866497 139810517626880 make_examples_core.py:367] Task 7/8: 206081 candidates (114232 examples) [38.35s elapsed]
I0116 11:21:45.647207 140639462100992 make_examples_core.py:367] Task 2/8: 208021 candidates (115170 examples) [26.67s elapsed]
I0116 11:21:47.457598 140313907945472 make_examples_core.py:367] Task 4/8: 206038 candidates (115567 examples) [28.69s elapsed]
I0116 11:21:49.201841 140511434571776 make_examples_core.py:367] Task 6/8: 200023 candidates (110216 examples) [31.99s elapsed]
I0116 11:21:52.440924 140164982493184 make_examples_core.py:367] Task 3/8: 210034 candidates (117077 examples) [29.37s elapsed]
I0116 11:21:59.397329 139740115177472 make_examples_core.py:367] Task 5/8: 204015 candidates (113511 examples) [28.99s elapsed]
I0116 11:22:03.675019 140283420848128 make_examples_core.py:367] Task 1/8: 212011 candidates (118541 examples) [29.29s elapsed]
I0116 11:22:06.744051 139810517626880 make_examples_core.py:367] Task 7/8: 208019 candidates (115212 examples) [26.88s elapsed]
I0116 11:22:11.332534 140639462100992 make_examples_core.py:367] Task 2/8: 210009 candidates (115818 examples) [25.69s elapsed]
I0116 11:22:13.411267 139973552287744 make_examples_core.py:367] Task 0/8: 212096 candidates (118715 examples) [37.74s elapsed]
I0116 11:22:16.420629 140313907945472 make_examples_core.py:367] Task 4/8: 208075 candidates (116492 examples) [28.96s elapsed]
I0116 11:22:16.594211 140511434571776 make_examples_core.py:367] Task 6/8: 202039 candidates (111284 examples) [27.39s elapsed]
I0116 11:22:19.859508 139740115177472 make_examples_core.py:367] Task 5/8: 206048 candidates (114416 examples) [20.46s elapsed]
I0116 11:22:26.049132 140164982493184 make_examples_core.py:367] Task 3/8: 212053 candidates (118104 examples) [33.61s elapsed]
I0116 11:22:33.537277 139810517626880 make_examples_core.py:367] Task 7/8: 210015 candidates (116011 examples) [26.79s elapsed]
I0116 11:22:39.816854 140283420848128 make_examples_core.py:367] Task 1/8: 214143 candidates (119820 examples) [36.14s elapsed]
I0116 11:22:40.946526 140639462100992 make_examples_core.py:367] Task 2/8: 212013 candidates (116796 examples) [29.61s elapsed]
I0116 11:22:45.928318 140313907945472 make_examples_core.py:367] Task 4/8: 210040 candidates (117482 examples) [29.51s elapsed]
I0116 11:22:49.262001 139740115177472 make_examples_core.py:367] Task 5/8: 208025 candidates (115334 examples) [29.40s elapsed]
I0116 11:22:49.235636 139973552287744 make_examples_core.py:367] Task 0/8: 214035 candidates (119473 examples) [35.82s elapsed]
I0116 11:22:52.736800 140164982493184 make_examples_core.py:367] Task 3/8: 214111 candidates (119025 examples) [26.69s elapsed]
I0116 11:23:07.731722 139810517626880 make_examples_core.py:367] Task 7/8: 212045 candidates (116977 examples) [34.19s elapsed]
I0116 11:23:12.280755 140283420848128 make_examples_core.py:367] Task 1/8: 216097 candidates (120487 examples) [32.46s elapsed]
I0116 11:23:17.200394 140511434571776 make_examples_core.py:367] Task 6/8: 204036 candidates (112460 examples) [60.61s elapsed]
I0116 11:23:20.057978 139973552287744 make_examples_core.py:367] Task 0/8: 216067 candidates (120287 examples) [30.82s elapsed]
I0116 11:23:20.472972 139740115177472 make_examples_core.py:367] Task 5/8: 210003 candidates (116399 examples) [31.21s elapsed]
I0116 11:23:23.777858 140313907945472 make_examples_core.py:367] Task 4/8: 212043 candidates (118612 examples) [37.85s elapsed]
I0116 11:23:25.663758 140639462100992 make_examples_core.py:367] Task 2/8: 214113 candidates (117715 examples) [44.72s elapsed]
I0116 11:23:30.437838 140164982493184 make_examples_core.py:367] Task 3/8: 216125 candidates (120031 examples) [37.70s elapsed]
I0116 11:23:39.640619 140283420848128 make_examples_core.py:367] Task 1/8: 218014 candidates (121155 examples) [27.36s elapsed]
I0116 11:23:40.750875 139810517626880 make_examples_core.py:367] Task 7/8: 214011 candidates (117897 examples) [33.02s elapsed]
I0116 11:23:46.461416 140511434571776 make_examples_core.py:367] Task 6/8: 206076 candidates (113356 examples) [29.26s elapsed]
I0116 11:23:52.451714 140639462100992 make_examples_core.py:367] Task 2/8: 216036 candidates (118824 examples) [26.79s elapsed]
I0116 11:23:54.610999 139973552287744 make_examples_core.py:367] Task 0/8: 218003 candidates (121166 examples) [34.55s elapsed]
I0116 11:23:57.594772 139740115177472 make_examples_core.py:367] Task 5/8: 212018 candidates (117301 examples) [37.12s elapsed]
I0116 11:23:58.108071 140313907945472 make_examples_core.py:367] Task 4/8: 214113 candidates (119635 examples) [34.33s elapsed]
I0116 11:24:04.196809 140164982493184 make_examples_core.py:367] Task 3/8: 218055 candidates (121002 examples) [33.76s elapsed]
I0116 11:24:08.609038 140283420848128 make_examples_core.py:367] Task 1/8: 220029 candidates (121964 examples) [28.97s elapsed]
I0116 11:24:13.243067 139810517626880 make_examples_core.py:367] Task 7/8: 216008 candidates (118679 examples) [32.49s elapsed]
I0116 11:24:14.992678 140511434571776 make_examples_core.py:367] Task 6/8: 208044 candidates (114302 examples) [28.53s elapsed]
I0116 11:24:17.471678 139973552287744 make_examples_core.py:367] Task 0/8: 220125 candidates (122184 examples) [22.86s elapsed]
I0116 11:24:18.458151 140639462100992 make_examples_core.py:367] Task 2/8: 218011 candidates (119828 examples) [26.01s elapsed]
I0116 11:24:27.384735 139740115177472 make_examples_core.py:367] Task 5/8: 214048 candidates (118240 examples) [29.79s elapsed]
I0116 11:24:26.860810 139973552287744 make_examples_core.py:367] Task 0/8: Writing example info to /output/tmp_chr22/make_examples.tfrecord-00000-of-00008.gz.example_info.json
I0116 11:24:26.861043 139973552287744 make_examples_core.py:3685] example_shape = [100, 221, 7]
I0116 11:24:26.861098 139973552287744 make_examples_core.py:3686] example_channels = [1, 2, 3, 4, 5, 6, 19]
I0116 11:24:26.861679 139973552287744 make_examples_core.py:367] Task 0/8: Summary stats:
	220921 candidate variants found
	122687 examples written
	150367 small model examples called
I0116 11:24:30.634536 140313907945472 make_examples_core.py:367] Task 4/8: 216009 candidates (120534 examples) [32.53s elapsed]
I0116 11:24:31.823143 140283420848128 make_examples_core.py:367] Task 1/8: 222057 candidates (122697 examples) [23.21s elapsed]
I0116 11:24:39.421900 140164982493184 make_examples_core.py:367] Task 3/8: 220056 candidates (121847 examples) [35.22s elapsed]
I0116 11:24:40.080325 140511434571776 make_examples_core.py:367] Task 6/8: 210094 candidates (115349 examples) [25.09s elapsed]
I0116 11:24:41.293378 140639462100992 make_examples_core.py:367] Task 2/8: 220037 candidates (120606 examples) [22.84s elapsed]
I0116 11:24:45.667883 139810517626880 make_examples_core.py:367] Task 7/8: 218002 candidates (119691 examples) [32.42s elapsed]
I0116 11:24:51.925650 139740115177472 make_examples_core.py:367] Task 5/8: 216003 candidates (119061 examples) [24.54s elapsed]
I0116 11:25:01.372559 140283420848128 make_examples_core.py:367] Task 1/8: 224193 candidates (123685 examples) [29.55s elapsed]
I0116 11:25:06.252119 140639462100992 make_examples_core.py:367] Task 2/8: 222055 candidates (121353 examples) [24.96s elapsed]
I0116 11:25:06.558457 140313907945472 make_examples_core.py:367] Task 4/8: 218007 candidates (121707 examples) [35.92s elapsed]
I0116 11:25:07.281899 140164982493184 make_examples_core.py:367] Task 3/8: 222031 candidates (122895 examples) [27.86s elapsed]
I0116 11:25:08.462799 140511434571776 make_examples_core.py:367] Task 6/8: 212027 candidates (116272 examples) [28.38s elapsed]
I0116 11:25:13.357919 139810517626880 make_examples_core.py:367] Task 7/8: 220119 candidates (120526 examples) [27.69s elapsed]
I0116 11:25:24.617187 140283420848128 make_examples_core.py:367] Task 1/8: 226113 candidates (124695 examples) [23.24s elapsed]
I0116 11:25:29.933007 140283420848128 make_examples_core.py:367] Task 1/8: Writing example info to /output/tmp_chr22/make_examples.tfrecord-00001-of-00008.gz.example_info.json
I0116 11:25:29.933175 140283420848128 make_examples_core.py:3685] example_shape = [100, 221, 7]
I0116 11:25:29.933227 140283420848128 make_examples_core.py:3686] example_channels = [1, 2, 3, 4, 5, 6, 19]
I0116 11:25:29.933619 140283420848128 make_examples_core.py:367] Task 1/8: Summary stats:
	226429 candidate variants found
	124919 examples written
	155332 small model examples called
I0116 11:25:33.703258 140313907945472 make_examples_core.py:367] Task 4/8: 220024 candidates (122577 examples) [27.14s elapsed]
I0116 11:25:35.871800 140164982493184 make_examples_core.py:367] Task 3/8: 224047 candidates (123842 examples) [28.59s elapsed]
I0116 11:25:36.529765 139740115177472 make_examples_core.py:367] Task 5/8: 218001 candidates (119917 examples) [44.60s elapsed]
I0116 11:25:36.906267 140639462100992 make_examples_core.py:367] Task 2/8: 224006 candidates (122204 examples) [30.65s elapsed]
I0116 11:25:40.245685 140511434571776 make_examples_core.py:367] Task 6/8: 214099 candidates (117325 examples) [31.78s elapsed]
I0116 11:25:40.035691 139810517626880 make_examples_core.py:367] Task 7/8: 222034 candidates (121397 examples) [26.68s elapsed]
I0116 11:25:59.827475 140313907945472 make_examples_core.py:367] Task 4/8: 222015 candidates (123566 examples) [26.12s elapsed]
I0116 11:26:00.191808 140164982493184 make_examples_core.py:367] Task 3/8: 226036 candidates (124909 examples) [24.32s elapsed]
I0116 11:26:03.601982 139810517626880 make_examples_core.py:367] Task 7/8: 224055 candidates (122507 examples) [23.57s elapsed]
I0116 11:26:05.400829 140639462100992 make_examples_core.py:367] Task 2/8: 226023 candidates (123121 examples) [28.49s elapsed]
I0116 11:26:07.124579 139740115177472 make_examples_core.py:367] Task 5/8: 220054 candidates (121003 examples) [30.59s elapsed]
I0116 11:26:12.254805 140164982493184 make_examples_core.py:367] Task 3/8: Writing example info to /output/tmp_chr22/make_examples.tfrecord-00003-of-00008.gz.example_info.json
I0116 11:26:12.255024 140164982493184 make_examples_core.py:3685] example_shape = [100, 221, 7]
I0116 11:26:12.255074 140164982493184 make_examples_core.py:3686] example_channels = [1, 2, 3, 4, 5, 6, 19]
I0116 11:26:12.255635 140164982493184 make_examples_core.py:367] Task 3/8: Summary stats:
	227043 candidate variants found
	125463 examples written
	156588 small model examples called
I0116 11:26:17.692374 140511434571776 make_examples_core.py:367] Task 6/8: 216111 candidates (118378 examples) [37.45s elapsed]
I0116 11:26:26.656523 139810517626880 make_examples_core.py:367] Task 7/8: 226033 candidates (123514 examples) [23.05s elapsed]
I0116 11:26:27.467759 139810517626880 make_examples_core.py:367] Task 7/8: Writing example info to /output/tmp_chr22/make_examples.tfrecord-00007-of-00008.gz.example_info.json
I0116 11:26:27.467981 139810517626880 make_examples_core.py:3685] example_shape = [100, 221, 7]
I0116 11:26:27.468032 139810517626880 make_examples_core.py:3686] example_channels = [1, 2, 3, 4, 5, 6, 19]
I0116 11:26:27.468688 139810517626880 make_examples_core.py:367] Task 7/8: Summary stats:
	226122 candidate variants found
	123589 examples written
	156732 small model examples called
I0116 11:26:33.384298 140313907945472 make_examples_core.py:367] Task 4/8: 224015 candidates (124418 examples) [33.56s elapsed]
I0116 11:26:36.292811 140639462100992 make_examples_core.py:367] Task 2/8: 228032 candidates (124141 examples) [30.89s elapsed]
I0116 11:26:43.520593 139740115177472 make_examples_core.py:367] Task 5/8: 222008 candidates (122009 examples) [36.40s elapsed]
I0116 11:26:52.834831 140511434571776 make_examples_core.py:367] Task 6/8: 218057 candidates (119236 examples) [35.14s elapsed]
I0116 11:26:58.453657 140313907945472 make_examples_core.py:367] Task 4/8: 226019 candidates (125573 examples) [25.07s elapsed]
I0116 11:27:03.285747 140639462100992 make_examples_core.py:367] Task 2/8: 230018 candidates (125217 examples) [26.99s elapsed]
I0116 11:27:08.129994 140639462100992 make_examples_core.py:367] Task 2/8: Writing example info to /output/tmp_chr22/make_examples.tfrecord-00002-of-00008.gz.example_info.json
I0116 11:27:08.130216 140639462100992 make_examples_core.py:3685] example_shape = [100, 221, 7]
I0116 11:27:08.130269 140639462100992 make_examples_core.py:3686] example_channels = [1, 2, 3, 4, 5, 6, 19]
I0116 11:27:08.130775 140639462100992 make_examples_core.py:367] Task 2/8: Summary stats:
	230396 candidate variants found
	125440 examples written
	160809 small model examples called
I0116 11:27:08.845446 139740115177472 make_examples_core.py:367] Task 5/8: 224066 candidates (123180 examples) [25.32s elapsed]
I0116 11:27:13.305756 140313907945472 make_examples_core.py:367] Task 4/8: Writing example info to /output/tmp_chr22/make_examples.tfrecord-00004-of-00008.gz.example_info.json
I0116 11:27:13.305948 140313907945472 make_examples_core.py:3685] example_shape = [100, 221, 7]
I0116 11:27:13.306005 140313907945472 make_examples_core.py:3686] example_channels = [1, 2, 3, 4, 5, 6, 19]
I0116 11:27:13.306607 140313907945472 make_examples_core.py:367] Task 4/8: Summary stats:
	227292 candidate variants found
	126392 examples written
	157172 small model examples called
I0116 11:27:26.808093 140511434571776 make_examples_core.py:367] Task 6/8: 220075 candidates (120396 examples) [33.97s elapsed]
I0116 11:27:32.064650 139740115177472 make_examples_core.py:367] Task 5/8: Writing example info to /output/tmp_chr22/make_examples.tfrecord-00005-of-00008.gz.example_info.json
I0116 11:27:32.064986 139740115177472 make_examples_core.py:3685] example_shape = [100, 221, 7]
I0116 11:27:32.065045 139740115177472 make_examples_core.py:3686] example_channels = [1, 2, 3, 4, 5, 6, 19]
I0116 11:27:32.065753 139740115177472 make_examples_core.py:367] Task 5/8: Summary stats:
	225743 candidate variants found
	124131 examples written
	155963 small model examples called
I0116 11:27:54.008373 140511434571776 make_examples_core.py:367] Task 6/8: 222055 candidates (121555 examples) [27.20s elapsed]
I0116 11:28:15.082033 140511434571776 make_examples_core.py:367] Task 6/8: Writing example info to /output/tmp_chr22/make_examples.tfrecord-00006-of-00008.gz.example_info.json
I0116 11:28:15.082385 140511434571776 make_examples_core.py:3685] example_shape = [100, 221, 7]
I0116 11:28:15.082440 140511434571776 make_examples_core.py:3686] example_channels = [1, 2, 3, 4, 5, 6, 19]
I0116 11:28:15.083085 140511434571776 make_examples_core.py:367] Task 6/8: Summary stats:
	223700 candidate variants found
	122496 examples written
	156522 small model examples called

real	56m36.182s
user	468m52.531s
sys	22m12.519s

***** Running the command:*****
time /opt/deepvariant/bin/call_variants --outfile "/output/tmp_chr22/call_variants_output.tfrecord.gz" --examples "/output/tmp_chr22/make_examples.tfrecord@8.gz" --checkpoint "/opt/models/wgs"

2026-01-16 11:28:19.068174: W tensorflow/compiler/tf2tensorrt/utils/py_utils.cc:38] TF-TRT Warning: Could not find TensorRT
I0116 11:28:21.468353 139822722256896 call_variants.py:1058] call_variants: env = {'PYTHONPATH': '/tmp/Bazel.runfiles_wpise0ez/runfiles:/tmp/Bazel.runfiles_wpise0ez/runfiles/com_google_protobuf/python:/tmp/Bazel.runfiles_wpise0ez/runfiles/absl_py:/tmp/Bazel.runfiles_wpise0ez/runfiles/bazel_tools:/tmp/Bazel.runfiles_wpise0ez/runfiles/com_google_deepvariant:/tmp/Bazel.runfiles_wpise0ez/runfiles/com_google_protobuf:/tmp/Bazel.runfiles_wpise0ez/runfiles/six_archive', 'RUNFILES_DIR': '/tmp/Bazel.runfiles_wpise0ez/runfiles', 'PYTHONSAFEPATH': '1', 'HOSTNAME': '02ca6286a1ca', 'TF_CPP_MIN_LOG_LEVEL': '1', 'PWD': '/opt/deepvariant', '_': '/usr/bin/python3', 'HOME': '/', 'DV_BIN_PATH': '/opt/deepvariant/bin', 'TF_USE_LEGACY_KERAS': '1', 'TPU_ML_PLATFORM': 'Tensorflow', 'SHLVL': '3', 'LC_CTYPE': 'C.UTF-8', 'PATH': '/usr/local/sbin:/usr/local/bin:/usr/sbin:/usr/bin:/sbin:/bin:/opt/deepvariant/bin:/opt/conda/envs/bio/bin', 'TF2_BEHAVIOR': '1'}
INFO:tensorflow:Using MirroredStrategy with devices ('/job:localhost/replica:0/task:0/device:CPU:0',)
I0116 11:28:21.511814 139822722256896 mirrored_strategy.py:423] Using MirroredStrategy with devices ('/job:localhost/replica:0/task:0/device:CPU:0',)
I0116 11:28:21.541097 139822722256896 call_variants.py:783] Number of devices: 1
I0116 11:28:21.703416 139822722256896 call_variants.py:835] Per-replica batch size is 1024. Global batch size is 1024.
I0116 11:28:21.704208 139822722256896 call_variants.py:845] Use saved model: True
I0116 11:28:21.704696 139822722256896 dv_utils.py:333] From /output/tmp_chr22/make_examples.tfrecord-00000-of-00008.gz.example_info.json: Shape of input examples: [100, 221, 7], Channels of input examples: [1, 2, 3, 4, 5, 6, 19].
I0116 11:28:28.614790 139822722256896 dv_utils.py:333] From /opt/models/wgs/model.example_info.json: Shape of input examples: [100, 221, 7], Channels of input examples: [1, 2, 3, 4, 5, 6, 19].
I0116 11:28:28.615173 139822722256896 call_variants.py:887] example_shape: [100, 221, 7]
I0116 11:28:29.512464 139822722256896 call_variants.py:953] Total 1 writing processes started.
2026-01-16 11:28:29.671531: W tensorflow/core/framework/dataset.cc:959] Input of GeneratorDatasetOp::Dataset will not be optimized because the dataset does not implement the AsGraphDefInternal() method needed to apply optimizations.
I0116 11:28:33.672852 139822722256896 call_variants.py:1031] Predicted 1024 examples in 1 batches [0.406 sec per 100].
