2026-01-16 10:31:36.904923: I external/local_tsl/tsl/cuda/cudart_stub.cc:32] Could not find cuda drivers on your machine, GPU will not be used.
2026-01-16 10:31:36.909549: I external/local_tsl/tsl/cuda/cudart_stub.cc:32] Could not find cuda drivers on your machine, GPU will not be used.
2026-01-16 10:31:36.959662: I tensorflow/core/platform/cpu_feature_guard.cc:210] This TensorFlow binary is optimized to use available CPU instructions in performance-critical operations.
To enable the following instructions: AVX2 FMA, in other operations, rebuild TensorFlow with the appropriate compiler flags.
2026-01-16 10:31:37.921898: W tensorflow/compiler/tf2tensorrt/utils/py_utils.cc:38] TF-TRT Warning: Could not find TensorRT
I0116 10:31:40.074514 140291937005568 run_deepvariant.py:621] Creating a directory for intermediate results in /output/tmp_chr22

***** Intermediate results will be written to /output/tmp_chr22 in docker. ****


***** Running the command:*****
time seq 0 7 | parallel -q --halt 2 --line-buffer /opt/deepvariant/bin/make_examples --mode calling --ref "/ref/chr22.fa" --reads "/input/chr22.surjected.sorted.bam" --examples "/output/tmp_chr22/make_examples.tfrecord@8.gz" --checkpoint "/opt/models/wgs" --gvcf "/output/tmp_chr22/gvcf.tfrecord@8.gz" --task {}

I0116 10:31:40.075222 140291937005568 run_deepvariant.py:857] env = {'HOSTNAME': '02ca6286a1ca', 'PWD': '/opt/deepvariant', 'HOME': '/', 'DV_BIN_PATH': '/opt/deepvariant/bin', 'TF_USE_LEGACY_KERAS': '1', 'SHLVL': '1', 'PATH': '/usr/local/sbin:/usr/local/bin:/usr/sbin:/usr/bin:/sbin:/bin:/opt/deepvariant/bin:/opt/conda/envs/bio/bin', '_': '/usr/bin/python3', 'LC_CTYPE': 'C.UTF-8', 'TF2_BEHAVIOR': '1', 'TPU_ML_PLATFORM': 'Tensorflow', 'TF_CPP_MIN_LOG_LEVEL': '1'}
2026-01-16 10:31:43.745301: W tensorflow/compiler/tf2tensorrt/utils/py_utils.cc:38] TF-TRT Warning: Could not find TensorRT
2026-01-16 10:31:43.671973: W tensorflow/compiler/tf2tensorrt/utils/py_utils.cc:38] TF-TRT Warning: Could not find TensorRT
2026-01-16 10:31:43.770856: W tensorflow/compiler/tf2tensorrt/utils/py_utils.cc:38] TF-TRT Warning: Could not find TensorRT
2026-01-16 10:31:43.764694: W tensorflow/compiler/tf2tensorrt/utils/py_utils.cc:38] TF-TRT Warning: Could not find TensorRT
2026-01-16 10:31:43.822778: W tensorflow/compiler/tf2tensorrt/utils/py_utils.cc:38] TF-TRT Warning: Could not find TensorRT
2026-01-16 10:31:43.955450: W tensorflow/compiler/tf2tensorrt/utils/py_utils.cc:38] TF-TRT Warning: Could not find TensorRT
2026-01-16 10:31:43.967217: W tensorflow/compiler/tf2tensorrt/utils/py_utils.cc:38] TF-TRT Warning: Could not find TensorRT
2026-01-16 10:31:43.941240: W tensorflow/compiler/tf2tensorrt/utils/py_utils.cc:38] TF-TRT Warning: Could not find TensorRT
/tmp/Bazel.runfiles_rd9b1zhv/runfiles/absl_py/absl/flags/_validators.py:233: UserWarning: Flag --mode has a non-None default value; therefore, mark_flag_as_required will pass even if flag is not specified in the command line!
  mark_flag_as_required(flag_name, flag_values)
I0116 10:31:46.126277 140283420848128 make_examples_core.py:3773] model.example_info filename: /opt/models/wgs/model.example_info.json
I0116 10:31:46.126598 140283420848128 make_examples_core.py:3777] Reading flags_for_calling from /opt/models/wgs/model.example_info.json
I0116 10:31:46.126914 140283420848128 make_examples_core.py:3794] Flags for calling:
call_small_model_examples: True
pileup_image_height: 100
pileup_image_width: 221
small_model_indel_gq_threshold: 28
small_model_snp_gq_threshold: 20
small_model_vaf_context_window_size: 51
track_ref_reads: True
trained_small_model_path: /opt/smallmodels/wgs
I0116 10:31:46.127740 140283420848128 genomics_reader.py:223] Reading /input/chr22.surjected.sorted.bam with NativeSamReader
W0116 10:31:46.127816 140283420848128 make_examples_core.py:464] No non-empty sample name found in the input reads. DeepVariant will use default as the sample name. You can also provide a sample name with the --sample_name argument.
I0116 10:31:46.129215 140283420848128 dv_utils.py:333] From /opt/models/wgs/model.example_info.json: Shape of input examples: [100, 221, 7], Channels of input examples: [1, 2, 3, 4, 5, 6, 19].
I0116 10:31:46.129436 140283420848128 make_examples_options.py:1204] Parsing AUX Fields: []
W0116 10:31:46.129675 140283420848128 make_examples_options.py:1255] Automatically setting --trim_reads_for_pileup to True because --alt_aligned_pileup is set.
/tmp/Bazel.runfiles_4h91nml0/runfiles/absl_py/absl/flags/_validators.py:233: UserWarning: Flag --mode has a non-None default value; therefore, mark_flag_as_required will pass even if flag is not specified in the command line!
  mark_flag_as_required(flag_name, flag_values)
I0116 10:31:46.093234 139973552287744 make_examples_core.py:3773] model.example_info filename: /opt/models/wgs/model.example_info.json
I0116 10:31:46.093543 139973552287744 make_examples_core.py:3777] Reading flags_for_calling from /opt/models/wgs/model.example_info.json
I0116 10:31:46.093873 139973552287744 make_examples_core.py:3794] Flags for calling:
call_small_model_examples: True
pileup_image_height: 100
pileup_image_width: 221
small_model_indel_gq_threshold: 28
small_model_snp_gq_threshold: 20
small_model_vaf_context_window_size: 51
track_ref_reads: True
trained_small_model_path: /opt/smallmodels/wgs
I0116 10:31:46.094659 139973552287744 genomics_reader.py:223] Reading /input/chr22.surjected.sorted.bam with NativeSamReader
W0116 10:31:46.094731 139973552287744 make_examples_core.py:464] No non-empty sample name found in the input reads. DeepVariant will use default as the sample name. You can also provide a sample name with the --sample_name argument.
I0116 10:31:46.096027 139973552287744 dv_utils.py:333] From /opt/models/wgs/model.example_info.json: Shape of input examples: [100, 221, 7], Channels of input examples: [1, 2, 3, 4, 5, 6, 19].
I0116 10:31:46.096236 139973552287744 make_examples_options.py:1204] Parsing AUX Fields: []
W0116 10:31:46.096464 139973552287744 make_examples_options.py:1255] Automatically setting --trim_reads_for_pileup to True because --alt_aligned_pileup is set.
I0116 10:31:46.126950 139973552287744 make_examples_core.py:367] Task 0/8: Preparing inputs
I0116 10:31:46.127535 139973552287744 genomics_reader.py:223] Reading /input/chr22.surjected.sorted.bam with NativeSamReader
I0116 10:31:46.128169 139973552287744 make_examples_core.py:367] Task 0/8: Common contigs are ['chr22']
/tmp/Bazel.runfiles_kvi42hlh/runfiles/absl_py/absl/flags/_validators.py:233: UserWarning: Flag --mode has a non-None default value; therefore, mark_flag_as_required will pass even if flag is not specified in the command line!
  mark_flag_as_required(flag_name, flag_values)
I0116 10:31:46.111831 140511434571776 make_examples_core.py:3773] model.example_info filename: /opt/models/wgs/model.example_info.json
I0116 10:31:46.112159 140511434571776 make_examples_core.py:3777] Reading flags_for_calling from /opt/models/wgs/model.example_info.json
I0116 10:31:46.112477 140511434571776 make_examples_core.py:3794] Flags for calling:
call_small_model_examples: True
pileup_image_height: 100
pileup_image_width: 221
small_model_indel_gq_threshold: 28
small_model_snp_gq_threshold: 20
small_model_vaf_context_window_size: 51
track_ref_reads: True
trained_small_model_path: /opt/smallmodels/wgs
I0116 10:31:46.113302 140511434571776 genomics_reader.py:223] Reading /input/chr22.surjected.sorted.bam with NativeSamReader
W0116 10:31:46.113375 140511434571776 make_examples_core.py:464] No non-empty sample name found in the input reads. DeepVariant will use default as the sample name. You can also provide a sample name with the --sample_name argument.
I0116 10:31:46.114698 140511434571776 dv_utils.py:333] From /opt/models/wgs/model.example_info.json: Shape of input examples: [100, 221, 7], Channels of input examples: [1, 2, 3, 4, 5, 6, 19].
I0116 10:31:46.114910 140511434571776 make_examples_options.py:1204] Parsing AUX Fields: []
W0116 10:31:46.115142 140511434571776 make_examples_options.py:1255] Automatically setting --trim_reads_for_pileup to True because --alt_aligned_pileup is set.
/tmp/Bazel.runfiles_5cg_a39j/runfiles/absl_py/absl/flags/_validators.py:233: UserWarning: Flag --mode has a non-None default value; therefore, mark_flag_as_required will pass even if flag is not specified in the command line!
  mark_flag_as_required(flag_name, flag_values)
I0116 10:31:46.118615 140164982493184 make_examples_core.py:3773] model.example_info filename: /opt/models/wgs/model.example_info.json
I0116 10:31:46.118982 140164982493184 make_examples_core.py:3777] Reading flags_for_calling from /opt/models/wgs/model.example_info.json
I0116 10:31:46.119309 140164982493184 make_examples_core.py:3794] Flags for calling:
call_small_model_examples: True
pileup_image_height: 100
pileup_image_width: 221
small_model_indel_gq_threshold: 28
small_model_snp_gq_threshold: 20
small_model_vaf_context_window_size: 51
track_ref_reads: True
trained_small_model_path: /opt/smallmodels/wgs
I0116 10:31:46.120157 140164982493184 genomics_reader.py:223] Reading /input/chr22.surjected.sorted.bam with NativeSamReader
W0116 10:31:46.120232 140164982493184 make_examples_core.py:464] No non-empty sample name found in the input reads. DeepVariant will use default as the sample name. You can also provide a sample name with the --sample_name argument.
I0116 10:31:46.121566 140164982493184 dv_utils.py:333] From /opt/models/wgs/model.example_info.json: Shape of input examples: [100, 221, 7], Channels of input examples: [1, 2, 3, 4, 5, 6, 19].
I0116 10:31:46.121788 140164982493184 make_examples_options.py:1204] Parsing AUX Fields: []
W0116 10:31:46.122025 140164982493184 make_examples_options.py:1255] Automatically setting --trim_reads_for_pileup to True because --alt_aligned_pileup is set.
I0116 10:31:46.162601 140283420848128 make_examples_core.py:367] Task 1/8: Preparing inputs
I0116 10:31:46.163207 140283420848128 genomics_reader.py:223] Reading /input/chr22.surjected.sorted.bam with NativeSamReader
I0116 10:31:46.163897 140283420848128 make_examples_core.py:367] Task 1/8: Common contigs are ['chr22']
I0116 10:31:46.243867 139973552287744 make_examples_core.py:367] Task 0/8: Starting from v0.9.0, --use_ref_for_cram is default to true. If you are using CRAM input, note that we will decode CRAM using the reference you passed in with --ref
WARNING: All log messages before absl::InitializeLog() is called are written to STDERR
I0000 00:00:1768559506.244121     235 sam_reader.cc:997] Setting HTS_OPT_BLOCK_SIZE to 134217728
I0116 10:31:46.150585 140511434571776 make_examples_core.py:367] Task 6/8: Preparing inputs
I0116 10:31:46.151173 140511434571776 genomics_reader.py:223] Reading /input/chr22.surjected.sorted.bam with NativeSamReader
I0116 10:31:46.151801 140511434571776 make_examples_core.py:367] Task 6/8: Common contigs are ['chr22']
I0116 10:31:46.153345 140164982493184 make_examples_core.py:367] Task 3/8: Preparing inputs
I0116 10:31:46.154018 140164982493184 genomics_reader.py:223] Reading /input/chr22.surjected.sorted.bam with NativeSamReader
I0116 10:31:46.154694 140164982493184 make_examples_core.py:367] Task 3/8: Common contigs are ['chr22']
I0116 10:31:46.287923 140283420848128 make_examples_core.py:367] Task 1/8: Starting from v0.9.0, --use_ref_for_cram is default to true. If you are using CRAM input, note that we will decode CRAM using the reference you passed in with --ref
WARNING: All log messages before absl::InitializeLog() is called are written to STDERR
I0000 00:00:1768559506.288117     236 sam_reader.cc:997] Setting HTS_OPT_BLOCK_SIZE to 134217728
I0116 10:31:46.313667 139973552287744 genomics_reader.py:223] Reading /input/chr22.surjected.sorted.bam with NativeSamReader
I0116 10:31:46.270170 140511434571776 make_examples_core.py:367] Task 6/8: Starting from v0.9.0, --use_ref_for_cram is default to true. If you are using CRAM input, note that we will decode CRAM using the reference you passed in with --ref
WARNING: All log messages before absl::InitializeLog() is called are written to STDERR
I0000 00:00:1768559506.270364     240 sam_reader.cc:997] Setting HTS_OPT_BLOCK_SIZE to 134217728
I0116 10:31:46.333146 140511434571776 genomics_reader.py:223] Reading /input/chr22.surjected.sorted.bam with NativeSamReader
I0116 10:31:46.324004 140164982493184 make_examples_core.py:367] Task 3/8: Starting from v0.9.0, --use_ref_for_cram is default to true. If you are using CRAM input, note that we will decode CRAM using the reference you passed in with --ref
WARNING: All log messages before absl::InitializeLog() is called are written to STDERR
I0000 00:00:1768559506.324380     238 sam_reader.cc:997] Setting HTS_OPT_BLOCK_SIZE to 134217728
I0116 10:31:46.350836 140283420848128 genomics_reader.py:223] Reading /input/chr22.surjected.sorted.bam with NativeSamReader
/tmp/Bazel.runfiles_zwgrmmbd/runfiles/absl_py/absl/flags/_validators.py:233: UserWarning: Flag --mode has a non-None default value; therefore, mark_flag_as_required will pass even if flag is not specified in the command line!
  mark_flag_as_required(flag_name, flag_values)
/tmp/Bazel.runfiles_p7lyi14v/runfiles/absl_py/absl/flags/_validators.py:233: UserWarning: Flag --mode has a non-None default value; therefore, mark_flag_as_required will pass even if flag is not specified in the command line!
  mark_flag_as_required(flag_name, flag_values)
I0116 10:31:46.382961 140639462100992 make_examples_core.py:3773] model.example_info filename: /opt/models/wgs/model.example_info.json
I0116 10:31:46.383286 140639462100992 make_examples_core.py:3777] Reading flags_for_calling from /opt/models/wgs/model.example_info.json
I0116 10:31:46.383577 140639462100992 make_examples_core.py:3794] Flags for calling:
call_small_model_examples: True
pileup_image_height: 100
pileup_image_width: 221
small_model_indel_gq_threshold: 28
small_model_snp_gq_threshold: 20
small_model_vaf_context_window_size: 51
track_ref_reads: True
trained_small_model_path: /opt/smallmodels/wgs
I0116 10:31:46.384255 140639462100992 genomics_reader.py:223] Reading /input/chr22.surjected.sorted.bam with NativeSamReader
W0116 10:31:46.384522 140639462100992 make_examples_core.py:464] No non-empty sample name found in the input reads. DeepVariant will use default as the sample name. You can also provide a sample name with the --sample_name argument.
I0116 10:31:46.385725 140639462100992 dv_utils.py:333] From /opt/models/wgs/model.example_info.json: Shape of input examples: [100, 221, 7], Channels of input examples: [1, 2, 3, 4, 5, 6, 19].
I0116 10:31:46.385920 140639462100992 make_examples_options.py:1204] Parsing AUX Fields: []
W0116 10:31:46.386124 140639462100992 make_examples_options.py:1255] Automatically setting --trim_reads_for_pileup to True because --alt_aligned_pileup is set.
I0116 10:31:46.379505 139810517626880 make_examples_core.py:3773] model.example_info filename: /opt/models/wgs/model.example_info.json
I0116 10:31:46.380019 139810517626880 make_examples_core.py:3777] Reading flags_for_calling from /opt/models/wgs/model.example_info.json
I0116 10:31:46.380791 139810517626880 make_examples_core.py:3794] Flags for calling:
call_small_model_examples: True
pileup_image_height: 100
pileup_image_width: 221
small_model_indel_gq_threshold: 28
small_model_snp_gq_threshold: 20
small_model_vaf_context_window_size: 51
track_ref_reads: True
trained_small_model_path: /opt/smallmodels/wgs
I0116 10:31:46.382012 139810517626880 genomics_reader.py:223] Reading /input/chr22.surjected.sorted.bam with NativeSamReader
W0116 10:31:46.382141 139810517626880 make_examples_core.py:464] No non-empty sample name found in the input reads. DeepVariant will use default as the sample name. You can also provide a sample name with the --sample_name argument.
I0116 10:31:46.384613 139810517626880 dv_utils.py:333] From /opt/models/wgs/model.example_info.json: Shape of input examples: [100, 221, 7], Channels of input examples: [1, 2, 3, 4, 5, 6, 19].
I0116 10:31:46.384987 139810517626880 make_examples_options.py:1204] Parsing AUX Fields: []
W0116 10:31:46.385398 139810517626880 make_examples_options.py:1255] Automatically setting --trim_reads_for_pileup to True because --alt_aligned_pileup is set.
/tmp/Bazel.runfiles_aeax5xi6/runfiles/absl_py/absl/flags/_validators.py:233: UserWarning: Flag --mode has a non-None default value; therefore, mark_flag_as_required will pass even if flag is not specified in the command line!
  mark_flag_as_required(flag_name, flag_values)
I0116 10:31:46.424209 140313907945472 make_examples_core.py:3773] model.example_info filename: /opt/models/wgs/model.example_info.json
I0116 10:31:46.424538 140313907945472 make_examples_core.py:3777] Reading flags_for_calling from /opt/models/wgs/model.example_info.json
I0116 10:31:46.424843 140313907945472 make_examples_core.py:3794] Flags for calling:
call_small_model_examples: True
pileup_image_height: 100
pileup_image_width: 221
small_model_indel_gq_threshold: 28
small_model_snp_gq_threshold: 20
small_model_vaf_context_window_size: 51
track_ref_reads: True
trained_small_model_path: /opt/smallmodels/wgs
I0116 10:31:46.425666 140313907945472 genomics_reader.py:223] Reading /input/chr22.surjected.sorted.bam with NativeSamReader
W0116 10:31:46.425734 140313907945472 make_examples_core.py:464] No non-empty sample name found in the input reads. DeepVariant will use default as the sample name. You can also provide a sample name with the --sample_name argument.
I0116 10:31:46.413768 140639462100992 make_examples_core.py:367] Task 2/8: Preparing inputs
I0116 10:31:46.414295 140639462100992 genomics_reader.py:223] Reading /input/chr22.surjected.sorted.bam with NativeSamReader
I0116 10:31:46.415070 140639462100992 make_examples_core.py:367] Task 2/8: Common contigs are ['chr22']
I0116 10:31:46.417196 140164982493184 genomics_reader.py:223] Reading /input/chr22.surjected.sorted.bam with NativeSamReader
I0116 10:31:46.426925 140313907945472 dv_utils.py:333] From /opt/models/wgs/model.example_info.json: Shape of input examples: [100, 221, 7], Channels of input examples: [1, 2, 3, 4, 5, 6, 19].
I0116 10:31:46.427122 140313907945472 make_examples_options.py:1204] Parsing AUX Fields: []
W0116 10:31:46.427328 140313907945472 make_examples_options.py:1255] Automatically setting --trim_reads_for_pileup to True because --alt_aligned_pileup is set.
I0116 10:31:46.436043 139810517626880 make_examples_core.py:367] Task 7/8: Preparing inputs
I0116 10:31:46.436931 139810517626880 genomics_reader.py:223] Reading /input/chr22.surjected.sorted.bam with NativeSamReader
I0116 10:31:46.438039 139810517626880 make_examples_core.py:367] Task 7/8: Common contigs are ['chr22']
I0116 10:31:46.454428 140313907945472 make_examples_core.py:367] Task 4/8: Preparing inputs
I0116 10:31:46.455004 140313907945472 genomics_reader.py:223] Reading /input/chr22.surjected.sorted.bam with NativeSamReader
I0116 10:31:46.455596 140313907945472 make_examples_core.py:367] Task 4/8: Common contigs are ['chr22']
I0116 10:31:46.526819 140639462100992 make_examples_core.py:367] Task 2/8: Starting from v0.9.0, --use_ref_for_cram is default to true. If you are using CRAM input, note that we will decode CRAM using the reference you passed in with --ref
WARNING: All log messages before absl::InitializeLog() is called are written to STDERR
I0000 00:00:1768559506.527147     237 sam_reader.cc:997] Setting HTS_OPT_BLOCK_SIZE to 134217728
I0116 10:31:46.572849 140313907945472 make_examples_core.py:367] Task 4/8: Starting from v0.9.0, --use_ref_for_cram is default to true. If you are using CRAM input, note that we will decode CRAM using the reference you passed in with --ref
WARNING: All log messages before absl::InitializeLog() is called are written to STDERR
I0000 00:00:1768559506.573177     239 sam_reader.cc:997] Setting HTS_OPT_BLOCK_SIZE to 134217728
I0116 10:31:46.589540 140639462100992 genomics_reader.py:223] Reading /input/chr22.surjected.sorted.bam with NativeSamReader
I0116 10:31:46.630785 140313907945472 genomics_reader.py:223] Reading /input/chr22.surjected.sorted.bam with NativeSamReader
I0116 10:31:46.654981 139810517626880 make_examples_core.py:367] Task 7/8: Starting from v0.9.0, --use_ref_for_cram is default to true. If you are using CRAM input, note that we will decode CRAM using the reference you passed in with --ref
WARNING: All log messages before absl::InitializeLog() is called are written to STDERR
I0000 00:00:1768559506.655646     241 sam_reader.cc:997] Setting HTS_OPT_BLOCK_SIZE to 134217728
/tmp/Bazel.runfiles_sf55c7_c/runfiles/absl_py/absl/flags/_validators.py:233: UserWarning: Flag --mode has a non-None default value; therefore, mark_flag_as_required will pass even if flag is not specified in the command line!
  mark_flag_as_required(flag_name, flag_values)
I0116 10:31:46.664510 139740115177472 make_examples_core.py:3773] model.example_info filename: /opt/models/wgs/model.example_info.json
I0116 10:31:46.665041 139740115177472 make_examples_core.py:3777] Reading flags_for_calling from /opt/models/wgs/model.example_info.json
I0116 10:31:46.665513 139740115177472 make_examples_core.py:3794] Flags for calling:
call_small_model_examples: True
pileup_image_height: 100
pileup_image_width: 221
small_model_indel_gq_threshold: 28
small_model_snp_gq_threshold: 20
small_model_vaf_context_window_size: 51
track_ref_reads: True
trained_small_model_path: /opt/smallmodels/wgs
I0116 10:31:46.666735 139740115177472 genomics_reader.py:223] Reading /input/chr22.surjected.sorted.bam with NativeSamReader
W0116 10:31:46.666854 139740115177472 make_examples_core.py:464] No non-empty sample name found in the input reads. DeepVariant will use default as the sample name. You can also provide a sample name with the --sample_name argument.
I0116 10:31:46.668943 139740115177472 dv_utils.py:333] From /opt/models/wgs/model.example_info.json: Shape of input examples: [100, 221, 7], Channels of input examples: [1, 2, 3, 4, 5, 6, 19].
I0116 10:31:46.669292 139740115177472 make_examples_options.py:1204] Parsing AUX Fields: []
W0116 10:31:46.669668 139740115177472 make_examples_options.py:1255] Automatically setting --trim_reads_for_pileup to True because --alt_aligned_pileup is set.
I0116 10:31:46.709163 140283420848128 genomics_reader.py:223] Reading /input/chr22.surjected.sorted.bam with NativeSamReader
I0116 10:31:46.709522 140283420848128 make_examples_core.py:367] Task 1/8: Writing gvcf records to /output/tmp_chr22/gvcf.tfrecord-00001-of-00008.gz
I0116 10:31:46.711499 140283420848128 make_examples_core.py:367] Task 1/8: Writing examples to /output/tmp_chr22/make_examples.tfrecord-00001-of-00008.gz
I0116 10:31:46.711556 140283420848128 make_examples_core.py:367] Task 1/8: Overhead for preparing inputs: 0 seconds
I0116 10:31:46.713698 139740115177472 make_examples_core.py:367] Task 5/8: Preparing inputs
I0116 10:31:46.714592 139740115177472 genomics_reader.py:223] Reading /input/chr22.surjected.sorted.bam with NativeSamReader
I0116 10:31:46.715692 139740115177472 make_examples_core.py:367] Task 5/8: Common contigs are ['chr22']
I0116 10:31:46.721479 140283420848128 make_examples_core.py:367] Task 1/8: 0 candidates (0 examples) [0.01s elapsed]
I0116 10:31:46.752412 139810517626880 genomics_reader.py:223] Reading /input/chr22.surjected.sorted.bam with NativeSamReader
I0116 10:31:46.787649 139973552287744 genomics_reader.py:223] Reading /input/chr22.surjected.sorted.bam with NativeSamReader
I0116 10:31:46.788132 139973552287744 make_examples_core.py:367] Task 0/8: Writing gvcf records to /output/tmp_chr22/gvcf.tfrecord-00000-of-00008.gz
I0116 10:31:46.791343 139973552287744 make_examples_core.py:367] Task 0/8: Writing examples to /output/tmp_chr22/make_examples.tfrecord-00000-of-00008.gz
I0116 10:31:46.791449 139973552287744 make_examples_core.py:367] Task 0/8: Overhead for preparing inputs: 0 seconds
I0116 10:31:46.809251 139973552287744 make_examples_core.py:367] Task 0/8: 0 candidates (0 examples) [0.02s elapsed]
I0116 10:31:46.813044 140511434571776 genomics_reader.py:223] Reading /input/chr22.surjected.sorted.bam with NativeSamReader
I0116 10:31:46.813591 140511434571776 make_examples_core.py:367] Task 6/8: Writing gvcf records to /output/tmp_chr22/gvcf.tfrecord-00006-of-00008.gz
I0116 10:31:46.816716 140511434571776 make_examples_core.py:367] Task 6/8: Writing examples to /output/tmp_chr22/make_examples.tfrecord-00006-of-00008.gz
I0116 10:31:46.816821 140511434571776 make_examples_core.py:367] Task 6/8: Overhead for preparing inputs: 0 seconds
I0116 10:31:46.834424 140511434571776 make_examples_core.py:367] Task 6/8: 0 candidates (0 examples) [0.02s elapsed]
I0116 10:31:46.908194 139740115177472 make_examples_core.py:367] Task 5/8: Starting from v0.9.0, --use_ref_for_cram is default to true. If you are using CRAM input, note that we will decode CRAM using the reference you passed in with --ref
WARNING: All log messages before absl::InitializeLog() is called are written to STDERR
I0000 00:00:1768559506.908610     242 sam_reader.cc:997] Setting HTS_OPT_BLOCK_SIZE to 134217728
I0116 10:31:46.994395 139740115177472 genomics_reader.py:223] Reading /input/chr22.surjected.sorted.bam with NativeSamReader
I0116 10:31:47.059097 140639462100992 genomics_reader.py:223] Reading /input/chr22.surjected.sorted.bam with NativeSamReader
I0116 10:31:47.059679 140639462100992 make_examples_core.py:367] Task 2/8: Writing gvcf records to /output/tmp_chr22/gvcf.tfrecord-00002-of-00008.gz
I0116 10:31:47.062689 140639462100992 make_examples_core.py:367] Task 2/8: Writing examples to /output/tmp_chr22/make_examples.tfrecord-00002-of-00008.gz
I0116 10:31:47.062793 140639462100992 make_examples_core.py:367] Task 2/8: Overhead for preparing inputs: 0 seconds
I0116 10:31:47.066565 140164982493184 genomics_reader.py:223] Reading /input/chr22.surjected.sorted.bam with NativeSamReader
I0116 10:31:47.067043 140164982493184 make_examples_core.py:367] Task 3/8: Writing gvcf records to /output/tmp_chr22/gvcf.tfrecord-00003-of-00008.gz
I0116 10:31:47.069999 140164982493184 make_examples_core.py:367] Task 3/8: Writing examples to /output/tmp_chr22/make_examples.tfrecord-00003-of-00008.gz
I0116 10:31:47.070105 140164982493184 make_examples_core.py:367] Task 3/8: Overhead for preparing inputs: 0 seconds
I0116 10:31:47.079706 140639462100992 make_examples_core.py:367] Task 2/8: 0 candidates (0 examples) [0.02s elapsed]
I0116 10:31:47.086841 140164982493184 make_examples_core.py:367] Task 3/8: 0 candidates (0 examples) [0.02s elapsed]
I0116 10:31:47.154411 140313907945472 genomics_reader.py:223] Reading /input/chr22.surjected.sorted.bam with NativeSamReader
I0116 10:31:47.155023 140313907945472 make_examples_core.py:367] Task 4/8: Writing gvcf records to /output/tmp_chr22/gvcf.tfrecord-00004-of-00008.gz
I0116 10:31:47.158728 140313907945472 make_examples_core.py:367] Task 4/8: Writing examples to /output/tmp_chr22/make_examples.tfrecord-00004-of-00008.gz
I0116 10:31:47.158834 140313907945472 make_examples_core.py:367] Task 4/8: Overhead for preparing inputs: 0 seconds
I0116 10:31:47.176681 140313907945472 make_examples_core.py:367] Task 4/8: 0 candidates (0 examples) [0.02s elapsed]
I0116 10:31:47.439447 139810517626880 genomics_reader.py:223] Reading /input/chr22.surjected.sorted.bam with NativeSamReader
I0116 10:31:47.440013 139810517626880 make_examples_core.py:367] Task 7/8: Writing gvcf records to /output/tmp_chr22/gvcf.tfrecord-00007-of-00008.gz
I0116 10:31:47.443177 139810517626880 make_examples_core.py:367] Task 7/8: Writing examples to /output/tmp_chr22/make_examples.tfrecord-00007-of-00008.gz
I0116 10:31:47.443284 139810517626880 make_examples_core.py:367] Task 7/8: Overhead for preparing inputs: 1 seconds
I0116 10:31:47.461325 139810517626880 make_examples_core.py:367] Task 7/8: 0 candidates (0 examples) [0.02s elapsed]
I0116 10:31:47.469157 139740115177472 genomics_reader.py:223] Reading /input/chr22.surjected.sorted.bam with NativeSamReader
I0116 10:31:47.469610 139740115177472 make_examples_core.py:367] Task 5/8: Writing gvcf records to /output/tmp_chr22/gvcf.tfrecord-00005-of-00008.gz
I0116 10:31:47.471858 139740115177472 make_examples_core.py:367] Task 5/8: Writing examples to /output/tmp_chr22/make_examples.tfrecord-00005-of-00008.gz
I0116 10:31:47.471919 139740115177472 make_examples_core.py:367] Task 5/8: Overhead for preparing inputs: 0 seconds
I0116 10:31:47.482982 139740115177472 make_examples_core.py:367] Task 5/8: 0 candidates (0 examples) [0.01s elapsed]
I0116 10:32:26.042075 139810517626880 make_examples_core.py:367] Task 7/8: 2002 candidates (1778 examples) [38.58s elapsed]
I0116 10:32:26.837677 140639462100992 make_examples_core.py:367] Task 2/8: 2088 candidates (1909 examples) [39.76s elapsed]
I0116 10:32:26.845837 140511434571776 make_examples_core.py:367] Task 6/8: 2024 candidates (1856 examples) [40.01s elapsed]
I0116 10:32:27.058332 140164982493184 make_examples_core.py:367] Task 3/8: 2020 candidates (2007 examples) [39.97s elapsed]
I0116 10:32:27.290046 139740115177472 make_examples_core.py:367] Task 5/8: 2024 candidates (1806 examples) [39.81s elapsed]
I0116 10:32:27.415908 139973552287744 make_examples_core.py:367] Task 0/8: 2047 candidates (2004 examples) [40.61s elapsed]
I0116 10:32:28.836818 140283420848128 make_examples_core.py:367] Task 1/8: 2001 candidates (2001 examples) [42.12s elapsed]
I0116 10:32:34.459563 140313907945472 make_examples_core.py:367] Task 4/8: 2056 candidates (1819 examples) [47.28s elapsed]
I0116 10:32:50.638376 140164982493184 make_examples_core.py:367] Task 3/8: 4039 candidates (3721 examples) [23.58s elapsed]
I0116 10:32:51.474784 140283420848128 make_examples_core.py:367] Task 1/8: 4004 candidates (3576 examples) [22.64s elapsed]
I0116 10:32:51.680667 140639462100992 make_examples_core.py:367] Task 2/8: 4061 candidates (3580 examples) [24.84s elapsed]
I0116 10:32:51.695112 140511434571776 make_examples_core.py:367] Task 6/8: 4034 candidates (3504 examples) [24.85s elapsed]
I0116 10:32:54.039908 139973552287744 make_examples_core.py:367] Task 0/8: 4067 candidates (3604 examples) [26.62s elapsed]
I0116 10:32:55.343080 139810517626880 make_examples_core.py:367] Task 7/8: 4050 candidates (3437 examples) [29.30s elapsed]
I0116 10:32:56.685712 139740115177472 make_examples_core.py:367] Task 5/8: 4015 candidates (3558 examples) [29.40s elapsed]
I0116 10:33:07.864802 140313907945472 make_examples_core.py:367] Task 4/8: 4051 candidates (3517 examples) [33.40s elapsed]
I0116 10:33:10.837966 140164982493184 make_examples_core.py:367] Task 3/8: 6057 candidates (5139 examples) [20.20s elapsed]
I0116 10:33:12.019010 140283420848128 make_examples_core.py:367] Task 1/8: 6012 candidates (4934 examples) [20.54s elapsed]
I0116 10:33:12.271369 140639462100992 make_examples_core.py:367] Task 2/8: 6015 candidates (4923 examples) [20.59s elapsed]
I0116 10:33:12.786925 140511434571776 make_examples_core.py:367] Task 6/8: 6089 candidates (5001 examples) [21.09s elapsed]
I0116 10:33:12.961316 139973552287744 make_examples_core.py:367] Task 0/8: 6012 candidates (5112 examples) [18.92s elapsed]
I0116 10:33:15.643476 139810517626880 make_examples_core.py:367] Task 7/8: 6101 candidates (4766 examples) [20.30s elapsed]
I0116 10:33:17.212624 139740115177472 make_examples_core.py:367] Task 5/8: 6017 candidates (5064 examples) [20.53s elapsed]
I0116 10:33:31.801926 140164982493184 make_examples_core.py:367] Task 3/8: 8021 candidates (6729 examples) [20.96s elapsed]
I0116 10:33:34.636728 140283420848128 make_examples_core.py:367] Task 1/8: 8004 candidates (6634 examples) [22.62s elapsed]
I0116 10:33:34.646520 139973552287744 make_examples_core.py:367] Task 0/8: 8052 candidates (6776 examples) [21.68s elapsed]
I0116 10:33:35.824466 140511434571776 make_examples_core.py:367] Task 6/8: 8022 candidates (6650 examples) [23.04s elapsed]
I0116 10:33:37.732944 140639462100992 make_examples_core.py:367] Task 2/8: 8038 candidates (6611 examples) [25.46s elapsed]
I0116 10:33:37.677226 139810517626880 make_examples_core.py:367] Task 7/8: 8052 candidates (6301 examples) [22.03s elapsed]
I0116 10:33:38.404218 140313907945472 make_examples_core.py:367] Task 4/8: 6021 candidates (4897 examples) [30.54s elapsed]
I0116 10:33:39.426429 139740115177472 make_examples_core.py:367] Task 5/8: 8018 candidates (6619 examples) [22.21s elapsed]
I0116 10:33:55.803633 139973552287744 make_examples_core.py:367] Task 0/8: 10048 candidates (8637 examples) [21.16s elapsed]
I0116 10:33:57.319701 140283420848128 make_examples_core.py:367] Task 1/8: 10005 candidates (8356 examples) [22.68s elapsed]
I0116 10:33:57.975059 140164982493184 make_examples_core.py:367] Task 3/8: 10042 candidates (8446 examples) [26.17s elapsed]
I0116 10:33:58.302522 139810517626880 make_examples_core.py:367] Task 7/8: 10010 candidates (8086 examples) [20.62s elapsed]
I0116 10:33:59.387150 140511434571776 make_examples_core.py:367] Task 6/8: 10027 candidates (8464 examples) [23.56s elapsed]
I0116 10:34:00.874185 140639462100992 make_examples_core.py:367] Task 2/8: 10047 candidates (8502 examples) [23.14s elapsed]
I0116 10:34:03.853615 140313907945472 make_examples_core.py:367] Task 4/8: 8020 candidates (6569 examples) [25.45s elapsed]
I0116 10:34:06.708868 139740115177472 make_examples_core.py:367] Task 5/8: 10066 candidates (8465 examples) [27.28s elapsed]
I0116 10:34:19.330571 140283420848128 make_examples_core.py:367] Task 1/8: 12011 candidates (10078 examples) [22.01s elapsed]
I0116 10:34:18.757035 139810517626880 make_examples_core.py:367] Task 7/8: 12003 candidates (9694 examples) [20.45s elapsed]
I0116 10:34:19.451824 139973552287744 make_examples_core.py:367] Task 0/8: 12021 candidates (10378 examples) [23.65s elapsed]
I0116 10:34:20.850573 140164982493184 make_examples_core.py:367] Task 3/8: 12040 candidates (10233 examples) [22.88s elapsed]
I0116 10:34:23.442584 140511434571776 make_examples_core.py:367] Task 6/8: 12047 candidates (10205 examples) [24.05s elapsed]
I0116 10:34:23.893210 140639462100992 make_examples_core.py:367] Task 2/8: 12012 candidates (10158 examples) [23.02s elapsed]
I0116 10:34:26.947148 139740115177472 make_examples_core.py:367] Task 5/8: 12006 candidates (10160 examples) [20.24s elapsed]
I0116 10:34:27.111958 140313907945472 make_examples_core.py:367] Task 4/8: 10035 candidates (8381 examples) [23.26s elapsed]
I0116 10:34:45.662396 139810517626880 make_examples_core.py:367] Task 7/8: 14006 candidates (11375 examples) [26.90s elapsed]
I0116 10:34:47.055803 140283420848128 make_examples_core.py:367] Task 1/8: 14075 candidates (11888 examples) [27.72s elapsed]
I0116 10:34:47.099636 140164982493184 make_examples_core.py:367] Task 3/8: 14047 candidates (11855 examples) [26.25s elapsed]
I0116 10:34:49.360272 139973552287744 make_examples_core.py:367] Task 0/8: 14045 candidates (11966 examples) [29.91s elapsed]
I0116 10:34:49.536811 140511434571776 make_examples_core.py:367] Task 6/8: 14013 candidates (11920 examples) [26.09s elapsed]
I0116 10:34:49.850731 140639462100992 make_examples_core.py:367] Task 2/8: 14003 candidates (11753 examples) [25.96s elapsed]
I0116 10:34:52.583396 140313907945472 make_examples_core.py:367] Task 4/8: 12014 candidates (10114 examples) [25.47s elapsed]
I0116 10:34:55.428031 139740115177472 make_examples_core.py:367] Task 5/8: 14091 candidates (12108 examples) [28.48s elapsed]
I0116 10:35:04.703444 139810517626880 make_examples_core.py:367] Task 7/8: 16041 candidates (12494 examples) [19.04s elapsed]
I0116 10:35:06.865104 140164982493184 make_examples_core.py:367] Task 3/8: 16057 candidates (12855 examples) [19.77s elapsed]
I0116 10:35:08.789468 140639462100992 make_examples_core.py:367] Task 2/8: 16000 candidates (12634 examples) [18.94s elapsed]
I0116 10:35:08.493509 140511434571776 make_examples_core.py:367] Task 6/8: 16030 candidates (12895 examples) [18.96s elapsed]
I0116 10:35:09.006018 139973552287744 make_examples_core.py:367] Task 0/8: 16017 candidates (13133 examples) [19.65s elapsed]
I0116 10:35:10.283603 140283420848128 make_examples_core.py:367] Task 1/8: 16066 candidates (13201 examples) [23.23s elapsed]
I0116 10:35:15.567980 139740115177472 make_examples_core.py:367] Task 5/8: 16036 candidates (13039 examples) [20.14s elapsed]
I0116 10:35:21.065139 140313907945472 make_examples_core.py:367] Task 4/8: 14037 candidates (11768 examples) [28.48s elapsed]
I0116 10:35:23.124545 139810517626880 make_examples_core.py:367] Task 7/8: 18004 candidates (13498 examples) [18.42s elapsed]
I0116 10:35:27.219873 139973552287744 make_examples_core.py:367] Task 0/8: 18049 candidates (14211 examples) [18.21s elapsed]
I0116 10:35:28.129822 140511434571776 make_examples_core.py:367] Task 6/8: 18086 candidates (14043 examples) [19.64s elapsed]
I0116 10:35:29.135251 140164982493184 make_examples_core.py:367] Task 3/8: 18021 candidates (14014 examples) [22.27s elapsed]
I0116 10:35:29.546401 140283420848128 make_examples_core.py:367] Task 1/8: 18083 candidates (14383 examples) [19.26s elapsed]
I0116 10:35:29.713095 140639462100992 make_examples_core.py:367] Task 2/8: 18069 candidates (13934 examples) [20.92s elapsed]
I0116 10:35:38.436740 139740115177472 make_examples_core.py:367] Task 5/8: 18067 candidates (14311 examples) [22.87s elapsed]
I0116 10:35:40.692783 140313907945472 make_examples_core.py:367] Task 4/8: 16021 candidates (12713 examples) [19.63s elapsed]
I0116 10:35:46.688780 139973552287744 make_examples_core.py:367] Task 0/8: 20030 candidates (15786 examples) [19.47s elapsed]
I0116 10:35:46.896271 139810517626880 make_examples_core.py:367] Task 7/8: 20072 candidates (15235 examples) [23.77s elapsed]
I0116 10:35:53.461495 140283420848128 make_examples_core.py:367] Task 1/8: 20093 candidates (15806 examples) [23.91s elapsed]
I0116 10:35:53.674987 140639462100992 make_examples_core.py:367] Task 2/8: 20090 candidates (15532 examples) [23.96s elapsed]
I0116 10:35:55.709083 140164982493184 make_examples_core.py:367] Task 3/8: 20092 candidates (15872 examples) [26.57s elapsed]
I0116 10:35:56.712294 140511434571776 make_examples_core.py:367] Task 6/8: 20021 candidates (15740 examples) [28.58s elapsed]
I0116 10:36:02.262135 139740115177472 make_examples_core.py:367] Task 5/8: 20049 candidates (15788 examples) [23.83s elapsed]
I0116 10:36:05.311864 140313907945472 make_examples_core.py:367] Task 4/8: 18021 candidates (14036 examples) [24.62s elapsed]
I0116 10:36:07.383777 139973552287744 make_examples_core.py:367] Task 0/8: 22006 candidates (17499 examples) [20.69s elapsed]
I0116 10:36:11.262398 139810517626880 make_examples_core.py:367] Task 7/8: 22063 candidates (16933 examples) [24.37s elapsed]
I0116 10:36:15.048808 140164982493184 make_examples_core.py:367] Task 3/8: 22105 candidates (17386 examples) [19.34s elapsed]
I0116 10:36:15.699939 140283420848128 make_examples_core.py:367] Task 1/8: 22004 candidates (17319 examples) [22.24s elapsed]
I0116 10:36:16.230330 140639462100992 make_examples_core.py:367] Task 2/8: 22030 candidates (17157 examples) [22.56s elapsed]
I0116 10:36:20.217156 140511434571776 make_examples_core.py:367] Task 6/8: 22044 candidates (17263 examples) [23.50s elapsed]
I0116 10:36:25.290082 139740115177472 make_examples_core.py:367] Task 5/8: 22027 candidates (17241 examples) [23.03s elapsed]
I0116 10:36:32.867027 139973552287744 make_examples_core.py:367] Task 0/8: 24036 candidates (19284 examples) [25.48s elapsed]
I0116 10:36:35.694648 140313907945472 make_examples_core.py:367] Task 4/8: 20102 candidates (15609 examples) [30.38s elapsed]
I0116 10:36:41.006512 140639462100992 make_examples_core.py:367] Task 2/8: 24001 candidates (18941 examples) [24.78s elapsed]
I0116 10:36:42.021380 140283420848128 make_examples_core.py:367] Task 1/8: 24052 candidates (19125 examples) [26.32s elapsed]
I0116 10:36:43.469338 139810517626880 make_examples_core.py:367] Task 7/8: 24115 candidates (18899 examples) [32.21s elapsed]
I0116 10:36:46.952442 140164982493184 make_examples_core.py:367] Task 3/8: 24019 candidates (19100 examples) [31.90s elapsed]
I0116 10:36:47.373177 140511434571776 make_examples_core.py:367] Task 6/8: 24009 candidates (18923 examples) [27.16s elapsed]
I0116 10:36:51.569924 139740115177472 make_examples_core.py:367] Task 5/8: 24057 candidates (18997 examples) [26.28s elapsed]
I0116 10:36:55.995575 140313907945472 make_examples_core.py:367] Task 4/8: 22023 candidates (17115 examples) [20.30s elapsed]
I0116 10:37:04.201108 139973552287744 make_examples_core.py:367] Task 0/8: 26029 candidates (21189 examples) [31.33s elapsed]
I0116 10:37:10.913478 139810517626880 make_examples_core.py:367] Task 7/8: 26112 candidates (20703 examples) [27.44s elapsed]
I0116 10:37:12.926511 140639462100992 make_examples_core.py:367] Task 2/8: 26052 candidates (20797 examples) [31.92s elapsed]
I0116 10:37:13.246374 140283420848128 make_examples_core.py:367] Task 1/8: 26039 candidates (20951 examples) [31.22s elapsed]
I0116 10:37:13.207592 140164982493184 make_examples_core.py:367] Task 3/8: 26013 candidates (20999 examples) [26.25s elapsed]
I0116 10:37:17.025721 140511434571776 make_examples_core.py:367] Task 6/8: 26048 candidates (20812 examples) [29.65s elapsed]
I0116 10:37:17.519483 139740115177472 make_examples_core.py:367] Task 5/8: 26041 candidates (20893 examples) [25.95s elapsed]
I0116 10:37:25.379212 139973552287744 make_examples_core.py:367] Task 0/8: 28004 candidates (22823 examples) [21.18s elapsed]
I0116 10:37:28.256137 140313907945472 make_examples_core.py:367] Task 4/8: 24035 candidates (18829 examples) [32.26s elapsed]
I0116 10:37:32.215709 139810517626880 make_examples_core.py:367] Task 7/8: 28107 candidates (22404 examples) [21.30s elapsed]
I0116 10:37:36.223627 140283420848128 make_examples_core.py:367] Task 1/8: 28049 candidates (22642 examples) [22.98s elapsed]
I0116 10:37:36.596529 140511434571776 make_examples_core.py:367] Task 6/8: 28054 candidates (22483 examples) [19.57s elapsed]
I0116 10:37:36.195918 140164982493184 make_examples_core.py:367] Task 3/8: 28040 candidates (22458 examples) [22.99s elapsed]
I0116 10:37:37.193974 139740115177472 make_examples_core.py:367] Task 5/8: 28025 candidates (22540 examples) [19.67s elapsed]
I0116 10:37:37.901222 140639462100992 make_examples_core.py:367] Task 2/8: 28009 candidates (22442 examples) [24.97s elapsed]
I0116 10:37:54.164523 139973552287744 make_examples_core.py:367] Task 0/8: 30001 candidates (24355 examples) [28.78s elapsed]
I0116 10:37:54.109505 139810517626880 make_examples_core.py:367] Task 7/8: 30080 candidates (24062 examples) [21.89s elapsed]
I0116 10:37:56.998287 140313907945472 make_examples_core.py:367] Task 4/8: 26041 candidates (20720 examples) [28.74s elapsed]
I0116 10:37:59.079651 139740115177472 make_examples_core.py:367] Task 5/8: 30007 candidates (23829 examples) [21.89s elapsed]
I0116 10:38:00.913367 140639462100992 make_examples_core.py:367] Task 2/8: 30082 candidates (23901 examples) [23.01s elapsed]
I0116 10:38:01.168763 140283420848128 make_examples_core.py:367] Task 1/8: 30013 candidates (24125 examples) [24.94s elapsed]
I0116 10:38:03.611612 140164982493184 make_examples_core.py:367] Task 3/8: 30027 candidates (23955 examples) [27.42s elapsed]
I0116 10:38:17.145014 140313907945472 make_examples_core.py:367] Task 4/8: 28077 candidates (22445 examples) [20.15s elapsed]
I0116 10:38:21.374731 140639462100992 make_examples_core.py:367] Task 2/8: 32056 candidates (24994 examples) [20.46s elapsed]
I0116 10:38:22.435741 139973552287744 make_examples_core.py:367] Task 0/8: 32122 candidates (25450 examples) [28.27s elapsed]
I0116 10:38:22.614324 139810517626880 make_examples_core.py:367] Task 7/8: 32070 candidates (25143 examples) [28.50s elapsed]
I0116 10:38:31.775138 140511434571776 make_examples_core.py:367] Task 6/8: 30117 candidates (23666 examples) [55.18s elapsed]
I0116 10:38:32.604659 140283420848128 make_examples_core.py:367] Task 1/8: 32058 candidates (25188 examples) [31.44s elapsed]
I0116 10:38:34.276012 139740115177472 make_examples_core.py:367] Task 5/8: 32055 candidates (24859 examples) [35.20s elapsed]
I0116 10:38:40.163863 140313907945472 make_examples_core.py:367] Task 4/8: 30126 candidates (23803 examples) [23.02s elapsed]
I0116 10:38:43.519734 140164982493184 make_examples_core.py:367] Task 3/8: 32033 candidates (25129 examples) [39.91s elapsed]
I0116 10:38:44.720474 140639462100992 make_examples_core.py:367] Task 2/8: 34019 candidates (25989 examples) [23.35s elapsed]
I0116 10:38:49.089396 139810517626880 make_examples_core.py:367] Task 7/8: 34010 candidates (26264 examples) [26.47s elapsed]
I0116 10:38:50.930599 139973552287744 make_examples_core.py:367] Task 0/8: 34007 candidates (26568 examples) [28.49s elapsed]
I0116 10:38:57.713885 140283420848128 make_examples_core.py:367] Task 1/8: 34017 candidates (26124 examples) [25.11s elapsed]
I0116 10:39:00.210041 139740115177472 make_examples_core.py:367] Task 5/8: 34020 candidates (25725 examples) [25.93s elapsed]
I0116 10:39:01.370822 140511434571776 make_examples_core.py:367] Task 6/8: 32047 candidates (24840 examples) [29.60s elapsed]
I0116 10:39:03.491456 140313907945472 make_examples_core.py:367] Task 4/8: 32040 candidates (24705 examples) [23.33s elapsed]
I0116 10:39:08.045698 140164982493184 make_examples_core.py:367] Task 3/8: 34052 candidates (26151 examples) [24.53s elapsed]
I0116 10:39:11.599405 140639462100992 make_examples_core.py:367] Task 2/8: 36127 candidates (26974 examples) [26.88s elapsed]
I0116 10:39:12.517709 139810517626880 make_examples_core.py:367] Task 7/8: 36017 candidates (27205 examples) [23.43s elapsed]
I0116 10:39:21.309045 140283420848128 make_examples_core.py:367] Task 1/8: 36065 candidates (27192 examples) [23.59s elapsed]
I0116 10:39:23.213529 139973552287744 make_examples_core.py:367] Task 0/8: 36006 candidates (27741 examples) [32.28s elapsed]
I0116 10:39:30.091976 139740115177472 make_examples_core.py:367] Task 5/8: 36025 candidates (26727 examples) [29.88s elapsed]
I0116 10:39:29.888225 140511434571776 make_examples_core.py:367] Task 6/8: 34044 candidates (25892 examples) [28.52s elapsed]
I0116 10:39:32.723339 140313907945472 make_examples_core.py:367] Task 4/8: 34037 candidates (25556 examples) [29.23s elapsed]
I0116 10:39:33.586806 140639462100992 make_examples_core.py:367] Task 2/8: 38002 candidates (27972 examples) [21.99s elapsed]
I0116 10:39:36.686519 140164982493184 make_examples_core.py:367] Task 3/8: 36065 candidates (27127 examples) [28.64s elapsed]
I0116 10:39:41.121192 139810517626880 make_examples_core.py:367] Task 7/8: 38063 candidates (28143 examples) [28.60s elapsed]
I0116 10:39:51.850038 140283420848128 make_examples_core.py:367] Task 1/8: 38017 candidates (28353 examples) [30.54s elapsed]
I0116 10:39:55.449811 140511434571776 make_examples_core.py:367] Task 6/8: 36053 candidates (27003 examples) [25.56s elapsed]
I0116 10:39:57.371740 140313907945472 make_examples_core.py:367] Task 4/8: 36021 candidates (26658 examples) [24.65s elapsed]
I0116 10:39:57.524804 139973552287744 make_examples_core.py:367] Task 0/8: 38046 candidates (29069 examples) [34.31s elapsed]
I0116 10:39:58.957894 139740115177472 make_examples_core.py:367] Task 5/8: 38096 candidates (27557 examples) [28.87s elapsed]
I0116 10:40:00.251217 140639462100992 make_examples_core.py:367] Task 2/8: 40042 candidates (29472 examples) [26.66s elapsed]
I0116 10:40:03.180974 139810517626880 make_examples_core.py:367] Task 7/8: 40048 candidates (29527 examples) [22.06s elapsed]
I0116 10:40:12.534529 140164982493184 make_examples_core.py:367] Task 3/8: 38014 candidates (28402 examples) [35.85s elapsed]
I0116 10:40:16.672583 140283420848128 make_examples_core.py:367] Task 1/8: 40090 candidates (29962 examples) [24.82s elapsed]
I0116 10:40:19.598401 140511434571776 make_examples_core.py:367] Task 6/8: 38076 candidates (27931 examples) [24.15s elapsed]
I0116 10:40:22.530431 139973552287744 make_examples_core.py:367] Task 0/8: 40040 candidates (30238 examples) [25.01s elapsed]
I0116 10:40:27.711241 139740115177472 make_examples_core.py:367] Task 5/8: 40088 candidates (28956 examples) [28.75s elapsed]
I0116 10:40:31.186213 140639462100992 make_examples_core.py:367] Task 2/8: 42046 candidates (30526 examples) [30.93s elapsed]
I0116 10:40:32.306538 139810517626880 make_examples_core.py:367] Task 7/8: 42038 candidates (30490 examples) [29.13s elapsed]
I0116 10:40:39.711176 140313907945472 make_examples_core.py:367] Task 4/8: 38010 candidates (27934 examples) [42.34s elapsed]
I0116 10:40:44.150352 140164982493184 make_examples_core.py:367] Task 3/8: 40029 candidates (29707 examples) [31.62s elapsed]
I0116 10:40:46.488027 139973552287744 make_examples_core.py:367] Task 0/8: 42071 candidates (31131 examples) [23.96s elapsed]
I0116 10:40:52.957189 140511434571776 make_examples_core.py:367] Task 6/8: 40013 candidates (29169 examples) [33.36s elapsed]
I0116 10:40:54.236999 139740115177472 make_examples_core.py:367] Task 5/8: 42004 candidates (29841 examples) [26.53s elapsed]
I0116 10:40:55.950166 140283420848128 make_examples_core.py:367] Task 1/8: 42001 candidates (30740 examples) [39.28s elapsed]
I0116 10:40:59.399561 139810517626880 make_examples_core.py:367] Task 7/8: 44082 candidates (31549 examples) [27.09s elapsed]
I0116 10:41:04.898448 140639462100992 make_examples_core.py:367] Task 2/8: 44041 candidates (31443 examples) [33.71s elapsed]
I0116 10:41:08.138224 140313907945472 make_examples_core.py:367] Task 4/8: 40024 candidates (29285 examples) [28.43s elapsed]
I0116 10:41:08.940256 140164982493184 make_examples_core.py:367] Task 3/8: 42053 candidates (30789 examples) [24.79s elapsed]
I0116 10:41:15.855065 139973552287744 make_examples_core.py:367] Task 0/8: 44040 candidates (32116 examples) [29.37s elapsed]
I0116 10:41:19.897820 140283420848128 make_examples_core.py:367] Task 1/8: 44011 candidates (31688 examples) [23.95s elapsed]
I0116 10:41:21.850457 140511434571776 make_examples_core.py:367] Task 6/8: 42146 candidates (30313 examples) [28.89s elapsed]
