I0116 13:48:25.034761 140231777640448 make_examples_core.py:367] Task 4/8: 148016 candidates (109950 examples) [53.28s elapsed]
I0116 13:48:26.077785 139957620043776 make_examples_core.py:367] Task 7/8: 144065 candidates (105292 examples) [44.75s elapsed]
I0116 13:48:27.733651 139731388325888 make_examples_core.py:367] Task 3/8: 150019 candidates (110384 examples) [30.18s elapsed]
I0116 13:48:32.823459 140215033708544 make_examples_core.py:367] Task 5/8: 144020 candidates (106347 examples) [35.57s elapsed]
I0116 13:48:38.649587 139922397167616 make_examples_core.py:367] Task 1/8: 150022 candidates (110990 examples) [39.29s elapsed]
I0116 13:48:48.437385 140046853844992 make_examples_core.py:367] Task 6/8: 148042 candidates (107883 examples) [60.27s elapsed]
I0116 13:48:57.322086 140231777640448 make_examples_core.py:367] Task 4/8: 150087 candidates (111164 examples) [32.29s elapsed]
I0116 13:49:04.144792 139735852650496 make_examples_core.py:367] Task 0/8: 146003 candidates (108932 examples) [48.54s elapsed]
I0116 13:49:05.686093 139957620043776 make_examples_core.py:367] Task 7/8: 146097 candidates (106829 examples) [39.61s elapsed]
I0116 13:49:06.987541 139939281014784 make_examples_core.py:367] Task 2/8: 150031 candidates (111220 examples) [42.53s elapsed]
I0116 13:49:08.244806 139731388325888 make_examples_core.py:367] Task 3/8: 152007 candidates (111656 examples) [40.51s elapsed]
I0116 13:49:17.432654 139922397167616 make_examples_core.py:367] Task 1/8: 152047 candidates (112361 examples) [38.78s elapsed]
I0116 13:49:17.970179 140215033708544 make_examples_core.py:367] Task 5/8: 146076 candidates (107675 examples) [45.15s elapsed]
I0116 13:49:21.422894 140046853844992 make_examples_core.py:367] Task 6/8: 150020 candidates (109215 examples) [32.99s elapsed]
I0116 13:49:39.487536 139957620043776 make_examples_core.py:367] Task 7/8: 148015 candidates (108125 examples) [33.80s elapsed]
I0116 13:49:42.034153 140231777640448 make_examples_core.py:367] Task 4/8: 152082 candidates (112516 examples) [44.71s elapsed]
I0116 13:49:45.027992 139735852650496 make_examples_core.py:367] Task 0/8: 148000 candidates (110179 examples) [40.88s elapsed]
I0116 13:49:49.733673 139731388325888 make_examples_core.py:367] Task 3/8: 154036 candidates (113149 examples) [41.49s elapsed]
I0116 13:49:51.018702 139939281014784 make_examples_core.py:367] Task 2/8: 152055 candidates (112815 examples) [44.03s elapsed]
I0116 13:49:51.597739 140215033708544 make_examples_core.py:367] Task 5/8: 148055 candidates (108894 examples) [33.63s elapsed]
I0116 13:49:59.194783 139922397167616 make_examples_core.py:367] Task 1/8: 154013 candidates (113718 examples) [41.76s elapsed]
I0116 13:50:00.563521 140046853844992 make_examples_core.py:367] Task 6/8: 152048 candidates (110369 examples) [39.14s elapsed]
I0116 13:50:19.972762 139957620043776 make_examples_core.py:367] Task 7/8: 150007 candidates (109604 examples) [40.48s elapsed]
I0116 13:50:25.872175 139731388325888 make_examples_core.py:367] Task 3/8: 156006 candidates (114504 examples) [36.14s elapsed]
I0116 13:50:27.709592 139939281014784 make_examples_core.py:367] Task 2/8: 154023 candidates (114168 examples) [36.69s elapsed]
I0116 13:50:28.324645 140215033708544 make_examples_core.py:367] Task 5/8: 150024 candidates (110094 examples) [36.73s elapsed]
I0116 13:50:35.095906 140231777640448 make_examples_core.py:367] Task 4/8: 154035 candidates (113664 examples) [53.06s elapsed]
I0116 13:50:36.334506 139735852650496 make_examples_core.py:367] Task 0/8: 150024 candidates (111449 examples) [51.31s elapsed]
I0116 13:50:46.284032 139922397167616 make_examples_core.py:367] Task 1/8: 156054 candidates (115163 examples) [47.09s elapsed]
I0116 13:50:51.091002 140046853844992 make_examples_core.py:367] Task 6/8: 154107 candidates (111715 examples) [50.53s elapsed]
I0116 13:51:00.627878 139957620043776 make_examples_core.py:367] Task 7/8: 152027 candidates (110865 examples) [40.65s elapsed]
I0116 13:51:04.541062 139731388325888 make_examples_core.py:367] Task 3/8: 158094 candidates (116078 examples) [38.67s elapsed]
I0116 13:51:05.086912 139939281014784 make_examples_core.py:367] Task 2/8: 156017 candidates (115433 examples) [37.38s elapsed]
I0116 13:51:06.996095 140215033708544 make_examples_core.py:367] Task 5/8: 152010 candidates (111430 examples) [38.67s elapsed]
I0116 13:51:16.260113 139735852650496 make_examples_core.py:367] Task 0/8: 152066 candidates (112841 examples) [39.93s elapsed]
I0116 13:51:17.732001 140231777640448 make_examples_core.py:367] Task 4/8: 156043 candidates (115067 examples) [42.64s elapsed]
I0116 13:51:25.820384 139922397167616 make_examples_core.py:367] Task 1/8: 158066 candidates (116708 examples) [39.54s elapsed]
I0116 13:51:31.186311 140046853844992 make_examples_core.py:367] Task 6/8: 156008 candidates (113220 examples) [40.10s elapsed]
I0116 13:51:47.593401 139957620043776 make_examples_core.py:367] Task 7/8: 154046 candidates (112280 examples) [46.97s elapsed]
I0116 13:51:50.597099 139939281014784 make_examples_core.py:367] Task 2/8: 158012 candidates (116706 examples) [45.51s elapsed]
I0116 13:51:54.187322 140215033708544 make_examples_core.py:367] Task 5/8: 154112 candidates (113025 examples) [47.19s elapsed]
I0116 13:51:56.103022 139735852650496 make_examples_core.py:367] Task 0/8: 154009 candidates (114297 examples) [39.84s elapsed]
I0116 13:51:57.702108 139731388325888 make_examples_core.py:367] Task 3/8: 160026 candidates (117326 examples) [53.16s elapsed]
I0116 13:52:05.154422 140231777640448 make_examples_core.py:367] Task 4/8: 158005 candidates (116363 examples) [47.42s elapsed]
I0116 13:52:09.135271 140046853844992 make_examples_core.py:367] Task 6/8: 158028 candidates (114533 examples) [37.95s elapsed]
I0116 13:52:09.961841 139922397167616 make_examples_core.py:367] Task 1/8: 160012 candidates (118005 examples) [44.14s elapsed]
I0116 13:52:30.029636 140215033708544 make_examples_core.py:367] Task 5/8: 156001 candidates (114425 examples) [35.84s elapsed]
I0116 13:52:32.596443 139957620043776 make_examples_core.py:367] Task 7/8: 156013 candidates (113638 examples) [45.00s elapsed]
I0116 13:52:35.202913 139735852650496 make_examples_core.py:367] Task 0/8: 156050 candidates (115788 examples) [39.10s elapsed]
I0116 13:52:37.175519 139939281014784 make_examples_core.py:367] Task 2/8: 160048 candidates (118225 examples) [46.58s elapsed]
I0116 13:52:39.376368 140231777640448 make_examples_core.py:367] Task 4/8: 160131 candidates (117967 examples) [34.22s elapsed]
I0116 13:52:40.983190 139731388325888 make_examples_core.py:367] Task 3/8: 162012 candidates (118639 examples) [43.28s elapsed]
I0116 13:52:48.757494 140046853844992 make_examples_core.py:367] Task 6/8: 160022 candidates (115962 examples) [39.62s elapsed]
I0116 13:52:53.647011 139922397167616 make_examples_core.py:367] Task 1/8: 162006 candidates (119204 examples) [43.68s elapsed]
I0116 13:53:04.253391 139735852650496 make_examples_core.py:367] Task 0/8: 158019 candidates (117195 examples) [29.05s elapsed]
I0116 13:53:11.294779 139957620043776 make_examples_core.py:367] Task 7/8: 158001 candidates (115223 examples) [38.70s elapsed]
I0116 13:53:12.555619 139939281014784 make_examples_core.py:367] Task 2/8: 162044 candidates (119402 examples) [35.38s elapsed]
I0116 13:53:20.319122 140231777640448 make_examples_core.py:367] Task 4/8: 162072 candidates (119410 examples) [40.94s elapsed]
I0116 13:53:20.567799 140215033708544 make_examples_core.py:367] Task 5/8: 158076 candidates (115798 examples) [50.54s elapsed]
I0116 13:53:21.178155 140046853844992 make_examples_core.py:367] Task 6/8: 162024 candidates (117314 examples) [32.42s elapsed]
I0116 13:53:28.805429 139731388325888 make_examples_core.py:367] Task 3/8: 164182 candidates (120042 examples) [47.82s elapsed]
I0116 13:53:30.993494 139922397167616 make_examples_core.py:367] Task 1/8: 164012 candidates (120294 examples) [37.35s elapsed]
I0116 13:53:51.055726 139735852650496 make_examples_core.py:367] Task 0/8: 160021 candidates (118351 examples) [46.80s elapsed]
I0116 13:53:56.093037 139939281014784 make_examples_core.py:367] Task 2/8: 164048 candidates (120921 examples) [43.54s elapsed]
I0116 13:53:57.737696 140215033708544 make_examples_core.py:367] Task 5/8: 160170 candidates (117184 examples) [37.17s elapsed]
I0116 13:53:59.527018 140046853844992 make_examples_core.py:367] Task 6/8: 164005 candidates (118623 examples) [38.35s elapsed]
I0116 13:53:59.826432 139731388325888 make_examples_core.py:367] Task 3/8: 166088 candidates (121076 examples) [31.02s elapsed]
I0116 13:54:02.413483 139957620043776 make_examples_core.py:367] Task 7/8: 160042 candidates (116428 examples) [51.12s elapsed]
I0116 13:54:02.831671 140231777640448 make_examples_core.py:367] Task 4/8: 164045 candidates (120894 examples) [42.51s elapsed]
I0116 13:54:09.978050 139922397167616 make_examples_core.py:367] Task 1/8: 166084 candidates (121678 examples) [38.98s elapsed]
I0116 13:54:27.509741 139939281014784 make_examples_core.py:367] Task 2/8: 166039 candidates (122177 examples) [31.42s elapsed]
I0116 13:54:34.951709 139735852650496 make_examples_core.py:367] Task 0/8: 162052 candidates (119774 examples) [43.90s elapsed]
I0116 13:54:34.553201 140215033708544 make_examples_core.py:367] Task 5/8: 162100 candidates (118529 examples) [36.82s elapsed]
I0116 13:54:38.369230 139731388325888 make_examples_core.py:367] Task 3/8: 168042 candidates (122374 examples) [38.54s elapsed]
I0116 13:54:43.072757 140046853844992 make_examples_core.py:367] Task 6/8: 166027 candidates (120114 examples) [43.55s elapsed]
I0116 13:54:43.703419 139922397167616 make_examples_core.py:367] Task 1/8: 168056 candidates (122993 examples) [33.73s elapsed]
I0116 13:54:46.214530 140231777640448 make_examples_core.py:367] Task 4/8: 166001 candidates (122130 examples) [43.38s elapsed]
I0116 13:54:48.854413 139957620043776 make_examples_core.py:367] Task 7/8: 162058 candidates (117843 examples) [46.44s elapsed]
I0116 13:55:02.235152 139939281014784 make_examples_core.py:367] Task 2/8: 168080 candidates (123628 examples) [34.73s elapsed]
I0116 13:55:18.420274 140046853844992 make_examples_core.py:367] Task 6/8: 168031 candidates (121367 examples) [35.35s elapsed]
I0116 13:55:21.781201 139735852650496 make_examples_core.py:367] Task 0/8: 164038 candidates (120911 examples) [46.83s elapsed]
I0116 13:55:24.128081 140215033708544 make_examples_core.py:367] Task 5/8: 164052 candidates (119786 examples) [49.57s elapsed]
I0116 13:55:26.924491 139957620043776 make_examples_core.py:367] Task 7/8: 164045 candidates (119024 examples) [38.07s elapsed]
I0116 13:55:30.530301 139922397167616 make_examples_core.py:367] Task 1/8: 170037 candidates (124352 examples) [46.83s elapsed]
I0116 13:55:31.138091 140231777640448 make_examples_core.py:367] Task 4/8: 168017 candidates (123482 examples) [44.92s elapsed]
I0116 13:55:36.135641 139731388325888 make_examples_core.py:367] Task 3/8: 170039 candidates (123888 examples) [57.77s elapsed]
I0116 13:55:58.038339 140046853844992 make_examples_core.py:367] Task 6/8: 170019 candidates (122713 examples) [39.62s elapsed]
I0116 13:55:58.854592 139939281014784 make_examples_core.py:367] Task 2/8: 170008 candidates (124936 examples) [56.62s elapsed]
I0116 13:55:59.906239 139735852650496 make_examples_core.py:367] Task 0/8: 166019 candidates (122364 examples) [38.12s elapsed]
I0116 13:56:05.110479 139731388325888 make_examples_core.py:367] Task 3/8: 172018 candidates (125206 examples) [28.97s elapsed]
I0116 13:56:08.783383 140215033708544 make_examples_core.py:367] Task 5/8: 166010 candidates (121035 examples) [44.65s elapsed]
I0116 13:56:09.816437 140231777640448 make_examples_core.py:367] Task 4/8: 170001 candidates (124916 examples) [38.68s elapsed]
I0116 13:56:12.888068 139922397167616 make_examples_core.py:367] Task 1/8: 172006 candidates (125648 examples) [42.36s elapsed]
I0116 13:56:17.926101 139957620043776 make_examples_core.py:367] Task 7/8: 166002 candidates (120243 examples) [51.00s elapsed]
I0116 13:56:29.519800 140046853844992 make_examples_core.py:367] Task 6/8: 172090 candidates (124144 examples) [31.48s elapsed]
I0116 13:56:37.457569 139735852650496 make_examples_core.py:367] Task 0/8: 168087 candidates (123847 examples) [37.55s elapsed]
I0116 13:56:40.716874 139939281014784 make_examples_core.py:367] Task 2/8: 172064 candidates (126481 examples) [41.86s elapsed]
I0116 13:56:45.014173 139731388325888 make_examples_core.py:367] Task 3/8: 174058 candidates (126569 examples) [39.90s elapsed]
I0116 13:56:46.729949 140231777640448 make_examples_core.py:367] Task 4/8: 172021 candidates (126325 examples) [36.91s elapsed]
I0116 13:56:49.827520 140215033708544 make_examples_core.py:367] Task 5/8: 168028 candidates (122190 examples) [41.04s elapsed]
I0116 13:56:58.590413 139957620043776 make_examples_core.py:367] Task 7/8: 168063 candidates (121617 examples) [40.66s elapsed]
I0116 13:57:01.693118 139922397167616 make_examples_core.py:367] Task 1/8: 174012 candidates (127015 examples) [48.80s elapsed]
I0116 13:57:07.239089 139735852650496 make_examples_core.py:367] Task 0/8: 170045 candidates (125166 examples) [29.78s elapsed]
I0116 13:57:09.712464 140046853844992 make_examples_core.py:367] Task 6/8: 174005 candidates (125548 examples) [40.19s elapsed]
I0116 13:57:19.946526 140215033708544 make_examples_core.py:367] Task 5/8: 170029 candidates (123522 examples) [30.12s elapsed]
I0116 13:57:23.580060 139939281014784 make_examples_core.py:367] Task 2/8: 174005 candidates (127861 examples) [42.86s elapsed]
I0116 13:57:29.851892 140231777640448 make_examples_core.py:367] Task 4/8: 174098 candidates (127542 examples) [43.12s elapsed]
I0116 13:57:33.524844 139731388325888 make_examples_core.py:367] Task 3/8: 176044 candidates (127864 examples) [48.51s elapsed]
I0116 13:57:34.974676 139957620043776 make_examples_core.py:367] Task 7/8: 170050 candidates (122794 examples) [36.38s elapsed]
I0116 13:57:35.476207 139922397167616 make_examples_core.py:367] Task 1/8: 176052 candidates (128427 examples) [33.78s elapsed]
I0116 13:57:40.559428 139735852650496 make_examples_core.py:367] Task 0/8: 172067 candidates (126389 examples) [33.32s elapsed]
I0116 13:57:55.844014 140046853844992 make_examples_core.py:367] Task 6/8: 176060 candidates (126882 examples) [46.13s elapsed]
I0116 13:57:59.167185 140215033708544 make_examples_core.py:367] Task 5/8: 172086 candidates (125035 examples) [39.22s elapsed]
I0116 13:58:00.984898 139939281014784 make_examples_core.py:367] Task 2/8: 176006 candidates (129262 examples) [37.40s elapsed]
I0116 13:58:02.626369 139731388325888 make_examples_core.py:367] Task 3/8: 178036 candidates (129307 examples) [29.10s elapsed]
I0116 13:58:11.502321 140231777640448 make_examples_core.py:367] Task 4/8: 176134 candidates (128984 examples) [41.65s elapsed]
I0116 13:58:11.354732 139957620043776 make_examples_core.py:367] Task 7/8: 172055 candidates (124046 examples) [36.38s elapsed]
I0116 13:58:17.542590 139922397167616 make_examples_core.py:367] Task 1/8: 178014 candidates (129792 examples) [42.07s elapsed]
I0116 13:58:20.758358 139735852650496 make_examples_core.py:367] Task 0/8: 174003 candidates (127597 examples) [40.20s elapsed]
I0116 13:58:29.887537 140046853844992 make_examples_core.py:367] Task 6/8: 178001 candidates (128205 examples) [34.04s elapsed]
I0116 13:58:42.984556 139731388325888 make_examples_core.py:367] Task 3/8: 180014 candidates (130692 examples) [40.36s elapsed]
I0116 13:58:46.475900 140215033708544 make_examples_core.py:367] Task 5/8: 174041 candidates (126205 examples) [47.31s elapsed]
I0116 13:58:49.932140 139957620043776 make_examples_core.py:367] Task 7/8: 174032 candidates (125578 examples) [38.58s elapsed]
I0116 13:58:52.841811 139939281014784 make_examples_core.py:367] Task 2/8: 178040 candidates (130742 examples) [51.86s elapsed]
I0116 13:58:54.894731 140231777640448 make_examples_core.py:367] Task 4/8: 178030 candidates (130275 examples) [43.39s elapsed]
I0116 13:58:55.206736 139922397167616 make_examples_core.py:367] Task 1/8: 180126 candidates (131217 examples) [37.66s elapsed]
I0116 13:59:07.556417 139735852650496 make_examples_core.py:367] Task 0/8: 176049 candidates (129227 examples) [46.80s elapsed]
I0116 13:59:19.327781 139731388325888 make_examples_core.py:367] Task 3/8: 182067 candidates (132230 examples) [36.34s elapsed]
I0116 13:59:21.825112 140215033708544 make_examples_core.py:367] Task 5/8: 176003 candidates (127599 examples) [35.35s elapsed]
I0116 13:59:23.226653 139922397167616 make_examples_core.py:367] Task 1/8: 182001 candidates (132439 examples) [28.02s elapsed]
I0116 13:59:28.280543 140046853844992 make_examples_core.py:367] Task 6/8: 180018 candidates (129489 examples) [58.39s elapsed]
I0116 13:59:33.231368 139939281014784 make_examples_core.py:367] Task 2/8: 180103 candidates (132223 examples) [40.39s elapsed]
I0116 13:59:35.538614 139957620043776 make_examples_core.py:367] Task 7/8: 176043 candidates (126980 examples) [45.61s elapsed]
I0116 13:59:44.299853 139735852650496 make_examples_core.py:367] Task 0/8: 178064 candidates (130584 examples) [36.74s elapsed]
I0116 13:59:46.560300 140231777640448 make_examples_core.py:367] Task 4/8: 180018 candidates (131696 examples) [51.67s elapsed]
I0116 14:00:00.876555 139731388325888 make_examples_core.py:367] Task 3/8: 184092 candidates (133363 examples) [41.55s elapsed]
I0116 14:00:08.927864 139957620043776 make_examples_core.py:367] Task 7/8: 178054 candidates (128177 examples) [33.39s elapsed]
I0116 14:00:10.894263 139939281014784 make_examples_core.py:367] Task 2/8: 182031 candidates (133368 examples) [37.66s elapsed]
I0116 14:00:13.224027 139922397167616 make_examples_core.py:367] Task 1/8: 184004 candidates (133680 examples) [50.00s elapsed]
I0116 14:00:14.754730 139735852650496 make_examples_core.py:367] Task 0/8: 180003 candidates (131921 examples) [30.45s elapsed]
I0116 14:00:16.389360 140215033708544 make_examples_core.py:367] Task 5/8: 178069 candidates (129049 examples) [54.56s elapsed]
I0116 14:00:18.583959 140231777640448 make_examples_core.py:367] Task 4/8: 182006 candidates (132806 examples) [32.02s elapsed]
I0116 14:00:21.219815 140046853844992 make_examples_core.py:367] Task 6/8: 182060 candidates (130692 examples) [52.94s elapsed]
I0116 14:00:38.362975 139731388325888 make_examples_core.py:367] Task 3/8: 186027 candidates (134699 examples) [37.49s elapsed]
I0116 14:00:52.030521 139957620043776 make_examples_core.py:367] Task 7/8: 180003 candidates (129620 examples) [43.10s elapsed]
I0116 14:00:54.415199 139939281014784 make_examples_core.py:367] Task 2/8: 184128 candidates (134796 examples) [43.52s elapsed]
I0116 14:00:54.531605 139922397167616 make_examples_core.py:367] Task 1/8: 186153 candidates (135217 examples) [41.31s elapsed]
I0116 14:00:55.232868 139735852650496 make_examples_core.py:367] Task 0/8: 182015 candidates (133297 examples) [40.48s elapsed]
I0116 14:00:55.187824 140215033708544 make_examples_core.py:367] Task 5/8: 180038 candidates (130421 examples) [38.80s elapsed]
I0116 14:00:58.720073 140231777640448 make_examples_core.py:367] Task 4/8: 184039 candidates (134226 examples) [40.14s elapsed]
I0116 14:01:11.335207 140046853844992 make_examples_core.py:367] Task 6/8: 184096 candidates (132263 examples) [50.12s elapsed]
I0116 14:01:17.184431 139731388325888 make_examples_core.py:367] Task 3/8: 188128 candidates (136153 examples) [38.82s elapsed]
I0116 14:01:30.047861 139939281014784 make_examples_core.py:367] Task 2/8: 186008 candidates (136213 examples) [35.63s elapsed]
I0116 14:01:30.468717 140215033708544 make_examples_core.py:367] Task 5/8: 182018 candidates (131824 examples) [35.28s elapsed]
I0116 14:01:32.396166 139957620043776 make_examples_core.py:367] Task 7/8: 182045 candidates (131055 examples) [40.37s elapsed]
I0116 14:01:36.909825 139735852650496 make_examples_core.py:367] Task 0/8: 184005 candidates (134539 examples) [41.68s elapsed]
I0116 14:01:40.357622 140231777640448 make_examples_core.py:367] Task 4/8: 186075 candidates (135494 examples) [41.64s elapsed]
I0116 14:01:43.331226 139922397167616 make_examples_core.py:367] Task 1/8: 188176 candidates (136600 examples) [48.80s elapsed]
I0116 14:01:58.554924 139731388325888 make_examples_core.py:367] Task 3/8: 190012 candidates (137240 examples) [41.37s elapsed]
I0116 14:02:06.871069 140215033708544 make_examples_core.py:367] Task 5/8: 184025 candidates (133170 examples) [36.40s elapsed]
I0116 14:02:07.589995 140046853844992 make_examples_core.py:367] Task 6/8: 186001 candidates (133610 examples) [56.25s elapsed]
I0116 14:02:14.290731 139957620043776 make_examples_core.py:367] Task 7/8: 184104 candidates (132624 examples) [41.89s elapsed]
I0116 14:02:17.548911 139922397167616 make_examples_core.py:367] Task 1/8: 190007 candidates (137710 examples) [34.22s elapsed]
I0116 14:02:20.469419 139735852650496 make_examples_core.py:367] Task 0/8: 186129 candidates (136082 examples) [43.56s elapsed]
I0116 14:02:20.720719 140231777640448 make_examples_core.py:367] Task 4/8: 188019 candidates (136844 examples) [40.36s elapsed]
I0116 14:02:23.328746 139939281014784 make_examples_core.py:367] Task 2/8: 188004 candidates (137597 examples) [53.28s elapsed]
I0116 14:02:41.385294 140215033708544 make_examples_core.py:367] Task 5/8: 186028 candidates (134451 examples) [34.51s elapsed]
I0116 14:02:41.919445 139731388325888 make_examples_core.py:367] Task 3/8: 192037 candidates (138701 examples) [43.36s elapsed]
I0116 14:02:51.155269 139735852650496 make_examples_core.py:367] Task 0/8: 188009 candidates (137166 examples) [30.69s elapsed]
I0116 14:02:54.103427 140046853844992 make_examples_core.py:367] Task 6/8: 188112 candidates (134885 examples) [46.51s elapsed]
I0116 14:03:01.798946 140231777640448 make_examples_core.py:367] Task 4/8: 190008 candidates (138235 examples) [41.08s elapsed]
I0116 14:03:00.948329 139939281014784 make_examples_core.py:367] Task 2/8: 190055 candidates (138984 examples) [37.62s elapsed]
I0116 14:03:02.612013 139922397167616 make_examples_core.py:367] Task 1/8: 192015 candidates (139044 examples) [45.06s elapsed]
I0116 14:03:10.453500 139957620043776 make_examples_core.py:367] Task 7/8: 186036 candidates (133822 examples) [56.16s elapsed]
I0116 14:03:16.185211 139731388325888 make_examples_core.py:367] Task 3/8: 194035 candidates (139809 examples) [34.27s elapsed]
I0116 14:03:16.090604 140215033708544 make_examples_core.py:367] Task 5/8: 188036 candidates (135727 examples) [34.71s elapsed]
I0116 14:03:42.810323 139735852650496 make_examples_core.py:367] Task 0/8: 190021 candidates (138376 examples) [51.65s elapsed]
I0116 14:03:43.777305 139939281014784 make_examples_core.py:367] Task 2/8: 192000 candidates (140332 examples) [42.83s elapsed]
I0116 14:03:48.108719 139957620043776 make_examples_core.py:367] Task 7/8: 188022 candidates (134971 examples) [37.65s elapsed]
I0116 14:03:50.257664 140231777640448 make_examples_core.py:367] Task 4/8: 192196 candidates (139732 examples) [48.46s elapsed]
I0116 14:03:51.944161 139731388325888 make_examples_core.py:367] Task 3/8: 196025 candidates (141130 examples) [35.76s elapsed]
I0116 14:03:54.184455 140046853844992 make_examples_core.py:367] Task 6/8: 190088 candidates (136058 examples) [60.08s elapsed]
I0116 14:03:56.175753 140215033708544 make_examples_core.py:367] Task 5/8: 190009 candidates (136924 examples) [40.08s elapsed]
I0116 14:03:56.227595 139922397167616 make_examples_core.py:367] Task 1/8: 194123 candidates (140781 examples) [53.62s elapsed]
I0116 14:04:17.874548 139735852650496 make_examples_core.py:367] Task 0/8: 192001 candidates (139601 examples) [35.06s elapsed]
I0116 14:04:22.444258 139957620043776 make_examples_core.py:367] Task 7/8: 190007 candidates (136226 examples) [34.34s elapsed]
I0116 14:04:26.267889 140046853844992 make_examples_core.py:367] Task 6/8: 192022 candidates (137109 examples) [32.08s elapsed]
I0116 14:04:26.936150 139939281014784 make_examples_core.py:367] Task 2/8: 194034 candidates (141489 examples) [43.16s elapsed]
I0116 14:04:30.429160 139731388325888 make_examples_core.py:367] Task 3/8: 198015 candidates (142551 examples) [38.48s elapsed]
I0116 14:04:32.624370 140231777640448 make_examples_core.py:367] Task 4/8: 194022 candidates (141039 examples) [42.37s elapsed]
I0116 14:04:39.634747 139922397167616 make_examples_core.py:367] Task 1/8: 196045 candidates (142029 examples) [43.41s elapsed]
I0116 14:04:54.142699 139735852650496 make_examples_core.py:367] Task 0/8: 194030 candidates (140841 examples) [36.27s elapsed]
I0116 14:04:53.640910 140215033708544 make_examples_core.py:367] Task 5/8: 192021 candidates (138006 examples) [57.46s elapsed]
I0116 14:05:01.000409 139957620043776 make_examples_core.py:367] Task 7/8: 192003 candidates (137664 examples) [38.56s elapsed]
I0116 14:05:08.564324 139731388325888 make_examples_core.py:367] Task 3/8: 200013 candidates (143989 examples) [38.13s elapsed]
I0116 14:05:18.272026 140231777640448 make_examples_core.py:367] Task 4/8: 196007 candidates (142328 examples) [45.65s elapsed]
I0116 14:05:17.558994 139939281014784 make_examples_core.py:367] Task 2/8: 196008 candidates (142591 examples) [50.62s elapsed]
I0116 14:05:17.735244 139922397167616 make_examples_core.py:367] Task 1/8: 198007 candidates (143183 examples) [38.10s elapsed]
I0116 14:05:20.022929 140046853844992 make_examples_core.py:367] Task 6/8: 194041 candidates (138319 examples) [53.75s elapsed]
I0116 14:05:30.498558 140215033708544 make_examples_core.py:367] Task 5/8: 194031 candidates (139356 examples) [36.86s elapsed]
I0116 14:05:32.177907 139735852650496 make_examples_core.py:367] Task 0/8: 196055 candidates (142497 examples) [38.03s elapsed]
I0116 14:05:38.202102 139957620043776 make_examples_core.py:367] Task 7/8: 194003 candidates (139063 examples) [37.20s elapsed]
I0116 14:05:50.878510 139731388325888 make_examples_core.py:367] Task 3/8: 202043 candidates (145197 examples) [42.31s elapsed]
I0116 14:05:54.993590 139939281014784 make_examples_core.py:367] Task 2/8: 198007 candidates (143877 examples) [37.43s elapsed]
I0116 14:05:57.817011 140231777640448 make_examples_core.py:367] Task 4/8: 198029 candidates (143348 examples) [39.54s elapsed]
I0116 14:06:02.725540 139922397167616 make_examples_core.py:367] Task 1/8: 200087 candidates (144661 examples) [44.99s elapsed]
I0116 14:06:03.499542 140046853844992 make_examples_core.py:367] Task 6/8: 196065 candidates (139679 examples) [43.48s elapsed]
I0116 14:06:13.356201 139735852650496 make_examples_core.py:367] Task 0/8: 198154 candidates (143934 examples) [41.18s elapsed]
I0116 14:06:22.944675 140215033708544 make_examples_core.py:367] Task 5/8: 196135 candidates (140758 examples) [52.45s elapsed]
I0116 14:06:26.616797 139957620043776 make_examples_core.py:367] Task 7/8: 196086 candidates (140449 examples) [48.41s elapsed]
I0116 14:06:31.335170 139731388325888 make_examples_core.py:367] Task 3/8: 204006 candidates (146389 examples) [40.46s elapsed]
I0116 14:06:39.817687 140046853844992 make_examples_core.py:367] Task 6/8: 198038 candidates (141138 examples) [36.32s elapsed]
I0116 14:06:40.040435 139922397167616 make_examples_core.py:367] Task 1/8: 202004 candidates (146000 examples) [37.31s elapsed]
I0116 14:06:42.775532 139939281014784 make_examples_core.py:367] Task 2/8: 200034 candidates (145146 examples) [47.78s elapsed]
I0116 14:06:45.237598 140231777640448 make_examples_core.py:367] Task 4/8: 200002 candidates (144584 examples) [47.42s elapsed]
I0116 14:07:05.105160 140215033708544 make_examples_core.py:367] Task 5/8: 198055 candidates (142141 examples) [42.16s elapsed]
I0116 14:07:12.445319 139731388325888 make_examples_core.py:367] Task 3/8: 206097 candidates (147958 examples) [41.11s elapsed]
I0116 14:07:16.507973 139735852650496 make_examples_core.py:367] Task 0/8: 200132 candidates (145187 examples) [63.15s elapsed]
I0116 14:07:18.214982 139922397167616 make_examples_core.py:367] Task 1/8: 204033 candidates (147438 examples) [38.17s elapsed]
I0116 14:07:20.975158 139957620043776 make_examples_core.py:367] Task 7/8: 198028 candidates (141717 examples) [54.36s elapsed]
I0116 14:07:22.753202 140231777640448 make_examples_core.py:367] Task 4/8: 202027 candidates (145836 examples) [37.52s elapsed]
I0116 14:07:28.223219 140046853844992 make_examples_core.py:367] Task 6/8: 200106 candidates (142742 examples) [48.41s elapsed]
I0116 14:07:28.350944 139939281014784 make_examples_core.py:367] Task 2/8: 202039 candidates (146522 examples) [45.58s elapsed]
I0116 14:07:39.478051 140215033708544 make_examples_core.py:367] Task 5/8: 200059 candidates (143477 examples) [34.37s elapsed]
I0116 14:07:47.896592 139731388325888 make_examples_core.py:367] Task 3/8: 208059 candidates (149296 examples) [35.45s elapsed]
I0116 14:07:53.328380 139922397167616 make_examples_core.py:367] Task 1/8: 206049 candidates (148832 examples) [35.11s elapsed]
I0116 14:08:00.589638 140046853844992 make_examples_core.py:367] Task 6/8: 202006 candidates (143835 examples) [32.37s elapsed]
I0116 14:08:02.848546 139735852650496 make_examples_core.py:367] Task 0/8: 202020 candidates (146460 examples) [46.34s elapsed]
I0116 14:08:07.936288 140231777640448 make_examples_core.py:367] Task 4/8: 204108 candidates (147194 examples) [45.18s elapsed]
I0116 14:08:07.836014 139939281014784 make_examples_core.py:367] Task 2/8: 204072 candidates (147985 examples) [39.48s elapsed]
I0116 14:08:11.733893 139957620043776 make_examples_core.py:367] Task 7/8: 200031 candidates (142876 examples) [50.76s elapsed]
I0116 14:08:22.536690 140215033708544 make_examples_core.py:367] Task 5/8: 202049 candidates (144782 examples) [43.06s elapsed]
I0116 14:08:29.167136 139922397167616 make_examples_core.py:367] Task 1/8: 208016 candidates (150000 examples) [35.84s elapsed]
I0116 14:08:33.589656 139731388325888 make_examples_core.py:367] Task 3/8: 210078 candidates (150779 examples) [45.69s elapsed]
I0116 14:08:42.460482 139939281014784 make_examples_core.py:367] Task 2/8: 206041 candidates (149304 examples) [34.62s elapsed]
I0116 14:08:44.914664 139735852650496 make_examples_core.py:367] Task 0/8: 204043 candidates (147884 examples) [42.07s elapsed]
I0116 14:08:46.146203 140046853844992 make_examples_core.py:367] Task 6/8: 204003 candidates (145049 examples) [45.56s elapsed]
I0116 14:08:48.833523 140231777640448 make_examples_core.py:367] Task 4/8: 206064 candidates (148495 examples) [40.90s elapsed]
I0116 14:08:49.399319 139957620043776 make_examples_core.py:367] Task 7/8: 202065 candidates (144135 examples) [37.67s elapsed]
I0116 14:08:58.478928 140215033708544 make_examples_core.py:367] Task 5/8: 204034 candidates (146063 examples) [35.94s elapsed]
I0116 14:09:07.882941 139922397167616 make_examples_core.py:367] Task 1/8: 210016 candidates (151080 examples) [38.72s elapsed]
I0116 14:09:21.119426 139939281014784 make_examples_core.py:367] Task 2/8: 208007 candidates (150560 examples) [38.66s elapsed]
I0116 14:09:22.055548 140231777640448 make_examples_core.py:367] Task 4/8: 208036 candidates (149709 examples) [33.22s elapsed]
I0116 14:09:23.803874 139731388325888 make_examples_core.py:367] Task 3/8: 212058 candidates (151908 examples) [50.21s elapsed]
I0116 14:09:28.562546 139735852650496 make_examples_core.py:367] Task 0/8: 206149 candidates (149351 examples) [43.65s elapsed]
I0116 14:09:28.786240 139957620043776 make_examples_core.py:367] Task 7/8: 204083 candidates (145355 examples) [39.39s elapsed]
I0116 14:09:33.046266 140046853844992 make_examples_core.py:367] Task 6/8: 206026 candidates (146373 examples) [46.90s elapsed]
I0116 14:09:41.909889 140215033708544 make_examples_core.py:367] Task 5/8: 206023 candidates (147270 examples) [43.43s elapsed]
I0116 14:09:45.883614 139922397167616 make_examples_core.py:367] Task 1/8: 212088 candidates (152232 examples) [38.00s elapsed]
I0116 14:09:50.768920 139939281014784 make_examples_core.py:367] Task 2/8: 210005 candidates (151771 examples) [29.65s elapsed]
I0116 14:10:06.174363 139731388325888 make_examples_core.py:367] Task 3/8: 214043 candidates (153029 examples) [42.37s elapsed]
I0116 14:10:05.715559 140231777640448 make_examples_core.py:367] Task 4/8: 210037 candidates (151047 examples) [43.66s elapsed]
I0116 14:10:10.499580 139735852650496 make_examples_core.py:367] Task 0/8: 208058 candidates (150506 examples) [41.94s elapsed]
I0116 14:10:11.772639 139957620043776 make_examples_core.py:367] Task 7/8: 206005 candidates (146630 examples) [42.99s elapsed]
I0116 14:10:12.804700 140046853844992 make_examples_core.py:367] Task 6/8: 208032 candidates (147600 examples) [39.76s elapsed]
I0116 14:10:27.865408 140215033708544 make_examples_core.py:367] Task 5/8: 208153 candidates (148828 examples) [45.96s elapsed]
I0116 14:10:28.749415 139922397167616 make_examples_core.py:367] Task 1/8: 214124 candidates (153296 examples) [42.87s elapsed]
I0116 14:10:33.034222 139939281014784 make_examples_core.py:367] Task 2/8: 212007 candidates (152972 examples) [42.27s elapsed]
I0116 14:10:42.146263 140231777640448 make_examples_core.py:367] Task 4/8: 212042 candidates (152263 examples) [36.43s elapsed]
I0116 14:10:48.395292 139731388325888 make_examples_core.py:367] Task 3/8: 216064 candidates (154359 examples) [42.22s elapsed]
I0116 14:10:50.365750 140046853844992 make_examples_core.py:367] Task 6/8: 210045 candidates (148942 examples) [37.56s elapsed]
I0116 14:10:58.115467 139957620043776 make_examples_core.py:367] Task 7/8: 208117 candidates (148198 examples) [46.34s elapsed]
I0116 14:10:59.163709 139922397167616 make_examples_core.py:367] Task 1/8: 216127 candidates (154801 examples) [30.41s elapsed]
I0116 14:10:59.704318 139735852650496 make_examples_core.py:367] Task 0/8: 210009 candidates (151605 examples) [49.20s elapsed]
I0116 14:11:03.351887 140215033708544 make_examples_core.py:367] Task 5/8: 210157 candidates (150103 examples) [35.49s elapsed]
I0116 14:11:15.734539 139939281014784 make_examples_core.py:367] Task 2/8: 214012 candidates (154226 examples) [42.70s elapsed]
I0116 14:11:24.730692 139731388325888 make_examples_core.py:367] Task 3/8: 218049 candidates (155728 examples) [36.34s elapsed]
I0116 14:11:30.372875 139922397167616 make_examples_core.py:367] Task 1/8: 218002 candidates (156386 examples) [31.21s elapsed]
I0116 14:11:32.008276 140215033708544 make_examples_core.py:367] Task 5/8: 212026 candidates (151256 examples) [28.66s elapsed]
I0116 14:11:36.634499 140046853844992 make_examples_core.py:367] Task 6/8: 212034 candidates (150212 examples) [46.27s elapsed]
I0116 14:11:37.487824 139922397167616 make_examples_core.py:367] Task 1/8: Writing example info to /output/tmp_chr22/make_examples.tfrecord-00001-of-00008.gz.example_info.json
I0116 14:11:37.488055 139922397167616 make_examples_core.py:3685] example_shape = [100, 221, 7]
I0116 14:11:37.488105 139922397167616 make_examples_core.py:3686] example_channels = [1, 2, 3, 4, 5, 6, 19]
I0116 14:11:37.488638 139922397167616 make_examples_core.py:367] Task 1/8: Summary stats:
	218404 candidate variants found
	156657 examples written
	108450 small model examples called
I0116 14:11:38.901859 139957620043776 make_examples_core.py:367] Task 7/8: 210076 candidates (149280 examples) [40.79s elapsed]
I0116 14:11:40.422414 140231777640448 make_examples_core.py:367] Task 4/8: 214090 candidates (153439 examples) [58.28s elapsed]
I0116 14:11:46.720866 139939281014784 make_examples_core.py:367] Task 2/8: 216089 candidates (155623 examples) [30.99s elapsed]
I0116 14:11:48.654366 139735852650496 make_examples_core.py:367] Task 0/8: 212023 candidates (152776 examples) [48.95s elapsed]
I0116 14:11:53.184294 139731388325888 make_examples_core.py:367] Task 3/8: 220107 candidates (157187 examples) [28.45s elapsed]
I0116 14:12:10.865929 139957620043776 make_examples_core.py:367] Task 7/8: 212011 candidates (150344 examples) [31.96s elapsed]
I0116 14:12:12.243516 140046853844992 make_examples_core.py:367] Task 6/8: 214035 candidates (151414 examples) [35.61s elapsed]
I0116 14:12:15.791725 140215033708544 make_examples_core.py:367] Task 5/8: 214053 candidates (152470 examples) [43.78s elapsed]
I0116 14:12:28.553750 139731388325888 make_examples_core.py:367] Task 3/8: Writing example info to /output/tmp_chr22/make_examples.tfrecord-00003-of-00008.gz.example_info.json
I0116 14:12:28.554023 139731388325888 make_examples_core.py:3685] example_shape = [100, 221, 7]
I0116 14:12:28.554116 139731388325888 make_examples_core.py:3686] example_channels = [1, 2, 3, 4, 5, 6, 19]
I0116 14:12:28.554849 139731388325888 make_examples_core.py:367] Task 3/8: Summary stats:
	221878 candidate variants found
	158520 examples written
	112622 small model examples called
I0116 14:12:30.468392 140231777640448 make_examples_core.py:367] Task 4/8: 216044 candidates (154924 examples) [50.05s elapsed]
I0116 14:12:34.749949 139735852650496 make_examples_core.py:367] Task 0/8: 214031 candidates (154011 examples) [46.10s elapsed]
I0116 14:12:40.671334 139939281014784 make_examples_core.py:367] Task 2/8: 218078 candidates (157068 examples) [53.95s elapsed]
I0116 14:12:42.437183 139939281014784 make_examples_core.py:367] Task 2/8: Writing example info to /output/tmp_chr22/make_examples.tfrecord-00002-of-00008.gz.example_info.json
I0116 14:12:42.437403 139939281014784 make_examples_core.py:3685] example_shape = [100, 221, 7]
I0116 14:12:42.437454 139939281014784 make_examples_core.py:3686] example_channels = [1, 2, 3, 4, 5, 6, 19]
I0116 14:12:42.438018 139939281014784 make_examples_core.py:367] Task 2/8: Summary stats:
	218204 candidate variants found
	157195 examples written
	109006 small model examples called
I0116 14:12:45.816504 139957620043776 make_examples_core.py:367] Task 7/8: 214037 candidates (151675 examples) [34.95s elapsed]
I0116 14:12:52.303698 140215033708544 make_examples_core.py:367] Task 5/8: 216113 candidates (153828 examples) [36.51s elapsed]
I0116 14:12:55.391010 140046853844992 make_examples_core.py:367] Task 6/8: 216138 candidates (152651 examples) [43.15s elapsed]
I0116 14:13:03.509303 139735852650496 make_examples_core.py:367] Task 0/8: 216040 candidates (155391 examples) [28.76s elapsed]
I0116 14:13:06.095988 140231777640448 make_examples_core.py:367] Task 4/8: 218024 candidates (156202 examples) [35.63s elapsed]
I0116 14:13:16.848805 139735852650496 make_examples_core.py:367] Task 0/8: Writing example info to /output/tmp_chr22/make_examples.tfrecord-00000-of-00008.gz.example_info.json
I0116 14:13:16.849057 139735852650496 make_examples_core.py:3685] example_shape = [100, 221, 7]
I0116 14:13:16.849112 139735852650496 make_examples_core.py:3686] example_channels = [1, 2, 3, 4, 5, 6, 19]
I0116 14:13:16.849694 139735852650496 make_examples_core.py:367] Task 0/8: Summary stats:
	217062 candidate variants found
	156264 examples written
	107551 small model examples called
I0116 14:13:26.168897 140215033708544 make_examples_core.py:367] Task 5/8: 218124 candidates (155104 examples) [33.86s elapsed]
I0116 14:13:28.354050 139957620043776 make_examples_core.py:367] Task 7/8: 216071 candidates (152970 examples) [42.54s elapsed]
I0116 14:13:46.888974 140046853844992 make_examples_core.py:367] Task 6/8: 218095 candidates (153891 examples) [51.50s elapsed]
I0116 14:13:54.820925 140231777640448 make_examples_core.py:367] Task 4/8: 220009 candidates (157485 examples) [48.72s elapsed]
I0116 14:13:57.593483 140215033708544 make_examples_core.py:367] Task 5/8: 220007 candidates (156485 examples) [31.42s elapsed]
I0116 14:14:20.444632 140215033708544 make_examples_core.py:367] Task 5/8: Writing example info to /output/tmp_chr22/make_examples.tfrecord-00005-of-00008.gz.example_info.json
I0116 14:14:20.444871 140215033708544 make_examples_core.py:3685] example_shape = [100, 221, 7]
I0116 14:14:20.444932 140215033708544 make_examples_core.py:3686] example_channels = [1, 2, 3, 4, 5, 6, 19]
I0116 14:14:20.445683 140215033708544 make_examples_core.py:367] Task 5/8: Summary stats:
	221461 candidate variants found
	157511 examples written
	113166 small model examples called
I0116 14:14:20.780637 139957620043776 make_examples_core.py:367] Task 7/8: 218009 candidates (154202 examples) [52.43s elapsed]
I0116 14:14:29.937124 140231777640448 make_examples_core.py:367] Task 4/8: 222003 candidates (159034 examples) [35.12s elapsed]
I0116 14:14:39.066886 140046853844992 make_examples_core.py:367] Task 6/8: 220025 candidates (155298 examples) [52.18s elapsed]
I0116 14:14:49.671504 139957620043776 make_examples_core.py:367] Task 7/8: 220012 candidates (155625 examples) [28.89s elapsed]
I0116 14:14:57.998605 140046853844992 make_examples_core.py:367] Task 6/8: Writing example info to /output/tmp_chr22/make_examples.tfrecord-00006-of-00008.gz.example_info.json
I0116 14:14:57.998824 140046853844992 make_examples_core.py:3685] example_shape = [100, 221, 7]
I0116 14:14:57.998881 140046853844992 make_examples_core.py:3686] example_channels = [1, 2, 3, 4, 5, 6, 19]
I0116 14:14:57.999436 140046853844992 make_examples_core.py:367] Task 6/8: Summary stats:
	221455 candidate variants found
	156354 examples written
	113557 small model examples called
I0116 14:14:59.075561 140231777640448 make_examples_core.py:367] Task 4/8: Writing example info to /output/tmp_chr22/make_examples.tfrecord-00004-of-00008.gz.example_info.json
I0116 14:14:59.075890 140231777640448 make_examples_core.py:3685] example_shape = [100, 221, 7]
I0116 14:14:59.075951 140231777640448 make_examples_core.py:3686] example_channels = [1, 2, 3, 4, 5, 6, 19]
I0116 14:14:59.076671 140231777640448 make_examples_core.py:367] Task 4/8: Summary stats:
	223593 candidate variants found
	160296 examples written
	112894 small model examples called
I0116 14:15:13.575516 139957620043776 make_examples_core.py:367] Task 7/8: Writing example info to /output/tmp_chr22/make_examples.tfrecord-00007-of-00008.gz.example_info.json
I0116 14:15:13.575907 139957620043776 make_examples_core.py:3685] example_shape = [100, 221, 7]
I0116 14:15:13.575975 139957620043776 make_examples_core.py:3686] example_channels = [1, 2, 3, 4, 5, 6, 19]
I0116 14:15:13.576818 139957620043776 make_examples_core.py:367] Task 7/8: Summary stats:
	221495 candidate variants found
	156703 examples written
	112669 small model examples called

real	74m0.184s
user	605m38.868s
sys	20m39.177s

***** Running the command:*****
time /opt/deepvariant/bin/call_variants --outfile "/output/tmp_chr22/call_variants_output.tfrecord.gz" --examples "/output/tmp_chr22/make_examples.tfrecord@8.gz" --checkpoint "/opt/models/wgs"

2026-01-16 14:15:17.494816: W tensorflow/compiler/tf2tensorrt/utils/py_utils.cc:38] TF-TRT Warning: Could not find TensorRT
I0116 14:15:19.910482 139696836386816 call_variants.py:1058] call_variants: env = {'PYTHONPATH': '/tmp/Bazel.runfiles_mnwsuw_w/runfiles:/tmp/Bazel.runfiles_mnwsuw_w/runfiles/com_google_protobuf/python:/tmp/Bazel.runfiles_mnwsuw_w/runfiles/absl_py:/tmp/Bazel.runfiles_mnwsuw_w/runfiles/bazel_tools:/tmp/Bazel.runfiles_mnwsuw_w/runfiles/com_google_deepvariant:/tmp/Bazel.runfiles_mnwsuw_w/runfiles/com_google_protobuf:/tmp/Bazel.runfiles_mnwsuw_w/runfiles/six_archive', 'RUNFILES_DIR': '/tmp/Bazel.runfiles_mnwsuw_w/runfiles', 'PYTHONSAFEPATH': '1', 'HOSTNAME': '0eef899369cf', 'TF_CPP_MIN_LOG_LEVEL': '1', 'PWD': '/opt/deepvariant', '_': '/usr/bin/python3', 'HOME': '/', 'DV_BIN_PATH': '/opt/deepvariant/bin', 'TF_USE_LEGACY_KERAS': '1', 'TPU_ML_PLATFORM': 'Tensorflow', 'SHLVL': '3', 'LC_CTYPE': 'C.UTF-8', 'PATH': '/usr/local/sbin:/usr/local/bin:/usr/sbin:/usr/bin:/sbin:/bin:/opt/deepvariant/bin:/opt/conda/envs/bio/bin', 'TF2_BEHAVIOR': '1'}
INFO:tensorflow:Using MirroredStrategy with devices ('/job:localhost/replica:0/task:0/device:CPU:0',)
I0116 14:15:19.963997 139696836386816 mirrored_strategy.py:423] Using MirroredStrategy with devices ('/job:localhost/replica:0/task:0/device:CPU:0',)
I0116 14:15:20.095146 139696836386816 call_variants.py:783] Number of devices: 1
I0116 14:15:20.281224 139696836386816 call_variants.py:835] Per-replica batch size is 1024. Global batch size is 1024.
I0116 14:15:20.282232 139696836386816 call_variants.py:845] Use saved model: True
I0116 14:15:20.282683 139696836386816 dv_utils.py:333] From /output/tmp_chr22/make_examples.tfrecord-00000-of-00008.gz.example_info.json: Shape of input examples: [100, 221, 7], Channels of input examples: [1, 2, 3, 4, 5, 6, 19].
I0116 14:15:29.413666 139696836386816 dv_utils.py:333] From /opt/models/wgs/model.example_info.json: Shape of input examples: [100, 221, 7], Channels of input examples: [1, 2, 3, 4, 5, 6, 19].
I0116 14:15:29.414078 139696836386816 call_variants.py:887] example_shape: [100, 221, 7]
I0116 14:15:30.486815 139696836386816 call_variants.py:953] Total 1 writing processes started.
2026-01-16 14:15:30.632258: W tensorflow/core/framework/dataset.cc:959] Input of GeneratorDatasetOp::Dataset will not be optimized because the dataset does not implement the AsGraphDefInternal() method needed to apply optimizations.
I0116 14:15:35.148823 139696836386816 call_variants.py:1031] Predicted 1024 examples in 1 batches [0.455 sec per 100].
I0116 14:17:54.934192 139696836386816 call_variants.py:1031] Predicted 52224 examples in 51 batches [0.277 sec per 100].
I0116 14:20:02.461639 139696836386816 call_variants.py:1031] Predicted 103424 examples in 101 batches [0.263 sec per 100].
I0116 14:22:10.943815 139696836386816 call_variants.py:1031] Predicted 154624 examples in 151 batches [0.259 sec per 100].
I0116 14:24:18.561161 139696836386816 call_variants.py:1031] Predicted 205824 examples in 201 batches [0.257 sec per 100].
I0116 14:26:24.337210 139696836386816 call_variants.py:1031] Predicted 257024 examples in 251 batches [0.254 sec per 100].
I0116 14:28:31.228121 139696836386816 call_variants.py:1031] Predicted 308224 examples in 301 batches [0.253 sec per 100].
I0116 14:30:38.816831 139696836386816 call_variants.py:1031] Predicted 359424 examples in 351 batches [0.253 sec per 100].
I0116 14:32:44.675019 139696836386816 call_variants.py:1031] Predicted 410624 examples in 401 batches [0.252 sec per 100].
I0116 14:34:50.816165 139696836386816 call_variants.py:1031] Predicted 461824 examples in 451 batches [0.251 sec per 100].
I0116 14:36:57.567117 139696836386816 call_variants.py:1031] Predicted 513024 examples in 501 batches [0.251 sec per 100].
I0116 14:39:04.967871 139696836386816 call_variants.py:1031] Predicted 564224 examples in 551 batches [0.251 sec per 100].
I0116 14:41:11.991454 139696836386816 call_variants.py:1031] Predicted 615424 examples in 601 batches [0.250 sec per 100].
I0116 14:43:18.261535 139696836386816 call_variants.py:1031] Predicted 666624 examples in 651 batches [0.250 sec per 100].
I0116 14:45:25.143748 139696836386816 call_variants.py:1031] Predicted 717824 examples in 701 batches [0.250 sec per 100].
I0116 14:47:31.200171 139696836386816 call_variants.py:1031] Predicted 769024 examples in 751 batches [0.250 sec per 100].
I0116 14:49:37.928407 139696836386816 call_variants.py:1031] Predicted 820224 examples in 801 batches [0.250 sec per 100].
I0116 14:51:43.662627 139696836386816 call_variants.py:1031] Predicted 871424 examples in 851 batches [0.249 sec per 100].
I0116 14:53:51.517378 139696836386816 call_variants.py:1031] Predicted 922624 examples in 901 batches [0.249 sec per 100].
I0116 14:55:58.273744 139696836386816 call_variants.py:1031] Predicted 973824 examples in 951 batches [0.249 sec per 100].
I0116 14:58:05.411288 139696836386816 call_variants.py:1031] Predicted 1025024 examples in 1001 batches [0.249 sec per 100].
I0116 15:00:13.627830 139696836386816 call_variants.py:1031] Predicted 1076224 examples in 1051 batches [0.249 sec per 100].
I0116 15:02:19.434768 139696836386816 call_variants.py:1031] Predicted 1127424 examples in 1101 batches [0.249 sec per 100].
I0116 15:04:28.009792 139696836386816 call_variants.py:1031] Predicted 1178624 examples in 1151 batches [0.249 sec per 100].
I0116 15:06:34.491841 139696836386816 call_variants.py:1031] Predicted 1229824 examples in 1201 batches [0.249 sec per 100].
2026-01-16 15:07:46.362052: W tensorflow/core/framework/local_rendezvous.cc:404] Local rendezvous is aborting with status: OUT_OF_RANGE: End of sequence
	 [[{{node MultiDeviceIteratorGetNextFromShard}}]]
2026-01-16 15:07:49.982271: W tensorflow/core/framework/local_rendezvous.cc:404] Local rendezvous is aborting with status: OUT_OF_RANGE: End of sequence
I0116 15:07:50.131986 139696836386816 call_variants.py:597] Wrote 1259500 examples over 1230 batches. Closing writer.
I0116 15:07:50.263666 139696836386816 call_variants.py:1107] Complete: call_variants.

real	52m39.370s
user	3021m25.439s
sys	3129m18.545s

***** Running the command:*****
time /opt/deepvariant/bin/postprocess_variants --ref "/ref/chr22.fa" --infile "/output/tmp_chr22/call_variants_output.tfrecord.gz" --outfile "/output/chr22.vcf.gz" --cpus "8" --multiallelic_mode "product" --small_model_cvo_records "/output/tmp_chr22/make_examples_call_variant_outputs.tfrecord@8.gz" --gvcf_outfile "/output/chr22.g.vcf.gz" --nonvariant_site_tfrecord_path "/output/tmp_chr22/gvcf.tfrecord@8.gz"

2026-01-16 15:07:56.896661: W tensorflow/compiler/tf2tensorrt/utils/py_utils.cc:38] TF-TRT Warning: Could not find TensorRT
I0116 15:07:59.463198 140577367044096 postprocess_variants.py:1675] Using sample name from call_variants output. Sample name: VN005
I0116 15:07:59.594076 140577367044096 postprocess_variants.py:1937] Running postprocess_variants with parallelism using 8 CPUs over 8 partitions.
I0116 15:08:08.559372 140577367044096 postprocess_variants.py:1541] Processing region chr22:50818464-chr22:50818468
I0116 15:08:08.559951 140577367044096 postprocess_variants.py:1548] CVO sorting took 0.14539117018381756 minutes
I0116 15:08:08.561149 140577367044096 postprocess_variants.py:1806] Processing variants (and writing to temporary files) took 0.1454112410545349 minutes
