2026-01-16 13:01:11.138671: I external/local_tsl/tsl/cuda/cudart_stub.cc:32] Could not find cuda drivers on your machine, GPU will not be used.
2026-01-16 13:01:11.145306: I external/local_tsl/tsl/cuda/cudart_stub.cc:32] Could not find cuda drivers on your machine, GPU will not be used.
2026-01-16 13:01:11.229941: I tensorflow/core/platform/cpu_feature_guard.cc:210] This TensorFlow binary is optimized to use available CPU instructions in performance-critical operations.
To enable the following instructions: AVX2 FMA, in other operations, rebuild TensorFlow with the appropriate compiler flags.
2026-01-16 13:01:12.746442: W tensorflow/compiler/tf2tensorrt/utils/py_utils.cc:38] TF-TRT Warning: Could not find TensorRT
I0116 13:01:14.534692 139858256498688 run_deepvariant.py:621] Creating a directory for intermediate results in /output/tmp_chr22
I0116 13:01:14.535524 139858256498688 run_deepvariant.py:857] env = {'HOSTNAME': '0eef899369cf', 'PWD': '/opt/deepvariant', 'HOME': '/', 'DV_BIN_PATH': '/opt/deepvariant/bin', 'TF_USE_LEGACY_KERAS': '1', 'SHLVL': '1', 'PATH': '/usr/local/sbin:/usr/local/bin:/usr/sbin:/usr/bin:/sbin:/bin:/opt/deepvariant/bin:/opt/conda/envs/bio/bin', '_': '/usr/bin/python3', 'LC_CTYPE': 'C.UTF-8', 'TF2_BEHAVIOR': '1', 'TPU_ML_PLATFORM': 'Tensorflow', 'TF_CPP_MIN_LOG_LEVEL': '1'}

***** Intermediate results will be written to /output/tmp_chr22 in docker. ****


***** Running the command:*****
time seq 0 7 | parallel -q --halt 2 --line-buffer /opt/deepvariant/bin/make_examples --mode calling --ref "/ref/chr22.fa" --reads "/input/chr22.sorted.bam" --examples "/output/tmp_chr22/make_examples.tfrecord@8.gz" --checkpoint "/opt/models/wgs" --gvcf "/output/tmp_chr22/gvcf.tfrecord@8.gz" --task {}

2026-01-16 13:01:18.124541: W tensorflow/compiler/tf2tensorrt/utils/py_utils.cc:38] TF-TRT Warning: Could not find TensorRT
2026-01-16 13:01:18.125937: W tensorflow/compiler/tf2tensorrt/utils/py_utils.cc:38] TF-TRT Warning: Could not find TensorRT
2026-01-16 13:01:18.242963: W tensorflow/compiler/tf2tensorrt/utils/py_utils.cc:38] TF-TRT Warning: Could not find TensorRT
2026-01-16 13:01:18.008004: W tensorflow/compiler/tf2tensorrt/utils/py_utils.cc:38] TF-TRT Warning: Could not find TensorRT
2026-01-16 13:01:18.251545: W tensorflow/compiler/tf2tensorrt/utils/py_utils.cc:38] TF-TRT Warning: Could not find TensorRT
2026-01-16 13:01:18.396763: W tensorflow/compiler/tf2tensorrt/utils/py_utils.cc:38] TF-TRT Warning: Could not find TensorRT
2026-01-16 13:01:18.261930: W tensorflow/compiler/tf2tensorrt/utils/py_utils.cc:38] TF-TRT Warning: Could not find TensorRT
2026-01-16 13:01:18.255645: W tensorflow/compiler/tf2tensorrt/utils/py_utils.cc:38] TF-TRT Warning: Could not find TensorRT
/tmp/Bazel.runfiles_ikl7nd6q/runfiles/absl_py/absl/flags/_validators.py:233: UserWarning: Flag --mode has a non-None default value; therefore, mark_flag_as_required will pass even if flag is not specified in the command line!
  mark_flag_as_required(flag_name, flag_values)
I0116 13:01:20.405316 139957620043776 make_examples_core.py:3773] model.example_info filename: /opt/models/wgs/model.example_info.json
I0116 13:01:20.405649 139957620043776 make_examples_core.py:3777] Reading flags_for_calling from /opt/models/wgs/model.example_info.json
I0116 13:01:20.405966 139957620043776 make_examples_core.py:3794] Flags for calling:
call_small_model_examples: True
pileup_image_height: 100
pileup_image_width: 221
small_model_indel_gq_threshold: 28
small_model_snp_gq_threshold: 20
small_model_vaf_context_window_size: 51
track_ref_reads: True
trained_small_model_path: /opt/smallmodels/wgs
I0116 13:01:20.407039 139957620043776 genomics_reader.py:223] Reading /input/chr22.sorted.bam with NativeSamReader
I0116 13:01:20.408429 139957620043776 dv_utils.py:333] From /opt/models/wgs/model.example_info.json: Shape of input examples: [100, 221, 7], Channels of input examples: [1, 2, 3, 4, 5, 6, 19].
I0116 13:01:20.408704 139957620043776 make_examples_options.py:1204] Parsing AUX Fields: []
W0116 13:01:20.408966 139957620043776 make_examples_options.py:1255] Automatically setting --trim_reads_for_pileup to True because --alt_aligned_pileup is set.
I0116 13:01:20.440830 139957620043776 make_examples_core.py:367] Task 7/8: Preparing inputs
I0116 13:01:20.441633 139957620043776 genomics_reader.py:223] Reading /input/chr22.sorted.bam with NativeSamReader
I0116 13:01:20.442337 139957620043776 make_examples_core.py:367] Task 7/8: Common contigs are ['chr22']
/tmp/Bazel.runfiles_ronqqcea/runfiles/absl_py/absl/flags/_validators.py:233: UserWarning: Flag --mode has a non-None default value; therefore, mark_flag_as_required will pass even if flag is not specified in the command line!
  mark_flag_as_required(flag_name, flag_values)
I0116 13:01:20.517622 139731388325888 make_examples_core.py:3773] model.example_info filename: /opt/models/wgs/model.example_info.json
I0116 13:01:20.517933 139731388325888 make_examples_core.py:3777] Reading flags_for_calling from /opt/models/wgs/model.example_info.json
I0116 13:01:20.518233 139731388325888 make_examples_core.py:3794] Flags for calling:
call_small_model_examples: True
pileup_image_height: 100
pileup_image_width: 221
small_model_indel_gq_threshold: 28
small_model_snp_gq_threshold: 20
small_model_vaf_context_window_size: 51
track_ref_reads: True
trained_small_model_path: /opt/smallmodels/wgs
I0116 13:01:20.519222 139731388325888 genomics_reader.py:223] Reading /input/chr22.sorted.bam with NativeSamReader
I0116 13:01:20.520521 139731388325888 dv_utils.py:333] From /opt/models/wgs/model.example_info.json: Shape of input examples: [100, 221, 7], Channels of input examples: [1, 2, 3, 4, 5, 6, 19].
I0116 13:01:20.520742 139731388325888 make_examples_options.py:1204] Parsing AUX Fields: []
W0116 13:01:20.520965 139731388325888 make_examples_options.py:1255] Automatically setting --trim_reads_for_pileup to True because --alt_aligned_pileup is set.
I0116 13:01:20.556531 139731388325888 make_examples_core.py:367] Task 3/8: Preparing inputs
I0116 13:01:20.557325 139731388325888 genomics_reader.py:223] Reading /input/chr22.sorted.bam with NativeSamReader
I0116 13:01:20.557957 139731388325888 make_examples_core.py:367] Task 3/8: Common contigs are ['chr22']
/tmp/Bazel.runfiles_ujxw83cy/runfiles/absl_py/absl/flags/_validators.py:233: UserWarning: Flag --mode has a non-None default value; therefore, mark_flag_as_required will pass even if flag is not specified in the command line!
  mark_flag_as_required(flag_name, flag_values)
I0116 13:01:20.518809 139939281014784 make_examples_core.py:3773] model.example_info filename: /opt/models/wgs/model.example_info.json
I0116 13:01:20.519131 139939281014784 make_examples_core.py:3777] Reading flags_for_calling from /opt/models/wgs/model.example_info.json
I0116 13:01:20.519434 139939281014784 make_examples_core.py:3794] Flags for calling:
call_small_model_examples: True
pileup_image_height: 100
pileup_image_width: 221
small_model_indel_gq_threshold: 28
small_model_snp_gq_threshold: 20
small_model_vaf_context_window_size: 51
track_ref_reads: True
trained_small_model_path: /opt/smallmodels/wgs
I0116 13:01:20.520457 139939281014784 genomics_reader.py:223] Reading /input/chr22.sorted.bam with NativeSamReader
I0116 13:01:20.521766 139939281014784 dv_utils.py:333] From /opt/models/wgs/model.example_info.json: Shape of input examples: [100, 221, 7], Channels of input examples: [1, 2, 3, 4, 5, 6, 19].
I0116 13:01:20.521976 139939281014784 make_examples_options.py:1204] Parsing AUX Fields: []
W0116 13:01:20.522199 139939281014784 make_examples_options.py:1255] Automatically setting --trim_reads_for_pileup to True because --alt_aligned_pileup is set.
I0116 13:01:20.556651 139939281014784 make_examples_core.py:367] Task 2/8: Preparing inputs
I0116 13:01:20.557460 139939281014784 genomics_reader.py:223] Reading /input/chr22.sorted.bam with NativeSamReader
I0116 13:01:20.558094 139939281014784 make_examples_core.py:367] Task 2/8: Common contigs are ['chr22']
I0116 13:01:20.562175 139957620043776 make_examples_core.py:367] Task 7/8: Starting from v0.9.0, --use_ref_for_cram is default to true. If you are using CRAM input, note that we will decode CRAM using the reference you passed in with --ref
WARNING: All log messages before absl::InitializeLog() is called are written to STDERR
I0000 00:00:1768568480.562438     242 sam_reader.cc:997] Setting HTS_OPT_BLOCK_SIZE to 134217728
I0116 13:01:20.671339 139731388325888 make_examples_core.py:367] Task 3/8: Starting from v0.9.0, --use_ref_for_cram is default to true. If you are using CRAM input, note that we will decode CRAM using the reference you passed in with --ref
WARNING: All log messages before absl::InitializeLog() is called are written to STDERR
I0000 00:00:1768568480.671615     238 sam_reader.cc:997] Setting HTS_OPT_BLOCK_SIZE to 134217728
/tmp/Bazel.runfiles_719dbqdb/runfiles/absl_py/absl/flags/_validators.py:233: UserWarning: Flag --mode has a non-None default value; therefore, mark_flag_as_required will pass even if flag is not specified in the command line!
  mark_flag_as_required(flag_name, flag_values)
I0116 13:01:20.684715 139735852650496 make_examples_core.py:3773] model.example_info filename: /opt/models/wgs/model.example_info.json
I0116 13:01:20.685099 139735852650496 make_examples_core.py:3777] Reading flags_for_calling from /opt/models/wgs/model.example_info.json
I0116 13:01:20.685412 139735852650496 make_examples_core.py:3794] Flags for calling:
call_small_model_examples: True
pileup_image_height: 100
pileup_image_width: 221
small_model_indel_gq_threshold: 28
small_model_snp_gq_threshold: 20
small_model_vaf_context_window_size: 51
track_ref_reads: True
trained_small_model_path: /opt/smallmodels/wgs
I0116 13:01:20.686434 139735852650496 genomics_reader.py:223] Reading /input/chr22.sorted.bam with NativeSamReader
I0116 13:01:20.687723 139735852650496 dv_utils.py:333] From /opt/models/wgs/model.example_info.json: Shape of input examples: [100, 221, 7], Channels of input examples: [1, 2, 3, 4, 5, 6, 19].
I0116 13:01:20.687926 139735852650496 make_examples_options.py:1204] Parsing AUX Fields: []
W0116 13:01:20.688140 139735852650496 make_examples_options.py:1255] Automatically setting --trim_reads_for_pileup to True because --alt_aligned_pileup is set.
I0116 13:01:20.672098 139939281014784 make_examples_core.py:367] Task 2/8: Starting from v0.9.0, --use_ref_for_cram is default to true. If you are using CRAM input, note that we will decode CRAM using the reference you passed in with --ref
WARNING: All log messages before absl::InitializeLog() is called are written to STDERR
I0000 00:00:1768568480.672351     237 sam_reader.cc:997] Setting HTS_OPT_BLOCK_SIZE to 134217728
/tmp/Bazel.runfiles_nvyfdz_4/runfiles/absl_py/absl/flags/_validators.py:233: UserWarning: Flag --mode has a non-None default value; therefore, mark_flag_as_required will pass even if flag is not specified in the command line!
  mark_flag_as_required(flag_name, flag_values)
I0116 13:01:20.669381 140215033708544 make_examples_core.py:3773] model.example_info filename: /opt/models/wgs/model.example_info.json
I0116 13:01:20.669738 140215033708544 make_examples_core.py:3777] Reading flags_for_calling from /opt/models/wgs/model.example_info.json
I0116 13:01:20.670083 140215033708544 make_examples_core.py:3794] Flags for calling:
call_small_model_examples: True
pileup_image_height: 100
pileup_image_width: 221
small_model_indel_gq_threshold: 28
small_model_snp_gq_threshold: 20
small_model_vaf_context_window_size: 51
track_ref_reads: True
trained_small_model_path: /opt/smallmodels/wgs
I0116 13:01:20.671252 140215033708544 genomics_reader.py:223] Reading /input/chr22.sorted.bam with NativeSamReader
I0116 13:01:20.672636 140215033708544 dv_utils.py:333] From /opt/models/wgs/model.example_info.json: Shape of input examples: [100, 221, 7], Channels of input examples: [1, 2, 3, 4, 5, 6, 19].
I0116 13:01:20.672846 140215033708544 make_examples_options.py:1204] Parsing AUX Fields: []
W0116 13:01:20.673073 140215033708544 make_examples_options.py:1255] Automatically setting --trim_reads_for_pileup to True because --alt_aligned_pileup is set.
I0116 13:01:20.707411 140215033708544 make_examples_core.py:367] Task 5/8: Preparing inputs
I0116 13:01:20.708254 140215033708544 genomics_reader.py:223] Reading /input/chr22.sorted.bam with NativeSamReader
I0116 13:01:20.708935 140215033708544 make_examples_core.py:367] Task 5/8: Common contigs are ['chr22']
I0116 13:01:20.641024 139957620043776 genomics_reader.py:223] Reading /input/chr22.sorted.bam with NativeSamReader
/tmp/Bazel.runfiles_nzteoz0_/runfiles/absl_py/absl/flags/_validators.py:233: UserWarning: Flag --mode has a non-None default value; therefore, mark_flag_as_required will pass even if flag is not specified in the command line!
  mark_flag_as_required(flag_name, flag_values)
I0116 13:01:20.658771 139922397167616 make_examples_core.py:3773] model.example_info filename: /opt/models/wgs/model.example_info.json
I0116 13:01:20.659117 139922397167616 make_examples_core.py:3777] Reading flags_for_calling from /opt/models/wgs/model.example_info.json
I0116 13:01:20.659465 139922397167616 make_examples_core.py:3794] Flags for calling:
call_small_model_examples: True
pileup_image_height: 100
pileup_image_width: 221
small_model_indel_gq_threshold: 28
small_model_snp_gq_threshold: 20
small_model_vaf_context_window_size: 51
track_ref_reads: True
trained_small_model_path: /opt/smallmodels/wgs
I0116 13:01:20.660664 139922397167616 genomics_reader.py:223] Reading /input/chr22.sorted.bam with NativeSamReader
I0116 13:01:20.662031 139922397167616 dv_utils.py:333] From /opt/models/wgs/model.example_info.json: Shape of input examples: [100, 221, 7], Channels of input examples: [1, 2, 3, 4, 5, 6, 19].
I0116 13:01:20.662248 139922397167616 make_examples_options.py:1204] Parsing AUX Fields: []
W0116 13:01:20.662480 139922397167616 make_examples_options.py:1255] Automatically setting --trim_reads_for_pileup to True because --alt_aligned_pileup is set.
I0116 13:01:20.695767 139922397167616 make_examples_core.py:367] Task 1/8: Preparing inputs
I0116 13:01:20.696638 139922397167616 genomics_reader.py:223] Reading /input/chr22.sorted.bam with NativeSamReader
I0116 13:01:20.697329 139922397167616 make_examples_core.py:367] Task 1/8: Common contigs are ['chr22']
I0116 13:01:20.744374 139731388325888 genomics_reader.py:223] Reading /input/chr22.sorted.bam with NativeSamReader
I0116 13:01:20.717733 139735852650496 make_examples_core.py:367] Task 0/8: Preparing inputs
I0116 13:01:20.718492 139735852650496 genomics_reader.py:223] Reading /input/chr22.sorted.bam with NativeSamReader
I0116 13:01:20.719288 139735852650496 make_examples_core.py:367] Task 0/8: Common contigs are ['chr22']
I0116 13:01:20.747822 139939281014784 genomics_reader.py:223] Reading /input/chr22.sorted.bam with NativeSamReader
/tmp/Bazel.runfiles__zuuoz5c/runfiles/absl_py/absl/flags/_validators.py:233: UserWarning: Flag --mode has a non-None default value; therefore, mark_flag_as_required will pass even if flag is not specified in the command line!
  mark_flag_as_required(flag_name, flag_values)
I0116 13:01:20.779021 140231777640448 make_examples_core.py:3773] model.example_info filename: /opt/models/wgs/model.example_info.json
I0116 13:01:20.779367 140231777640448 make_examples_core.py:3777] Reading flags_for_calling from /opt/models/wgs/model.example_info.json
I0116 13:01:20.779717 140231777640448 make_examples_core.py:3794] Flags for calling:
call_small_model_examples: True
pileup_image_height: 100
pileup_image_width: 221
small_model_indel_gq_threshold: 28
small_model_snp_gq_threshold: 20
small_model_vaf_context_window_size: 51
track_ref_reads: True
trained_small_model_path: /opt/smallmodels/wgs
I0116 13:01:20.780806 140231777640448 genomics_reader.py:223] Reading /input/chr22.sorted.bam with NativeSamReader
I0116 13:01:20.782040 140231777640448 dv_utils.py:333] From /opt/models/wgs/model.example_info.json: Shape of input examples: [100, 221, 7], Channels of input examples: [1, 2, 3, 4, 5, 6, 19].
I0116 13:01:20.782241 140231777640448 make_examples_options.py:1204] Parsing AUX Fields: []
W0116 13:01:20.782450 140231777640448 make_examples_options.py:1255] Automatically setting --trim_reads_for_pileup to True because --alt_aligned_pileup is set.
I0116 13:01:20.811014 140231777640448 make_examples_core.py:367] Task 4/8: Preparing inputs
I0116 13:01:20.811792 140231777640448 genomics_reader.py:223] Reading /input/chr22.sorted.bam with NativeSamReader
I0116 13:01:20.812409 140231777640448 make_examples_core.py:367] Task 4/8: Common contigs are ['chr22']
I0116 13:01:20.824415 140215033708544 make_examples_core.py:367] Task 5/8: Starting from v0.9.0, --use_ref_for_cram is default to true. If you are using CRAM input, note that we will decode CRAM using the reference you passed in with --ref
WARNING: All log messages before absl::InitializeLog() is called are written to STDERR
I0000 00:00:1768568480.824783     240 sam_reader.cc:997] Setting HTS_OPT_BLOCK_SIZE to 134217728
I0116 13:01:20.817826 139922397167616 make_examples_core.py:367] Task 1/8: Starting from v0.9.0, --use_ref_for_cram is default to true. If you are using CRAM input, note that we will decode CRAM using the reference you passed in with --ref
WARNING: All log messages before absl::InitializeLog() is called are written to STDERR
I0000 00:00:1768568480.818143     236 sam_reader.cc:997] Setting HTS_OPT_BLOCK_SIZE to 134217728
I0116 13:01:20.832113 139735852650496 make_examples_core.py:367] Task 0/8: Starting from v0.9.0, --use_ref_for_cram is default to true. If you are using CRAM input, note that we will decode CRAM using the reference you passed in with --ref
WARNING: All log messages before absl::InitializeLog() is called are written to STDERR
I0000 00:00:1768568480.832341     235 sam_reader.cc:997] Setting HTS_OPT_BLOCK_SIZE to 134217728
/tmp/Bazel.runfiles_3ugrg41r/runfiles/absl_py/absl/flags/_validators.py:233: UserWarning: Flag --mode has a non-None default value; therefore, mark_flag_as_required will pass even if flag is not specified in the command line!
  mark_flag_as_required(flag_name, flag_values)
I0116 13:01:20.893582 140046853844992 make_examples_core.py:3773] model.example_info filename: /opt/models/wgs/model.example_info.json
I0116 13:01:20.893874 140046853844992 make_examples_core.py:3777] Reading flags_for_calling from /opt/models/wgs/model.example_info.json
I0116 13:01:20.894153 140046853844992 make_examples_core.py:3794] Flags for calling:
call_small_model_examples: True
pileup_image_height: 100
pileup_image_width: 221
small_model_indel_gq_threshold: 28
small_model_snp_gq_threshold: 20
small_model_vaf_context_window_size: 51
track_ref_reads: True
trained_small_model_path: /opt/smallmodels/wgs
I0116 13:01:20.889911 139922397167616 genomics_reader.py:223] Reading /input/chr22.sorted.bam with NativeSamReader
I0116 13:01:20.895150 140046853844992 genomics_reader.py:223] Reading /input/chr22.sorted.bam with NativeSamReader
I0116 13:01:20.896358 140046853844992 dv_utils.py:333] From /opt/models/wgs/model.example_info.json: Shape of input examples: [100, 221, 7], Channels of input examples: [1, 2, 3, 4, 5, 6, 19].
I0116 13:01:20.896547 140046853844992 make_examples_options.py:1204] Parsing AUX Fields: []
W0116 13:01:20.896763 140046853844992 make_examples_options.py:1255] Automatically setting --trim_reads_for_pileup to True because --alt_aligned_pileup is set.
I0116 13:01:20.896287 140215033708544 genomics_reader.py:223] Reading /input/chr22.sorted.bam with NativeSamReader
I0116 13:01:20.902711 139735852650496 genomics_reader.py:223] Reading /input/chr22.sorted.bam with NativeSamReader
I0116 13:01:20.923368 140046853844992 make_examples_core.py:367] Task 6/8: Preparing inputs
I0116 13:01:20.924138 140046853844992 genomics_reader.py:223] Reading /input/chr22.sorted.bam with NativeSamReader
I0116 13:01:20.924780 140046853844992 make_examples_core.py:367] Task 6/8: Common contigs are ['chr22']
I0116 13:01:20.926801 140231777640448 make_examples_core.py:367] Task 4/8: Starting from v0.9.0, --use_ref_for_cram is default to true. If you are using CRAM input, note that we will decode CRAM using the reference you passed in with --ref
WARNING: All log messages before absl::InitializeLog() is called are written to STDERR
I0000 00:00:1768568480.927033     239 sam_reader.cc:997] Setting HTS_OPT_BLOCK_SIZE to 134217728
I0116 13:01:20.993009 140231777640448 genomics_reader.py:223] Reading /input/chr22.sorted.bam with NativeSamReader
I0116 13:01:21.000506 139957620043776 genomics_reader.py:223] Reading /input/chr22.sorted.bam with NativeSamReader
I0116 13:01:21.000848 139957620043776 make_examples_core.py:367] Task 7/8: Writing gvcf records to /output/tmp_chr22/gvcf.tfrecord-00007-of-00008.gz
I0116 13:01:21.002517 139957620043776 make_examples_core.py:367] Task 7/8: Writing examples to /output/tmp_chr22/make_examples.tfrecord-00007-of-00008.gz
I0116 13:01:21.002572 139957620043776 make_examples_core.py:367] Task 7/8: Overhead for preparing inputs: 0 seconds
I0116 13:01:21.011826 139957620043776 make_examples_core.py:367] Task 7/8: 0 candidates (0 examples) [0.01s elapsed]
I0116 13:01:21.038945 140046853844992 make_examples_core.py:367] Task 6/8: Starting from v0.9.0, --use_ref_for_cram is default to true. If you are using CRAM input, note that we will decode CRAM using the reference you passed in with --ref
WARNING: All log messages before absl::InitializeLog() is called are written to STDERR
I0000 00:00:1768568481.039197     241 sam_reader.cc:997] Setting HTS_OPT_BLOCK_SIZE to 134217728
I0116 13:01:21.109921 140046853844992 genomics_reader.py:223] Reading /input/chr22.sorted.bam with NativeSamReader
I0116 13:01:21.231635 139731388325888 genomics_reader.py:223] Reading /input/chr22.sorted.bam with NativeSamReader
I0116 13:01:21.232229 139731388325888 make_examples_core.py:367] Task 3/8: Writing gvcf records to /output/tmp_chr22/gvcf.tfrecord-00003-of-00008.gz
I0116 13:01:21.235772 139731388325888 make_examples_core.py:367] Task 3/8: Writing examples to /output/tmp_chr22/make_examples.tfrecord-00003-of-00008.gz
I0116 13:01:21.235879 139731388325888 make_examples_core.py:367] Task 3/8: Overhead for preparing inputs: 0 seconds
I0116 13:01:21.253574 139731388325888 make_examples_core.py:367] Task 3/8: 0 candidates (0 examples) [0.02s elapsed]
I0116 13:01:21.253803 139922397167616 genomics_reader.py:223] Reading /input/chr22.sorted.bam with NativeSamReader
I0116 13:01:21.254203 139922397167616 make_examples_core.py:367] Task 1/8: Writing gvcf records to /output/tmp_chr22/gvcf.tfrecord-00001-of-00008.gz
I0116 13:01:21.256164 139922397167616 make_examples_core.py:367] Task 1/8: Writing examples to /output/tmp_chr22/make_examples.tfrecord-00001-of-00008.gz
I0116 13:01:21.256221 139922397167616 make_examples_core.py:367] Task 1/8: Overhead for preparing inputs: 0 seconds
I0116 13:01:21.265848 139922397167616 make_examples_core.py:367] Task 1/8: 0 candidates (0 examples) [0.01s elapsed]
I0116 13:01:21.288314 139939281014784 genomics_reader.py:223] Reading /input/chr22.sorted.bam with NativeSamReader
I0116 13:01:21.289016 139939281014784 make_examples_core.py:367] Task 2/8: Writing gvcf records to /output/tmp_chr22/gvcf.tfrecord-00002-of-00008.gz
I0116 13:01:21.292551 139939281014784 make_examples_core.py:367] Task 2/8: Writing examples to /output/tmp_chr22/make_examples.tfrecord-00002-of-00008.gz
I0116 13:01:21.292677 139939281014784 make_examples_core.py:367] Task 2/8: Overhead for preparing inputs: 0 seconds
I0116 13:01:21.311195 139939281014784 make_examples_core.py:367] Task 2/8: 0 candidates (0 examples) [0.02s elapsed]
I0116 13:01:21.374515 140231777640448 genomics_reader.py:223] Reading /input/chr22.sorted.bam with NativeSamReader
I0116 13:01:21.374902 140231777640448 make_examples_core.py:367] Task 4/8: Writing gvcf records to /output/tmp_chr22/gvcf.tfrecord-00004-of-00008.gz
I0116 13:01:21.377326 140231777640448 make_examples_core.py:367] Task 4/8: Writing examples to /output/tmp_chr22/make_examples.tfrecord-00004-of-00008.gz
I0116 13:01:21.377383 140231777640448 make_examples_core.py:367] Task 4/8: Overhead for preparing inputs: 0 seconds
I0116 13:01:21.379420 140215033708544 genomics_reader.py:223] Reading /input/chr22.sorted.bam with NativeSamReader
I0116 13:01:21.380096 140215033708544 make_examples_core.py:367] Task 5/8: Writing gvcf records to /output/tmp_chr22/gvcf.tfrecord-00005-of-00008.gz
I0116 13:01:21.383483 140215033708544 make_examples_core.py:367] Task 5/8: Writing examples to /output/tmp_chr22/make_examples.tfrecord-00005-of-00008.gz
I0116 13:01:21.383590 140215033708544 make_examples_core.py:367] Task 5/8: Overhead for preparing inputs: 0 seconds
I0116 13:01:21.385601 139735852650496 genomics_reader.py:223] Reading /input/chr22.sorted.bam with NativeSamReader
I0116 13:01:21.386193 139735852650496 make_examples_core.py:367] Task 0/8: Writing gvcf records to /output/tmp_chr22/gvcf.tfrecord-00000-of-00008.gz
I0116 13:01:21.387849 140231777640448 make_examples_core.py:367] Task 4/8: 0 candidates (0 examples) [0.01s elapsed]
I0116 13:01:21.389432 139735852650496 make_examples_core.py:367] Task 0/8: Writing examples to /output/tmp_chr22/make_examples.tfrecord-00000-of-00008.gz
I0116 13:01:21.389541 139735852650496 make_examples_core.py:367] Task 0/8: Overhead for preparing inputs: 0 seconds
I0116 13:01:21.402163 140215033708544 make_examples_core.py:367] Task 5/8: 0 candidates (0 examples) [0.02s elapsed]
I0116 13:01:21.407971 139735852650496 make_examples_core.py:367] Task 0/8: 0 candidates (0 examples) [0.02s elapsed]
I0116 13:01:21.660647 140046853844992 genomics_reader.py:223] Reading /input/chr22.sorted.bam with NativeSamReader
I0116 13:01:21.661281 140046853844992 make_examples_core.py:367] Task 6/8: Writing gvcf records to /output/tmp_chr22/gvcf.tfrecord-00006-of-00008.gz
I0116 13:01:21.664543 140046853844992 make_examples_core.py:367] Task 6/8: Writing examples to /output/tmp_chr22/make_examples.tfrecord-00006-of-00008.gz
I0116 13:01:21.664678 140046853844992 make_examples_core.py:367] Task 6/8: Overhead for preparing inputs: 0 seconds
I0116 13:01:21.682384 140046853844992 make_examples_core.py:367] Task 6/8: 0 candidates (0 examples) [0.02s elapsed]
I0116 13:02:02.589705 139957620043776 make_examples_core.py:367] Task 7/8: 2075 candidates (2003 examples) [41.58s elapsed]
I0116 13:02:04.121765 140215033708544 make_examples_core.py:367] Task 5/8: 2050 candidates (1967 examples) [42.72s elapsed]
I0116 13:02:04.887866 140231777640448 make_examples_core.py:367] Task 4/8: 2011 candidates (1932 examples) [43.50s elapsed]
I0116 13:02:06.978918 139735852650496 make_examples_core.py:367] Task 0/8: 2047 candidates (2003 examples) [45.57s elapsed]
I0116 13:02:07.094705 140046853844992 make_examples_core.py:367] Task 6/8: 2010 candidates (1966 examples) [45.41s elapsed]
I0116 13:02:07.987695 139731388325888 make_examples_core.py:367] Task 3/8: 2022 candidates (1958 examples) [46.73s elapsed]
I0116 13:02:09.492009 139922397167616 make_examples_core.py:367] Task 1/8: 2034 candidates (2099 examples) [48.23s elapsed]
I0116 13:02:12.054121 139939281014784 make_examples_core.py:367] Task 2/8: 2006 candidates (1962 examples) [50.74s elapsed]
I0116 13:02:35.742815 139735852650496 make_examples_core.py:367] Task 0/8: 4060 candidates (3926 examples) [28.76s elapsed]
I0116 13:02:37.210930 139957620043776 make_examples_core.py:367] Task 7/8: 4004 candidates (3767 examples) [34.62s elapsed]
I0116 13:02:37.778987 139922397167616 make_examples_core.py:367] Task 1/8: 4016 candidates (3910 examples) [28.29s elapsed]
I0116 13:02:40.757190 139731388325888 make_examples_core.py:367] Task 3/8: 4053 candidates (3909 examples) [32.77s elapsed]
I0116 13:02:43.332332 139939281014784 make_examples_core.py:367] Task 2/8: 4046 candidates (3869 examples) [31.28s elapsed]
I0116 13:02:45.068028 140215033708544 make_examples_core.py:367] Task 5/8: 4099 candidates (3823 examples) [40.95s elapsed]
I0116 13:02:46.626857 140231777640448 make_examples_core.py:367] Task 4/8: 4005 candidates (3714 examples) [41.74s elapsed]
I0116 13:02:57.829031 140046853844992 make_examples_core.py:367] Task 6/8: 4095 candidates (3799 examples) [50.73s elapsed]
I0116 13:02:59.954084 139922397167616 make_examples_core.py:367] Task 1/8: 6015 candidates (5489 examples) [22.17s elapsed]
I0116 13:03:01.740868 139957620043776 make_examples_core.py:367] Task 7/8: 6071 candidates (5489 examples) [24.53s elapsed]
I0116 13:03:02.963713 139735852650496 make_examples_core.py:367] Task 0/8: 6062 candidates (5593 examples) [27.22s elapsed]
I0116 13:03:04.129446 139731388325888 make_examples_core.py:367] Task 3/8: 6023 candidates (5609 examples) [23.37s elapsed]
I0116 13:03:08.381165 139939281014784 make_examples_core.py:367] Task 2/8: 6017 candidates (5408 examples) [25.05s elapsed]
I0116 13:03:09.515313 140231777640448 make_examples_core.py:367] Task 4/8: 6032 candidates (5342 examples) [22.89s elapsed]
I0116 13:03:11.051619 140215033708544 make_examples_core.py:367] Task 5/8: 6063 candidates (5465 examples) [25.98s elapsed]
I0116 13:03:18.429764 140046853844992 make_examples_core.py:367] Task 6/8: 6007 candidates (5328 examples) [20.60s elapsed]
I0116 13:03:27.060457 139957620043776 make_examples_core.py:367] Task 7/8: 8017 candidates (7287 examples) [25.32s elapsed]
I0116 13:03:26.737555 139922397167616 make_examples_core.py:367] Task 1/8: 8052 candidates (7434 examples) [26.78s elapsed]
I0116 13:03:28.552805 139735852650496 make_examples_core.py:367] Task 0/8: 8027 candidates (7413 examples) [25.59s elapsed]
I0116 13:03:30.590681 139731388325888 make_examples_core.py:367] Task 3/8: 8062 candidates (7328 examples) [26.46s elapsed]
I0116 13:03:35.548875 139939281014784 make_examples_core.py:367] Task 2/8: 8006 candidates (7239 examples) [27.17s elapsed]
I0116 13:03:36.484061 140215033708544 make_examples_core.py:367] Task 5/8: 8058 candidates (7237 examples) [25.43s elapsed]
I0116 13:03:43.960245 140231777640448 make_examples_core.py:367] Task 4/8: 8008 candidates (7187 examples) [34.44s elapsed]
I0116 13:03:47.406851 140046853844992 make_examples_core.py:367] Task 6/8: 8039 candidates (7186 examples) [28.98s elapsed]
I0116 13:03:53.018306 139735852650496 make_examples_core.py:367] Task 0/8: 10031 candidates (9123 examples) [24.47s elapsed]
I0116 13:03:53.697093 139957620043776 make_examples_core.py:367] Task 7/8: 10006 candidates (9009 examples) [26.64s elapsed]
I0116 13:03:53.686103 139922397167616 make_examples_core.py:367] Task 1/8: 10030 candidates (9244 examples) [26.95s elapsed]
I0116 13:03:56.505015 139731388325888 make_examples_core.py:367] Task 3/8: 10083 candidates (9050 examples) [25.91s elapsed]
I0116 13:04:00.023078 139939281014784 make_examples_core.py:367] Task 2/8: 10047 candidates (9092 examples) [24.47s elapsed]
I0116 13:04:00.074536 140215033708544 make_examples_core.py:367] Task 5/8: 10031 candidates (8943 examples) [23.59s elapsed]
I0116 13:04:10.515985 140231777640448 make_examples_core.py:367] Task 4/8: 10083 candidates (8969 examples) [26.56s elapsed]
I0116 13:04:12.359475 140046853844992 make_examples_core.py:367] Task 6/8: 10048 candidates (8984 examples) [24.95s elapsed]
I0116 13:04:14.792354 139735852650496 make_examples_core.py:367] Task 0/8: 12027 candidates (11013 examples) [21.77s elapsed]
I0116 13:04:16.944751 139922397167616 make_examples_core.py:367] Task 1/8: 12034 candidates (11056 examples) [23.26s elapsed]
I0116 13:04:19.390659 139731388325888 make_examples_core.py:367] Task 3/8: 12005 candidates (10787 examples) [22.89s elapsed]
I0116 13:04:23.338505 139957620043776 make_examples_core.py:367] Task 7/8: 12012 candidates (10973 examples) [29.64s elapsed]
I0116 13:04:23.777597 139939281014784 make_examples_core.py:367] Task 2/8: 12028 candidates (10955 examples) [23.75s elapsed]
I0116 13:04:23.936650 140215033708544 make_examples_core.py:367] Task 5/8: 12022 candidates (10802 examples) [23.86s elapsed]
I0116 13:04:31.968224 140231777640448 make_examples_core.py:367] Task 4/8: 12049 candidates (10842 examples) [21.45s elapsed]
I0116 13:04:37.848629 140046853844992 make_examples_core.py:367] Task 6/8: 12040 candidates (10828 examples) [25.49s elapsed]
I0116 13:04:39.300947 139922397167616 make_examples_core.py:367] Task 1/8: 14027 candidates (12883 examples) [22.36s elapsed]
I0116 13:04:45.622447 139731388325888 make_examples_core.py:367] Task 3/8: 14027 candidates (12680 examples) [26.23s elapsed]
I0116 13:04:50.068597 139939281014784 make_examples_core.py:367] Task 2/8: 14031 candidates (12816 examples) [26.29s elapsed]
I0116 13:04:54.468440 140215033708544 make_examples_core.py:367] Task 5/8: 14145 candidates (12832 examples) [30.53s elapsed]
I0116 13:04:54.621412 139957620043776 make_examples_core.py:367] Task 7/8: 14009 candidates (12873 examples) [31.28s elapsed]
I0116 13:05:00.643506 139735852650496 make_examples_core.py:367] Task 0/8: 14015 candidates (12813 examples) [45.85s elapsed]
I0116 13:05:01.842572 140231777640448 make_examples_core.py:367] Task 4/8: 14011 candidates (12638 examples) [29.87s elapsed]
I0116 13:05:03.216007 140046853844992 make_examples_core.py:367] Task 6/8: 14000 candidates (12605 examples) [25.37s elapsed]
I0116 13:05:15.528036 139922397167616 make_examples_core.py:367] Task 1/8: 16059 candidates (14604 examples) [36.23s elapsed]
I0116 13:05:20.250648 139957620043776 make_examples_core.py:367] Task 7/8: 16002 candidates (14219 examples) [25.63s elapsed]
I0116 13:05:21.767120 140215033708544 make_examples_core.py:367] Task 5/8: 16013 candidates (14356 examples) [27.30s elapsed]
I0116 13:05:24.327847 139731388325888 make_examples_core.py:367] Task 3/8: 16009 candidates (14136 examples) [38.71s elapsed]
I0116 13:05:25.739893 139939281014784 make_examples_core.py:367] Task 2/8: 16011 candidates (14408 examples) [35.67s elapsed]
I0116 13:05:34.834271 140231777640448 make_examples_core.py:367] Task 4/8: 16003 candidates (14283 examples) [32.99s elapsed]
I0116 13:05:35.465838 140046853844992 make_examples_core.py:367] Task 6/8: 16068 candidates (14367 examples) [32.25s elapsed]
I0116 13:05:40.183223 139735852650496 make_examples_core.py:367] Task 0/8: 16104 candidates (14641 examples) [39.54s elapsed]
I0116 13:05:41.211814 139922397167616 make_examples_core.py:367] Task 1/8: 18097 candidates (16139 examples) [25.68s elapsed]
I0116 13:05:42.878488 139957620043776 make_examples_core.py:367] Task 7/8: 18043 candidates (15801 examples) [22.63s elapsed]
I0116 13:05:49.602119 139731388325888 make_examples_core.py:367] Task 3/8: 18034 candidates (15654 examples) [25.27s elapsed]
I0116 13:05:50.713979 139939281014784 make_examples_core.py:367] Task 2/8: 18055 candidates (15963 examples) [24.97s elapsed]
I0116 13:05:57.713214 140231777640448 make_examples_core.py:367] Task 4/8: 18006 candidates (15805 examples) [22.88s elapsed]
I0116 13:05:57.312620 140046853844992 make_examples_core.py:367] Task 6/8: 18044 candidates (15720 examples) [21.85s elapsed]
I0116 13:06:01.576176 139735852650496 make_examples_core.py:367] Task 0/8: 18047 candidates (15825 examples) [21.39s elapsed]
I0116 13:06:05.813055 139922397167616 make_examples_core.py:367] Task 1/8: 20023 candidates (17716 examples) [24.60s elapsed]
I0116 13:06:06.138176 139957620043776 make_examples_core.py:367] Task 7/8: 20069 candidates (17515 examples) [23.26s elapsed]
I0116 13:06:06.871400 140215033708544 make_examples_core.py:367] Task 5/8: 18035 candidates (15821 examples) [45.10s elapsed]
I0116 13:06:13.328277 139939281014784 make_examples_core.py:367] Task 2/8: 20027 candidates (17476 examples) [22.61s elapsed]
I0116 13:06:14.393824 139731388325888 make_examples_core.py:367] Task 3/8: 20082 candidates (17291 examples) [24.79s elapsed]
I0116 13:06:21.429179 140231777640448 make_examples_core.py:367] Task 4/8: 20042 candidates (17460 examples) [23.72s elapsed]
I0116 13:06:22.575460 140046853844992 make_examples_core.py:367] Task 6/8: 20010 candidates (17339 examples) [25.26s elapsed]
I0116 13:06:29.153300 139735852650496 make_examples_core.py:367] Task 0/8: 20064 candidates (17396 examples) [27.58s elapsed]
I0116 13:06:30.216464 140215033708544 make_examples_core.py:367] Task 5/8: 20039 candidates (17418 examples) [23.34s elapsed]
I0116 13:06:35.128271 139922397167616 make_examples_core.py:367] Task 1/8: 22032 candidates (19627 examples) [29.31s elapsed]
I0116 13:06:46.073878 139957620043776 make_examples_core.py:367] Task 7/8: 22005 candidates (19322 examples) [39.94s elapsed]
I0116 13:06:51.414158 139731388325888 make_examples_core.py:367] Task 3/8: 22008 candidates (19202 examples) [37.02s elapsed]
I0116 13:06:51.302447 139939281014784 make_examples_core.py:367] Task 2/8: 22058 candidates (19381 examples) [37.97s elapsed]
I0116 13:06:56.533527 139735852650496 make_examples_core.py:367] Task 0/8: 22095 candidates (19208 examples) [27.38s elapsed]
I0116 13:07:02.574515 139922397167616 make_examples_core.py:367] Task 1/8: 24090 candidates (21558 examples) [27.45s elapsed]
I0116 13:07:09.797060 139957620043776 make_examples_core.py:367] Task 7/8: 24022 candidates (21022 examples) [23.72s elapsed]
I0116 13:07:10.345668 140046853844992 make_examples_core.py:367] Task 6/8: 22021 candidates (19224 examples) [47.77s elapsed]
I0116 13:07:11.112143 140231777640448 make_examples_core.py:367] Task 4/8: 22067 candidates (19376 examples) [49.68s elapsed]
I0116 13:07:13.316312 139939281014784 make_examples_core.py:367] Task 2/8: 24003 candidates (21049 examples) [22.01s elapsed]
I0116 13:07:13.648475 140215033708544 make_examples_core.py:367] Task 5/8: 22048 candidates (19122 examples) [43.43s elapsed]
I0116 13:07:15.476758 139731388325888 make_examples_core.py:367] Task 3/8: 24063 candidates (20920 examples) [24.06s elapsed]
I0116 13:07:25.924327 139735852650496 make_examples_core.py:367] Task 0/8: 24053 candidates (21142 examples) [29.39s elapsed]
I0116 13:07:38.077201 140215033708544 make_examples_core.py:367] Task 5/8: 24015 candidates (20816 examples) [24.43s elapsed]
I0116 13:07:40.228577 140046853844992 make_examples_core.py:367] Task 6/8: 24003 candidates (21006 examples) [29.88s elapsed]
I0116 13:07:41.779285 140231777640448 make_examples_core.py:367] Task 4/8: 24164 candidates (21291 examples) [30.67s elapsed]
I0116 13:07:41.957328 139922397167616 make_examples_core.py:367] Task 1/8: 26054 candidates (23382 examples) [39.38s elapsed]
I0116 13:07:52.564151 139735852650496 make_examples_core.py:367] Task 0/8: 26100 candidates (23039 examples) [26.64s elapsed]
I0116 13:07:53.495142 139939281014784 make_examples_core.py:367] Task 2/8: 26013 candidates (23099 examples) [40.18s elapsed]
I0116 13:07:58.569712 139731388325888 make_examples_core.py:367] Task 3/8: 26014 candidates (22802 examples) [43.09s elapsed]
I0116 13:07:58.961735 139957620043776 make_examples_core.py:367] Task 7/8: 26055 candidates (22902 examples) [49.16s elapsed]
I0116 13:08:08.970468 139922397167616 make_examples_core.py:367] Task 1/8: 28014 candidates (25065 examples) [27.01s elapsed]
I0116 13:08:17.767265 139939281014784 make_examples_core.py:367] Task 2/8: 28026 candidates (24895 examples) [24.27s elapsed]
I0116 13:08:20.302661 140046853844992 make_examples_core.py:367] Task 6/8: 26056 candidates (22971 examples) [40.07s elapsed]
I0116 13:08:22.697739 140231777640448 make_examples_core.py:367] Task 4/8: 26040 candidates (23114 examples) [40.92s elapsed]
I0116 13:08:23.543100 139957620043776 make_examples_core.py:367] Task 7/8: 28008 candidates (24701 examples) [24.58s elapsed]
I0116 13:08:24.572564 139731388325888 make_examples_core.py:367] Task 3/8: 28013 candidates (24556 examples) [26.00s elapsed]
I0116 13:08:24.809057 140215033708544 make_examples_core.py:367] Task 5/8: 26002 candidates (22705 examples) [46.73s elapsed]
I0116 13:08:28.946514 139735852650496 make_examples_core.py:367] Task 0/8: 28061 candidates (25005 examples) [36.38s elapsed]
I0116 13:08:31.393029 139922397167616 make_examples_core.py:367] Task 1/8: 30056 candidates (26654 examples) [22.42s elapsed]
I0116 13:08:45.347099 140231777640448 make_examples_core.py:367] Task 4/8: 28057 candidates (24849 examples) [22.65s elapsed]
I0116 13:08:44.942108 139939281014784 make_examples_core.py:367] Task 2/8: 30045 candidates (26523 examples) [27.17s elapsed]
I0116 13:08:46.761610 140046853844992 make_examples_core.py:367] Task 6/8: 28026 candidates (24814 examples) [26.46s elapsed]
I0116 13:08:49.531144 140215033708544 make_examples_core.py:367] Task 5/8: 28045 candidates (24594 examples) [24.72s elapsed]
I0116 13:08:49.482764 139957620043776 make_examples_core.py:367] Task 7/8: 30097 candidates (26391 examples) [25.94s elapsed]
I0116 13:08:52.599150 139731388325888 make_examples_core.py:367] Task 3/8: 30012 candidates (26255 examples) [28.03s elapsed]
I0116 13:08:56.163798 139735852650496 make_examples_core.py:367] Task 0/8: 30041 candidates (26714 examples) [27.22s elapsed]
I0116 13:09:03.651010 139922397167616 make_examples_core.py:367] Task 1/8: 32061 candidates (28294 examples) [32.26s elapsed]
I0116 13:09:10.479598 140231777640448 make_examples_core.py:367] Task 4/8: 30035 candidates (26558 examples) [25.13s elapsed]
I0116 13:09:09.951013 140046853844992 make_examples_core.py:367] Task 6/8: 30024 candidates (26518 examples) [23.19s elapsed]
I0116 13:09:12.079200 139957620043776 make_examples_core.py:367] Task 7/8: 32137 candidates (28316 examples) [22.60s elapsed]
I0116 13:09:12.510840 140215033708544 make_examples_core.py:367] Task 5/8: 30047 candidates (26257 examples) [22.98s elapsed]
I0116 13:09:15.630938 139939281014784 make_examples_core.py:367] Task 2/8: 32081 candidates (28150 examples) [30.69s elapsed]
I0116 13:09:25.939253 139735852650496 make_examples_core.py:367] Task 0/8: 32004 candidates (28393 examples) [29.78s elapsed]
I0116 13:09:29.216036 139731388325888 make_examples_core.py:367] Task 3/8: 32085 candidates (27961 examples) [36.62s elapsed]
I0116 13:09:33.557731 139922397167616 make_examples_core.py:367] Task 1/8: 34019 candidates (29419 examples) [29.91s elapsed]
I0116 13:09:38.883009 140231777640448 make_examples_core.py:367] Task 4/8: 32025 candidates (28006 examples) [28.40s elapsed]
I0116 13:09:41.531917 140215033708544 make_examples_core.py:367] Task 5/8: 32005 candidates (27713 examples) [29.02s elapsed]
I0116 13:09:42.851654 140046853844992 make_examples_core.py:367] Task 6/8: 32135 candidates (28356 examples) [32.90s elapsed]
I0116 13:09:44.698955 139939281014784 make_examples_core.py:367] Task 2/8: 34001 candidates (29490 examples) [29.07s elapsed]
I0116 13:09:48.452497 139957620043776 make_examples_core.py:367] Task 7/8: 34079 candidates (29709 examples) [36.37s elapsed]
I0116 13:10:07.721048 139731388325888 make_examples_core.py:367] Task 3/8: 34001 candidates (29124 examples) [38.50s elapsed]
I0116 13:10:12.059345 139735852650496 make_examples_core.py:367] Task 0/8: 34003 candidates (29798 examples) [46.12s elapsed]
I0116 13:10:12.499461 139922397167616 make_examples_core.py:367] Task 1/8: 36037 candidates (30767 examples) [38.94s elapsed]
I0116 13:10:13.833117 140231777640448 make_examples_core.py:367] Task 4/8: 34128 candidates (29386 examples) [34.95s elapsed]
I0116 13:10:18.937899 140215033708544 make_examples_core.py:367] Task 5/8: 34022 candidates (29011 examples) [37.41s elapsed]
I0116 13:10:23.009868 140046853844992 make_examples_core.py:367] Task 6/8: 34021 candidates (29727 examples) [40.16s elapsed]
I0116 13:10:26.561590 139939281014784 make_examples_core.py:367] Task 2/8: 36007 candidates (30907 examples) [41.86s elapsed]
I0116 13:10:38.547532 139957620043776 make_examples_core.py:367] Task 7/8: 36081 candidates (30871 examples) [50.09s elapsed]
I0116 13:10:46.366643 139731388325888 make_examples_core.py:367] Task 3/8: 36130 candidates (30254 examples) [38.65s elapsed]
I0116 13:10:50.871465 139735852650496 make_examples_core.py:367] Task 0/8: 36035 candidates (31202 examples) [38.81s elapsed]
I0116 13:10:55.824986 140231777640448 make_examples_core.py:367] Task 4/8: 36010 candidates (30600 examples) [41.99s elapsed]
I0116 13:10:55.964782 139922397167616 make_examples_core.py:367] Task 1/8: 38089 candidates (32155 examples) [43.46s elapsed]
I0116 13:10:59.044465 139939281014784 make_examples_core.py:367] Task 2/8: 38007 candidates (32181 examples) [32.48s elapsed]
I0116 13:11:00.790746 140215033708544 make_examples_core.py:367] Task 5/8: 36052 candidates (30258 examples) [41.85s elapsed]
I0116 13:11:18.597667 140046853844992 make_examples_core.py:367] Task 6/8: 36120 candidates (31250 examples) [55.59s elapsed]
I0116 13:11:20.746428 139939281014784 make_examples_core.py:367] Task 2/8: 40026 candidates (34025 examples) [21.70s elapsed]
I0116 13:11:26.353015 139922397167616 make_examples_core.py:367] Task 1/8: 40116 candidates (33908 examples) [30.39s elapsed]
I0116 13:11:29.829443 140231777640448 make_examples_core.py:367] Task 4/8: 38080 candidates (32444 examples) [34.00s elapsed]
I0116 13:11:32.269536 139957620043776 make_examples_core.py:367] Task 7/8: 38003 candidates (32129 examples) [53.72s elapsed]
I0116 13:11:37.861619 139735852650496 make_examples_core.py:367] Task 0/8: 38016 candidates (32597 examples) [46.99s elapsed]
I0116 13:11:38.953481 139731388325888 make_examples_core.py:367] Task 3/8: 38076 candidates (31674 examples) [52.59s elapsed]
I0116 13:11:41.441156 140215033708544 make_examples_core.py:367] Task 5/8: 38002 candidates (31352 examples) [40.65s elapsed]
I0116 13:11:51.700932 140046853844992 make_examples_core.py:367] Task 6/8: 38032 candidates (32411 examples) [33.10s elapsed]
I0116 13:12:03.398502 139939281014784 make_examples_core.py:367] Task 2/8: 42075 candidates (35318 examples) [42.65s elapsed]
I0116 13:12:07.473007 139731388325888 make_examples_core.py:367] Task 3/8: 40007 candidates (33493 examples) [28.52s elapsed]
I0116 13:12:07.235317 140231777640448 make_examples_core.py:367] Task 4/8: 40042 candidates (34018 examples) [37.41s elapsed]
I0116 13:12:10.023637 139957620043776 make_examples_core.py:367] Task 7/8: 40040 candidates (33674 examples) [37.75s elapsed]
I0116 13:12:14.273998 140215033708544 make_examples_core.py:367] Task 5/8: 40015 candidates (33258 examples) [32.83s elapsed]
I0116 13:12:15.811846 139922397167616 make_examples_core.py:367] Task 1/8: 42026 candidates (35118 examples) [49.46s elapsed]
I0116 13:12:16.877734 139735852650496 make_examples_core.py:367] Task 0/8: 40015 candidates (34321 examples) [39.02s elapsed]
I0116 13:12:30.206129 140046853844992 make_examples_core.py:367] Task 6/8: 40107 candidates (33707 examples) [38.50s elapsed]
I0116 13:12:37.524265 139939281014784 make_examples_core.py:367] Task 2/8: 44027 candidates (36558 examples) [34.13s elapsed]
I0116 13:12:40.932511 139957620043776 make_examples_core.py:367] Task 7/8: 42020 candidates (35124 examples) [30.91s elapsed]
I0116 13:12:41.919880 140231777640448 make_examples_core.py:367] Task 4/8: 42010 candidates (35708 examples) [34.68s elapsed]
I0116 13:12:45.831272 140215033708544 make_examples_core.py:367] Task 5/8: 42018 candidates (34728 examples) [31.56s elapsed]
I0116 13:12:51.135406 139731388325888 make_examples_core.py:367] Task 3/8: 42002 candidates (34956 examples) [43.66s elapsed]
I0116 13:12:55.407014 139922397167616 make_examples_core.py:367] Task 1/8: 44024 candidates (36485 examples) [39.59s elapsed]
I0116 13:12:55.794662 140046853844992 make_examples_core.py:367] Task 6/8: 42059 candidates (35386 examples) [25.59s elapsed]
I0116 13:12:59.980887 139735852650496 make_examples_core.py:367] Task 0/8: 42090 candidates (35821 examples) [43.10s elapsed]
I0116 13:13:11.937705 139939281014784 make_examples_core.py:367] Task 2/8: 46023 candidates (37987 examples) [34.41s elapsed]
I0116 13:13:17.563293 139957620043776 make_examples_core.py:367] Task 7/8: 44023 candidates (36478 examples) [36.63s elapsed]
I0116 13:13:25.568735 140215033708544 make_examples_core.py:367] Task 5/8: 44100 candidates (36380 examples) [39.74s elapsed]
I0116 13:13:27.106119 140046853844992 make_examples_core.py:367] Task 6/8: 44075 candidates (36557 examples) [31.31s elapsed]
I0116 13:13:28.947488 139731388325888 make_examples_core.py:367] Task 3/8: 44090 candidates (36332 examples) [37.81s elapsed]
I0116 13:13:31.212180 139922397167616 make_examples_core.py:367] Task 1/8: 46094 candidates (37850 examples) [35.80s elapsed]
I0116 13:13:41.147234 139735852650496 make_examples_core.py:367] Task 0/8: 44058 candidates (37341 examples) [41.17s elapsed]
I0116 13:13:42.812516 140231777640448 make_examples_core.py:367] Task 4/8: 44067 candidates (37203 examples) [60.89s elapsed]
I0116 13:13:48.563483 139939281014784 make_examples_core.py:367] Task 2/8: 48039 candidates (39370 examples) [36.63s elapsed]
I0116 13:13:55.389405 139731388325888 make_examples_core.py:367] Task 3/8: 46030 candidates (37672 examples) [26.44s elapsed]
I0116 13:13:57.779849 139957620043776 make_examples_core.py:367] Task 7/8: 46073 candidates (37848 examples) [40.22s elapsed]
I0116 13:13:59.088241 140215033708544 make_examples_core.py:367] Task 5/8: 46031 candidates (37752 examples) [33.52s elapsed]
I0116 13:14:03.195814 140046853844992 make_examples_core.py:367] Task 6/8: 46112 candidates (37904 examples) [36.09s elapsed]
I0116 13:14:11.279593 139922397167616 make_examples_core.py:367] Task 1/8: 48008 candidates (39208 examples) [40.07s elapsed]
I0116 13:14:19.797384 139939281014784 make_examples_core.py:367] Task 2/8: 50089 candidates (40931 examples) [31.23s elapsed]
I0116 13:14:21.960460 140231777640448 make_examples_core.py:367] Task 4/8: 46055 candidates (38637 examples) [39.15s elapsed]
I0116 13:14:22.609303 139735852650496 make_examples_core.py:367] Task 0/8: 46017 candidates (38792 examples) [41.46s elapsed]
I0116 13:14:28.956254 139957620043776 make_examples_core.py:367] Task 7/8: 48010 candidates (39043 examples) [31.18s elapsed]
